Component: ARM Compiler 5.06 update 6 (build 750) Tool: armlink [4d35ed]

==============================================================================

Section Cross References

    startup_stm32f103xe.o(RESET) refers to startup_stm32f103xe.o(STACK) for __initial_sp
    startup_stm32f103xe.o(RESET) refers to startup_stm32f103xe.o(.text) for Reset_Handler
    startup_stm32f103xe.o(RESET) refers to stm32f1xx_it.o(i.NMI_Handler) for NMI_Handler
    startup_stm32f103xe.o(RESET) refers to stm32f1xx_it.o(i.HardFault_Handler) for HardFault_Handler
    startup_stm32f103xe.o(RESET) refers to stm32f1xx_it.o(i.MemManage_Handler) for MemManage_Handler
    startup_stm32f103xe.o(RESET) refers to stm32f1xx_it.o(i.BusFault_Handler) for BusFault_Handler
    startup_stm32f103xe.o(RESET) refers to stm32f1xx_it.o(i.UsageFault_Handler) for UsageFault_Handler
    startup_stm32f103xe.o(RESET) refers to port.o(.emb_text) for SVC_Handler
    startup_stm32f103xe.o(RESET) refers to stm32f1xx_it.o(i.DebugMon_Handler) for DebugMon_Handler
    startup_stm32f103xe.o(RESET) refers to port.o(i.SysTick_Handler) for SysTick_Handler
    startup_stm32f103xe.o(RESET) refers to driver_usart.o(i.USART1_IRQHandler) for USART1_IRQHandler
    startup_stm32f103xe.o(RESET) refers to stm32_uart3.o(i.USART3_IRQHandler) for USART3_IRQHandler
    startup_stm32f103xe.o(RESET) refers to driver_key.o(i.EXTI15_10_IRQHandler) for EXTI15_10_IRQHandler
    startup_stm32f103xe.o(RESET) refers to stm32f1xx_it.o(i.TIM8_UP_IRQHandler) for TIM8_UP_IRQHandler
    startup_stm32f103xe.o(.text) refers to system_stm32f1xx.o(i.SystemInit) for SystemInit
    startup_stm32f103xe.o(.text) refers to entry.o(.ARM.Collect$$$$00000000) for __main
    main.o(i.HAL_TIM_PeriodElapsedCallback) refers to stm32f1xx_hal.o(i.HAL_IncTick) for HAL_IncTick
    main.o(i.SystemClock_Config) refers to memseta.o(.text) for __aeabi_memclr4
    main.o(i.SystemClock_Config) refers to stm32f1xx_hal_rcc.o(i.HAL_RCC_OscConfig) for HAL_RCC_OscConfig
    main.o(i.SystemClock_Config) refers to main.o(i.Error_Handler) for Error_Handler
    main.o(i.SystemClock_Config) refers to stm32f1xx_hal_rcc.o(i.HAL_RCC_ClockConfig) for HAL_RCC_ClockConfig
    main.o(i.main) refers to stm32f1xx_hal.o(i.HAL_Init) for HAL_Init
    main.o(i.main) refers to main.o(i.SystemClock_Config) for SystemClock_Config
    main.o(i.main) refers to gpio.o(i.MX_GPIO_Init) for MX_GPIO_Init
    main.o(i.main) refers to usart.o(i.MX_USART1_UART_Init) for MX_USART1_UART_Init
    main.o(i.main) refers to usart.o(i.MX_USART3_UART_Init) for MX_USART3_UART_Init
    main.o(i.main) refers to driver_key.o(i.KEY_GPIO_ReInit) for KEY_GPIO_ReInit
    main.o(i.main) refers to ring_buffer.o(i.ring_buffer_init) for ring_buffer_init
    main.o(i.main) refers to stm32_uart3.o(i.UART3_Lock_Init) for UART3_Lock_Init
    main.o(i.main) refers to driver_usart.o(i.EnableDebugIRQ) for EnableDebugIRQ
    main.o(i.main) refers to driver_usart.o(i.EnableUART3IRQ) for EnableUART3IRQ
    main.o(i.main) refers to printf8.o(i.__0printf$8) for __2printf
    main.o(i.main) refers to cmsis_os2.o(i.osKernelInitialize) for osKernelInitialize
    main.o(i.main) refers to freertos.o(i.MX_FREERTOS_Init) for MX_FREERTOS_Init
    main.o(i.main) refers to at_command.o(i.ATInit) for ATInit
    main.o(i.main) refers to cmsis_os2.o(i.osKernelStart) for osKernelStart
    main.o(i.main) refers to stm32_uart3.o(i.USART3_Write) for USART3_Write
    main.o(i.main) refers to main.o(.bss) for test_buffer
    gpio.o(i.MX_GPIO_Init) refers to stm32f1xx_hal_gpio.o(i.HAL_GPIO_WritePin) for HAL_GPIO_WritePin
    gpio.o(i.MX_GPIO_Init) refers to stm32f1xx_hal_gpio.o(i.HAL_GPIO_Init) for HAL_GPIO_Init
    freertos.o(i.MX_FREERTOS_Init) refers to cmsis_os2.o(i.osThreadNew) for osThreadNew
    freertos.o(i.MX_FREERTOS_Init) refers to freertos.o(.constdata) for defaultTask_attributes
    freertos.o(i.MX_FREERTOS_Init) refers to freertos.o(i.StartDefaultTask) for StartDefaultTask
    freertos.o(i.MX_FREERTOS_Init) refers to freertos.o(.data) for defaultTaskHandle
    freertos.o(i.MX_FREERTOS_Init) refers to at_command.o(i.ATRecvParser) for ATRecvParser
    freertos.o(i.MX_FREERTOS_Init) refers to at_command.o(i.Task_ATTest) for Task_ATTest
    freertos.o(i.StartDefaultTask) refers to printf8.o(i.__0printf$8) for __2printf
    freertos.o(i.StartDefaultTask) refers to cmsis_os2.o(i.osDelay) for osDelay
    freertos.o(.constdata) refers to freertos.o(.conststring) for .conststring
    usart.o(i.HAL_UART_MspDeInit) refers to stm32f1xx_hal_gpio.o(i.HAL_GPIO_DeInit) for HAL_GPIO_DeInit
    usart.o(i.HAL_UART_MspDeInit) refers to stm32f1xx_hal_cortex.o(i.HAL_NVIC_DisableIRQ) for HAL_NVIC_DisableIRQ
    usart.o(i.HAL_UART_MspInit) refers to stm32f1xx_hal_gpio.o(i.HAL_GPIO_Init) for HAL_GPIO_Init
    usart.o(i.HAL_UART_MspInit) refers to stm32f1xx_hal_cortex.o(i.HAL_NVIC_SetPriority) for HAL_NVIC_SetPriority
[...]
    i.HAL_NVIC_SetPriorityGrouping           0x08000cbc   Section        0  stm32f1xx_hal_cortex.o(i.HAL_NVIC_SetPriorityGrouping)
    i.HAL_RCC_ClockConfig                    0x08000ce4   Section        0  stm32f1xx_hal_rcc.o(i.HAL_RCC_ClockConfig)
    i.HAL_RCC_GetClockConfig                 0x08000e70   Section        0  stm32f1xx_hal_rcc.o(i.HAL_RCC_GetClockConfig)
    i.HAL_RCC_GetHCLKFreq                    0x08000eb4   Section        0  stm32f1xx_hal_rcc.o(i.HAL_RCC_GetHCLKFreq)
    i.HAL_RCC_GetPCLK1Freq                   0x08000ec0   Section        0  stm32f1xx_hal_rcc.o(i.HAL_RCC_GetPCLK1Freq)
    i.HAL_RCC_GetPCLK2Freq                   0x08000ee0   Section        0  stm32f1xx_hal_rcc.o(i.HAL_RCC_GetPCLK2Freq)
    i.HAL_RCC_GetSysClockFreq                0x08000f00   Section        0  stm32f1xx_hal_rcc.o(i.HAL_RCC_GetSysClockFreq)
    i.HAL_RCC_OscConfig                      0x08000f94   Section        0  stm32f1xx_hal_rcc.o(i.HAL_RCC_OscConfig)
    i.HAL_TIMEx_BreakCallback                0x080013f8   Section        0  stm32f1xx_hal_tim_ex.o(i.HAL_TIMEx_BreakCallback)
    i.HAL_TIMEx_CommutCallback               0x080013fa   Section        0  stm32f1xx_hal_tim_ex.o(i.HAL_TIMEx_CommutCallback)
    i.HAL_TIM_Base_Init                      0x080013fc   Section        0  stm32f1xx_hal_tim.o(i.HAL_TIM_Base_Init)
    i.HAL_TIM_Base_MspInit                   0x08001462   Section        0  stm32f1xx_hal_tim.o(i.HAL_TIM_Base_MspInit)
    i.HAL_TIM_Base_Start_IT                  0x08001464   Section        0  stm32f1xx_hal_tim.o(i.HAL_TIM_Base_Start_IT)
    i.HAL_TIM_IC_CaptureCallback             0x080014f4   Section        0  stm32f1xx_hal_tim.o(i.HAL_TIM_IC_CaptureCallback)
    i.HAL_TIM_IRQHandler                     0x080014f6   Section        0  stm32f1xx_hal_tim.o(i.HAL_TIM_IRQHandler)
    i.HAL_TIM_OC_DelayElapsedCallback        0x0800168c   Section        0  stm32f1xx_hal_tim.o(i.HAL_TIM_OC_DelayElapsedCallback)
    i.HAL_TIM_PWM_PulseFinishedCallback      0x0800168e   Section        0  stm32f1xx_hal_tim.o(i.HAL_TIM_PWM_PulseFinishedCallback)
    i.HAL_TIM_PeriodElapsedCallback          0x08001690   Section        0  main.o(i.HAL_TIM_PeriodElapsedCallback)
    i.HAL_TIM_TriggerCallback                0x080016a8   Section        0  stm32f1xx_hal_tim.o(i.HAL_TIM_TriggerCallback)
    i.HAL_UARTEx_RxEventCallback             0x080016aa   Section        0  stm32f1xx_hal_uart.o(i.HAL_UARTEx_RxEventCallback)
    i.HAL_UART_ErrorCallback                 0x080016ac   Section        0  stm32f1xx_hal_uart.o(i.HAL_UART_ErrorCallback)
    i.HAL_UART_IRQHandler                    0x080016b0   Section        0  stm32f1xx_hal_uart.o(i.HAL_UART_IRQHandler)
    i.HAL_UART_Init                          0x080018fc   Section        0  stm32f1xx_hal_uart.o(i.HAL_UART_Init)
    i.HAL_UART_MspInit                       0x08001970   Section        0  usart.o(i.HAL_UART_MspInit)
    i.HAL_UART_RxCpltCallback                0x08001a94   Section        0  driver_usart.o(i.HAL_UART_RxCpltCallback)
    i.HAL_UART_Transmit_IT                   0x08001aac   Section        0  stm32f1xx_hal_uart.o(i.HAL_UART_Transmit_IT)
    i.HAL_UART_TxCpltCallback                0x08001b04   Section        0  driver_usart.o(i.HAL_UART_TxCpltCallback)
    i.HardFault_Handler                      0x08001b1c   Section        0  stm32f1xx_it.o(i.HardFault_Handler)
    i.KEY_GPIO_ReInit                        0x08001b20   Section        0  driver_key.o(i.KEY_GPIO_ReInit)
    i.MX_FREERTOS_Init                       0x08001ba8   Section        0  freertos.o(i.MX_FREERTOS_Init)
    i.MX_GPIO_Init                           0x08001be4   Section        0  gpio.o(i.MX_GPIO_Init)
    i.MX_USART1_UART_Init                    0x08001d04   Section        0  usart.o(i.MX_USART1_UART_Init)
    i.MX_USART3_UART_Init                    0x08001d3c   Section        0  usart.o(i.MX_USART3_UART_Init)
    i.MemManage_Handler                      0x08001d74   Section        0  stm32f1xx_it.o(i.MemManage_Handler)
    i.NMI_Handler                            0x08001d78   Section        0  stm32f1xx_it.o(i.NMI_Handler)
    i.ProcessSpecialATString                 0x08001d7c   Section        0  at_command.o(i.ProcessSpecialATString)
    ProcessSpecialATString                   0x08001d7d   Thumb Code    90  at_command.o(i.ProcessSpecialATString)
    i.RCC_Delay                              0x08001de4   Section        0  stm32f1xx_hal_rcc.o(i.RCC_Delay)
    RCC_Delay                                0x08001de5   Thumb Code    36  stm32f1xx_hal_rcc.o(i.RCC_Delay)
    i.SetATStatus                            0x08001e0c   Section        0  at_command.o(i.SetATStatus)
    i.StartDefaultTask                       0x08001e18   Section        0  freertos.o(i.StartDefaultTask)
    i.SysTick_Handler                        0x08001e3c   Section        0  port.o(i.SysTick_Handler)
    i.SystemClock_Config                     0x08001e70   Section        0  main.o(i.SystemClock_Config)
    i.SystemInit                             0x08001ed6   Section        0  system_stm32f1xx.o(i.SystemInit)
    i.TIM8_UP_IRQHandler                     0x08001ed8   Section        0  stm32f1xx_it.o(i.TIM8_UP_IRQHandler)
    i.TIM_Base_SetConfig                     0x08001ee8   Section        0  stm32f1xx_hal_tim.o(i.TIM_Base_SetConfig)
    i.Task_ATTest                            0x08001f84   Section        0  at_command.o(i.Task_ATTest)
    i.UART3_Lock_Init                        0x08001fc0   Section        0  stm32_uart3.o(i.UART3_Lock_Init)
    i.UART_DMAAbortOnError                   0x08001fe0   Section        0  stm32f1xx_hal_uart.o(i.UART_DMAAbortOnError)
    UART_DMAAbortOnError                     0x08001fe1   Thumb Code    20  stm32f1xx_hal_uart.o(i.UART_DMAAbortOnError)
    i.UART_EndRxTransfer                     0x08001ff4   Section        0  stm32f1xx_hal_uart.o(i.UART_EndRxTransfer)
    UART_EndRxTransfer                       0x08001ff5   Thumb Code    54  stm32f1xx_hal_uart.o(i.UART_EndRxTransfer)
    i.UART_EndTransmit_IT                    0x0800202a   Section        0  stm32f1xx_hal_uart.o(i.UART_EndTransmit_IT)
    UART_EndTransmit_IT                      0x0800202b   Thumb Code    32  stm32f1xx_hal_uart.o(i.UART_EndTransmit_IT)
    i.UART_Receive_IT                        0x0800204a   Section        0  stm32f1xx_hal_uart.o(i.UART_Receive_IT)
    UART_Receive_IT                          0x0800204b   Thumb Code   228  stm32f1xx_hal_uart.o(i.UART_Receive_IT)
    i.UART_SetConfig                         0x08002130   Section        0  stm32f1xx_hal_uart.o(i.UART_SetConfig)
    UART_SetConfig                           0x08002131   Thumb Code   248  stm32f1xx_hal_uart.o(i.UART_SetConfig)
    i.UART_Transmit_IT                       0x0800222c   Section        0  stm32f1xx_hal_uart.o(i.UART_Transmit_IT)
    UART_Transmit_IT                         0x0800222d   Thumb Code    96  stm32f1xx_hal_uart.o(i.UART_Transmit_IT)
    i.USART1_IRQHandler                      0x0800228c   Section        0  driver_usart.o(i.USART1_IRQHandler)
    i.USART3_IRQHandler                      0x080022c0   Section        0  stm32_uart3.o(i.USART3_IRQHandler)
    i.USART3_Read                            0x08002304   Section        0  stm32_uart3.o(i.USART3_Read)
    i.USART3_Write                           0x0800232c   Section        0  stm32_uart3.o(i.USART3_Write)
    i.UsageFault_Handler                     0x08002358   Section        0  stm32f1xx_it.o(i.UsageFault_Handler)
    i.__0printf$8                            0x0800235c   Section        0  printf8.o(i.__0printf$8)
    i.__NVIC_GetPriorityGrouping             0x0800237c   Section        0  stm32f1xx_hal_cortex.o(i.__NVIC_GetPriorityGrouping)
    __NVIC_GetPriorityGrouping               0x0800237d   Thumb Code    10  stm32f1xx_hal_cortex.o(i.__NVIC_GetPriorityGrouping)
    i.__NVIC_SetPriority                     0x0800238c   Section        0  stm32f1xx_hal_cortex.o(i.__NVIC_SetPriority)
    __NVIC_SetPriority                       0x0800238d   Thumb Code    32  stm32f1xx_hal_cortex.o(i.__NVIC_SetPriority)
    i.__get_BASEPRI                          0x080023b4   Section        0  cmsis_os2.o(i.__get_BASEPRI)
    __get_BASEPRI                            0x080023b5   Thumb Code     6  cmsis_os2.o(i.__get_BASEPRI)
    i.__get_IPSR                             0x080023ba   Section        0  cmsis_os2.o(i.__get_IPSR)
    __get_IPSR                               0x080023bb   Thumb Code     6  cmsis_os2.o(i.__get_IPSR)
    i.__get_PRIMASK                          0x080023c0   Section        0  cmsis_os2.o(i.__get_PRIMASK)
    __get_PRIMASK                            0x080023c1   Thumb Code     6  cmsis_os2.o(i.__get_PRIMASK)
    i.__scatterload_copy                     0x080023c6   Section       14  handlers.o(i.__scatterload_copy)
    i.__scatterload_null                     0x080023d4   Section        2  handlers.o(i.__scatterload_null)
    i.__scatterload_zeroinit                 0x080023d6   Section       14  handlers.o(i.__scatterload_zeroinit)
    i._printf_core                           0x080023e4   Section        0  printf8.o(i._printf_core)
    _printf_core                             0x080023e5   Thumb Code   996  printf8.o(i._printf_core)
    i._printf_post_padding                   0x080027f4   Section        0  printf8.o(i._printf_post_padding)
    _printf_post_padding                     0x080027f5   Thumb Code    36  printf8.o(i._printf_post_padding)
    i._printf_pre_padding                    0x08002818   Section        0  printf8.o(i._printf_pre_padding)
    _printf_pre_padding                      0x08002819   Thumb Code    46  printf8.o(i._printf_pre_padding)
    i.fputc                                  0x08002848   Section        0  driver_usart.o(i.fputc)
    i.main                                   0x08002874   Section        0  main.o(i.main)
    i.osDelay                                0x080028dc   Section        0  cmsis_os2.o(i.osDelay)
    i.osKernelInitialize                     0x08002914   Section        0  cmsis_os2.o(i.osKernelInitialize)
    i.osKernelStart                          0x08002954   Section        0  cmsis_os2.o(i.osKernelStart)
    i.osThreadNew                            0x08002998   Section        0  cmsis_os2.o(i.osThreadNew)
    i.platform_mutex_init                    0x08002a74   Section        0  platform_mutex.o(i.platform_mutex_init)
    i.platform_mutex_lock                    0x08002a94   Section        0  platform_mutex.o(i.platform_mutex_lock)
    i.platform_mutex_lock_timeout            0x08002aa4   Section        0  platform_mutex.o(i.platform_mutex_lock_timeout)
    i.platform_mutex_unlock                  0x08002ab4   Section        0  platform_mutex.o(i.platform_mutex_unlock)
    i.platform_mutex_unlock_from_isr         0x08002ac8   Section        0  platform_mutex.o(i.platform_mutex_unlock_from_isr)
    i.prvAddCurrentTaskToDelayedList         0x08002af8   Section        0  tasks.o(i.prvAddCurrentTaskToDelayedList)
    prvAddCurrentTaskToDelayedList           0x08002af9   Thumb Code   100  tasks.o(i.prvAddCurrentTaskToDelayedList)
    i.prvAddNewTaskToReadyList               0x08002b74   Section        0  tasks.o(i.prvAddNewTaskToReadyList)
    prvAddNewTaskToReadyList                 0x08002b75   Thumb Code   154  tasks.o(i.prvAddNewTaskToReadyList)
    i.prvCheckForValidListAndQueue           0x08002c2c   Section        0  timers.o(i.prvCheckForValidListAndQueue)
    prvCheckForValidListAndQueue             0x08002c2d   Thumb Code    78  timers.o(i.prvCheckForValidListAndQueue)
    i.prvCheckTasksWaitingTermination        0x08002ca0   Section        0  tasks.o(i.prvCheckTasksWaitingTermination)
    prvCheckTasksWaitingTermination          0x08002ca1   Thumb Code    60  tasks.o(i.prvCheckTasksWaitingTermination)
    i.prvCopyDataFromQueue                   0x08002ce8   Section        0  queue.o(i.prvCopyDataFromQueue)
    prvCopyDataFromQueue                     0x08002ce9   Thumb Code    42  queue.o(i.prvCopyDataFromQueue)
    i.prvCopyDataToQueue                     0x08002d12   Section        0  queue.o(i.prvCopyDataToQueue)
    prvCopyDataToQueue                       0x08002d13   Thumb Code   124  queue.o(i.prvCopyDataToQueue)
    i.prvDeleteTCB                           0x08002d8e   Section        0  tasks.o(i.prvDeleteTCB)
    prvDeleteTCB                             0x08002d8f   Thumb Code    80  tasks.o(i.prvDeleteTCB)
    i.prvGetDisinheritPriorityAfterTimeout   0x08002dde   Section        0  queue.o(i.prvGetDisinheritPriorityAfterTimeout)
    prvGetDisinheritPriorityAfterTimeout     0x08002ddf   Thumb Code    20  queue.o(i.prvGetDisinheritPriorityAfterTimeout)
    i.prvGetNextExpireTime                   0x08002df4   Section        0  timers.o(i.prvGetNextExpireTime)
    prvGetNextExpireTime                     0x08002df5   Thumb Code    36  timers.o(i.prvGetNextExpireTime)
    i.prvHeapInit                            0x08002e1c   Section        0  heap_4.o(i.prvHeapInit)
    prvHeapInit                              0x08002e1d   Thumb Code    98  heap_4.o(i.prvHeapInit)
    i.prvIdleTask                            0x08002e98   Section        0  tasks.o(i.prvIdleTask)
    prvIdleTask                              0x08002e99   Thumb Code    32  tasks.o(i.prvIdleTask)
    i.prvInitialiseNewQueue                  0x08002ec0   Section        0  queue.o(i.prvInitialiseNewQueue)
    prvInitialiseNewQueue                    0x08002ec1   Thumb Code    42  queue.o(i.prvInitialiseNewQueue)
    i.prvInitialiseNewTask                   0x08002eea   Section        0  tasks.o(i.prvInitialiseNewTask)
    prvInitialiseNewTask                     0x08002eeb   Thumb Code   180  tasks.o(i.prvInitialiseNewTask)
    i.prvInitialiseTaskLists                 0x08002fa0   Section        0  tasks.o(i.prvInitialiseTaskLists)
    prvInitialiseTaskLists                   0x08002fa1   Thumb Code    70  tasks.o(i.prvInitialiseTaskLists)
    i.prvInsertBlockIntoFreeList             0x08003008   Section        0  heap_4.o(i.prvInsertBlockIntoFreeList)
    prvInsertBlockIntoFreeList               0x08003009   Thumb Code    96  heap_4.o(i.prvInsertBlockIntoFreeList)
    i.prvInsertTimerInActiveList             0x08003070   Section        0  timers.o(i.prvInsertTimerInActiveList)
    prvInsertTimerInActiveList               0x08003071   Thumb Code    80  timers.o(i.prvInsertTimerInActiveList)
    i.prvIsQueueEmpty                        0x080030c8   Section        0  queue.o(i.prvIsQueueEmpty)
    prvIsQueueEmpty                          0x080030c9   Thumb Code    26  queue.o(i.prvIsQueueEmpty)
    i.prvIsQueueFull                         0x080030e2   Section        0  queue.o(i.prvIsQueueFull)
    prvIsQueueFull                           0x080030e3   Thumb Code    30  queue.o(i.prvIsQueueFull)
    i.prvProcessExpiredTimer                 0x08003100   Section        0  timers.o(i.prvProcessExpiredTimer)
    prvProcessExpiredTimer                   0x08003101   Thumb Code    94  timers.o(i.prvProcessExpiredTimer)
    i.prvProcessReceivedCommands             0x08003164   Section        0  timers.o(i.prvProcessReceivedCommands)
    prvProcessReceivedCommands               0x08003165   Thumb Code   290  timers.o(i.prvProcessReceivedCommands)
    i.prvProcessTimerOrBlockTask             0x0800328c   Section        0  timers.o(i.prvProcessTimerOrBlockTask)
    prvProcessTimerOrBlockTask               0x0800328d   Thumb Code   102  timers.o(i.prvProcessTimerOrBlockTask)
    i.prvResetNextTaskUnblockTime            0x08003300   Section        0  tasks.o(i.prvResetNextTaskUnblockTime)
    prvResetNextTaskUnblockTime              0x08003301   Thumb Code    42  tasks.o(i.prvResetNextTaskUnblockTime)
    i.prvSampleTimeNow                       0x08003334   Section        0  timers.o(i.prvSampleTimeNow)
    prvSampleTimeNow                         0x08003335   Thumb Code    40  timers.o(i.prvSampleTimeNow)
    i.prvSwitchTimerLists                    0x08003360   Section        0  timers.o(i.prvSwitchTimerLists)
    prvSwitchTimerLists                      0x08003361   Thumb Code   150  timers.o(i.prvSwitchTimerLists)
    i.prvTaskExitError                       0x08003400   Section        0  port.o(i.prvTaskExitError)
    prvTaskExitError                         0x08003401   Thumb Code    60  port.o(i.prvTaskExitError)
    i.prvTimerTask                           0x08003440   Section        0  timers.o(i.prvTimerTask)
    prvTimerTask                             0x08003441   Thumb Code    26  timers.o(i.prvTimerTask)
    i.prvUnlockQueue                         0x0800345a   Section        0  queue.o(i.prvUnlockQueue)
    prvUnlockQueue                           0x0800345b   Thumb Code   126  queue.o(i.prvUnlockQueue)
    i.pvPortMalloc                           0x080034d8   Section        0  heap_4.o(i.pvPortMalloc)
    i.pvTaskIncrementMutexHeldCount          0x08003614   Section        0  tasks.o(i.pvTaskIncrementMutexHeldCount)
    i.pxPortInitialiseStack                  0x08003634   Section        0  port.o(i.pxPortInitialiseStack)
    i.ring_buffer_init                       0x08003658   Section        0  ring_buffer.o(i.ring_buffer_init)
    i.ring_buffer_read                       0x08003664   Section        0  ring_buffer.o(i.ring_buffer_read)
    i.ring_buffer_write                      0x08003692   Section        0  ring_buffer.o(i.ring_buffer_write)
    i.uxListRemove                           0x080036b0   Section        0  list.o(i.uxListRemove)
    i.vApplicationGetIdleTaskMemory          0x080036d8   Section        0  cmsis_os2.o(i.vApplicationGetIdleTaskMemory)
    i.vApplicationGetTimerTaskMemory         0x080036f0   Section        0  cmsis_os2.o(i.vApplicationGetTimerTaskMemory)
    i.vListInitialise                        0x08003708   Section        0  list.o(i.vListInitialise)
    i.vListInitialiseItem                    0x08003722   Section        0  list.o(i.vListInitialiseItem)
    i.vListInsert                            0x08003728   Section        0  list.o(i.vListInsert)
    i.vListInsertEnd                         0x0800375c   Section        0  list.o(i.vListInsertEnd)
    i.vPortEnterCritical                     0x08003774   Section        0  port.o(i.vPortEnterCritical)
    i.vPortExitCritical                      0x080037c8   Section        0  port.o(i.vPortExitCritical)
    i.vPortFree                              0x08003804   Section        0  heap_4.o(i.vPortFree)
    i.vPortSetupTimerInterrupt               0x08003898   Section        0  port.o(i.vPortSetupTimerInterrupt)
    i.vPortValidateInterruptPriority         0x080038c0   Section        0  port.o(i.vPortValidateInterruptPriority)
    i.vQueueAddToRegistry                    0x08003938   Section        0  queue.o(i.vQueueAddToRegistry)
    i.vQueueWaitForMessageRestricted         0x08003964   Section        0  queue.o(i.vQueueWaitForMessageRestricted)
    i.vTaskDelay                             0x080039b0   Section        0  tasks.o(i.vTaskDelay)
    i.vTaskInternalSetTimeOutState           0x08003a0c   Section        0  tasks.o(i.vTaskInternalSetTimeOutState)
    i.vTaskMissedYield                       0x08003a24   Section        0  tasks.o(i.vTaskMissedYield)
    i.vTaskPlaceOnEventList                  0x08003a30   Section        0  tasks.o(i.vTaskPlaceOnEventList)
    i.vTaskPlaceOnEventListRestricted        0x08003a68   Section        0  tasks.o(i.vTaskPlaceOnEventListRestricted)
    i.vTaskPriorityDisinheritAfterTimeout    0x08003aa8   Section        0  tasks.o(i.vTaskPriorityDisinheritAfterTimeout)
    i.vTaskStartScheduler                    0x08003b78   Section        0  tasks.o(i.vTaskStartScheduler)
    i.vTaskSuspendAll                        0x08003c30   Section        0  tasks.o(i.vTaskSuspendAll)
    i.vTaskSwitchContext                     0x08003c40   Section        0  tasks.o(i.vTaskSwitchContext)
    i.xPortStartScheduler                    0x08003cd0   Section        0  port.o(i.xPortStartScheduler)
    i.xQueueGenericCreate                    0x08003dc8   Section        0  queue.o(i.xQueueGenericCreate)
    i.xQueueGenericCreateStatic              0x08003e26   Section        0  queue.o(i.xQueueGenericCreateStatic)
    i.xQueueGenericReset                     0x08003f04   Section        0  queue.o(i.xQueueGenericReset)
    i.xQueueGenericSend                      0x08003f9c   Section        0  queue.o(i.xQueueGenericSend)
    i.xQueueGenericSendFromISR               0x08004144   Section        0  queue.o(i.xQueueGenericSendFromISR)
    i.xQueueGiveFromISR                      0x0800423c   Section        0  queue.o(i.xQueueGiveFromISR)
    i.xQueueReceive                          0x0800431c   Section        0  queue.o(i.xQueueReceive)
    i.xQueueSemaphoreTake                    0x08004484   Section        0  queue.o(i.xQueueSemaphoreTake)
    i.xTaskCheckForTimeOut                   0x0800463c   Section        0  tasks.o(i.xTaskCheckForTimeOut)
    i.xTaskCreate                            0x080046c8   Section        0  tasks.o(i.xTaskCreate)
    i.xTaskCreateStatic                      0x0800472c   Section        0  tasks.o(i.xTaskCreateStatic)
    i.xTaskGetSchedulerState                 0x080047e4   Section        0  tasks.o(i.xTaskGetSchedulerState)
    i.xTaskGetTickCount                      0x08004804   Section        0  tasks.o(i.xTaskGetTickCount)
    i.xTaskIncrementTick                     0x08004810   Section        0  tasks.o(i.xTaskIncrementTick)
    i.xTaskPriorityDisinherit                0x08004954   Section        0  tasks.o(i.xTaskPriorityDisinherit)
    i.xTaskPriorityInherit                   0x080049f8   Section        0  tasks.o(i.xTaskPriorityInherit)
    i.xTaskRemoveFromEventList               0x08004a9c   Section        0  tasks.o(i.xTaskRemoveFromEventList)
    i.xTaskResumeAll                         0x08004b34   Section        0  tasks.o(i.xTaskResumeAll)
    i.xTimerCreateTimerTask                  0x08004c38   Section        0  timers.o(i.xTimerCreateTimerTask)
    i.xTimerGenericCommand                   0x08004cb0   Section        0  timers.o(i.xTimerGenericCommand)
    .constdata                               0x08004d34   Section       36  freertos.o(.constdata)
    .constdata                               0x08004d58   Section       24  system_stm32f1xx.o(.constdata)
    .conststring                             0x08004d70   Section       12  freertos.o(.conststring)
    .data                                    0x20000000   Section        4  freertos.o(.data)
    .data                                    0x20000004   Section        9  stm32f1xx_hal.o(.data)
    .data                                    0x20000010   Section        4  system_stm32f1xx.o(.data)
    .data                                    0x20000014   Section        3  driver_usart.o(.data)
    txcplt_flag                              0x20000014   Data           1  driver_usart.o(.data)
    rxcplt_flag                              0x20000015   Data           1  driver_usart.o(.data)
    rx_data                                  0x20000016   Data           1  driver_usart.o(.data)
    .data                                    0x20000017   Section        2  driver_key.o(.data)
    key1_val                                 0x20000017   Data           1  driver_key.o(.data)
    key2_val                                 0x20000018   Data           1  driver_key.o(.data)
    .data                                    0x2000001c   Section       60  tasks.o(.data)
    pxDelayedTaskList                        0x20000020   Data           4  tasks.o(.data)
    pxOverflowDelayedTaskList                0x20000024   Data           4  tasks.o(.data)
    uxDeletedTasksWaitingCleanUp             0x20000028   Data           4  tasks.o(.data)
    uxCurrentNumberOfTasks                   0x2000002c   Data           4  tasks.o(.data)
    xTickCount                               0x20000030   Data           4  tasks.o(.data)
    uxTopReadyPriority                       0x20000034   Data           4  tasks.o(.data)
    xSchedulerRunning                        0x20000038   Data           4  tasks.o(.data)
    uxPendedTicks                            0x2000003c   Data           4  tasks.o(.data)
    xYieldPending                            0x20000040   Data           4  tasks.o(.data)
    xNumOfOverflows                          0x20000044   Data           4  tasks.o(.data)
    uxTaskNumber                             0x20000048   Data           4  tasks.o(.data)
    xNextTaskUnblockTime                     0x2000004c   Data           4  tasks.o(.data)
    xIdleTaskHandle                          0x20000050   Data           4  tasks.o(.data)
    uxSchedulerSuspended                     0x20000054   Data           4  tasks.o(.data)
    .data                                    0x20000058   Section       20  timers.o(.data)
    pxCurrentTimerList                       0x20000058   Data           4  timers.o(.data)
    pxOverflowTimerList                      0x2000005c   Data           4  timers.o(.data)
    xTimerQueue                              0x20000060   Data           4  timers.o(.data)
    xTimerTaskHandle                         0x20000064   Data           4  timers.o(.data)
    xLastTime                                0x20000068   Data           4  timers.o(.data)
    .data                                    0x2000006c   Section        4  cmsis_os2.o(.data)
    KernelState                              0x2000006c   Data           4  cmsis_os2.o(.data)
    .data                                    0x20000070   Section       24  heap_4.o(.data)
    xStart                                   0x20000070   Data           8  heap_4.o(.data)
    pxEnd                                    0x20000078   Data           4  heap_4.o(.data)
    xFreeBytesRemaining                      0x2000007c   Data           4  heap_4.o(.data)
    xMinimumEverFreeBytesRemaining           0x20000080   Data           4  heap_4.o(.data)
    xBlockAllocatedBit                       0x20000084   Data           4  heap_4.o(.data)
    .data                                    0x20000088   Section       12  port.o(.data)
    uxCriticalNesting                        0x20000088   Data           4  port.o(.data)
    ucMaxSysCallPriority                     0x2000008c   Data           1  port.o(.data)
    ulMaxPRIGROUPValue                       0x20000090   Data           4  port.o(.data)
    .data                                    0x20000094   Section        4  platform_mutex.o(.data)
    xHigherPriorityTaskWoken                 0x20000094   Data           4  platform_mutex.o(.data)
    .data                                    0x20000098   Section       16  at_command.o(.data)
    at_ret_mutex                             0x20000098   Data           4  at_command.o(.data)
    at_packet_mutex                          0x2000009c   Data           4  at_command.o(.data)
    g_at_status                              0x200000a0   Data           4  at_command.o(.data)
    g_at_packet_len                          0x200000a4   Data           4  at_command.o(.data)
    .data                                    0x200000a8   Section        4  stm32_uart3.o(.data)
    uart_recv_mutex                          0x200000a8   Data           4  stm32_uart3.o(.data)
    .data                                    0x200000ac   Section        4  stdout.o(.data)
    .bss                                     0x200000b0   Section     1032  main.o(.bss)
    .bss                                     0x200004b8   Section      136  usart.o(.bss)
    .bss                                     0x20000540   Section       72  stm32f1xx_hal_timebase_tim.o(.bss)
    .bss                                     0x20000588   Section       64  queue.o(.bss)
    .bss                                     0x200005c8   Section     1220  tasks.o(.bss)
    pxReadyTasksLists                        0x200005c8   Data        1120  tasks.o(.bss)
    xDelayedTaskList1                        0x20000a28   Data          20  tasks.o(.bss)
    xDelayedTaskList2                        0x20000a3c   Data          20  tasks.o(.bss)
    xPendingReadyList                        0x20000a50   Data          20  tasks.o(.bss)
    xTasksWaitingTermination                 0x20000a64   Data          20  tasks.o(.bss)
    xSuspendedTaskList                       0x20000a78   Data          20  tasks.o(.bss)
    .bss                                     0x20000a8c   Section      280  timers.o(.bss)
    xActiveTimerList1                        0x20000a8c   Data          20  timers.o(.bss)
    xActiveTimerList2                        0x20000aa0   Data          20  timers.o(.bss)
    xStaticTimerQueue                        0x20000ab4   Data          80  timers.o(.bss)
    ucStaticTimerQueueStorage                0x20000b04   Data         160  timers.o(.bss)
    .bss                                     0x20000ba4   Section     1720  cmsis_os2.o(.bss)
    Idle_TCB                                 0x20000ba4   Data          92  cmsis_os2.o(.bss)
    Idle_Stack                               0x20000c00   Data         512  cmsis_os2.o(.bss)
    Timer_TCB                                0x20000e00   Data          92  cmsis_os2.o(.bss)
    Timer_Stack                              0x20000e5c   Data        1024  cmsis_os2.o(.bss)
    .bss                                     0x2000125c   Section     3072  heap_4.o(.bss)
    ucHeap                                   0x2000125c   Data        3072  heap_4.o(.bss)
    .bss                                     0x20001e5c   Section      200  at_command.o(.bss)
    g_at_resp                                0x20001e5c   Data         100  at_command.o(.bss)
    g_at_packet                              0x20001ec0   Data         100  at_command.o(.bss)
    .bss                                     0x20001f24   Section     1032  stm32_uart3.o(.bss)
    uart3_buffer                             0x20001f24   Data        1032  stm32_uart3.o(.bss)
    STACK                                    0x20002330   Section     1024  startup_stm32f103xe.o(STACK)

    Global Symbols

    Symbol Name                              Value     Ov Type        Size  Object(Section)

    BuildAttributes$$THM_ISAv4$P$D$K$B$S$PE$A:L22UL41UL21$X:L11$S22US41US21$IEEE1$IW$USESV6$~STKCKD$USESV7$~SHL$OSPACE$ROPI$EBA8$MICROLIB$REQ8$PRES8$EABIv2 0x00000000   Number         0  anon$$obj.o ABSOLUTE
    __ARM_use_no_argv                        0x00000000   Number         0  main.o ABSOLUTE
    _printf_a                                0x00000000   Number         0  stubs.o ABSOLUTE
    _printf_c                                0x00000000   Number         0  stubs.o ABSOLUTE
    _printf_charcount                        0x00000000   Number         0  stubs.o ABSOLUTE
    _printf_d                                0x00000000   Number         0  stubs.o ABSOLUTE
    _printf_e                                0x00000000   Number         0  stubs.o ABSOLUTE
    _printf_f                                0x00000000   Number         0  stubs.o ABSOLUTE
    _printf_flags                            0x00000000   Number         0  stubs.o ABSOLUTE
    _printf_fp_dec                           0x00000000   Number         0  stubs.o ABSOLUTE
    _printf_fp_hex                           0x00000000   Number         0  stubs.o ABSOLUTE
    _printf_g                                0x00000000   Number         0  stubs.o ABSOLUTE
    _printf_i                                0x00000000   Number         0  stubs.o ABSOLUTE
    _printf_int_dec                          0x00000000   Number         0  stubs.o ABSOLUTE
    _printf_l                                0x00000000   Number         0  stubs.o ABSOLUTE
    _printf_lc                               0x00000000   Number         0  stubs.o ABSOLUTE
    _printf_ll                               0x00000000   Number         0  stubs.o ABSOLUTE
    _printf_lld                              0x00000000   Number         0  stubs.o ABSOLUTE
    _printf_lli                              0x00000000   Number         0  stubs.o ABSOLUTE
    _printf_llo                              0x00000000   Number         0  stubs.o ABSOLUTE
    _printf_llu                              0x00000000   Number         0  stubs.o ABSOLUTE
    _printf_llx                              0x00000000   Number         0  stubs.o ABSOLUTE
    _printf_longlong_dec                     0x00000000   Number         0  stubs.o ABSOLUTE
    _printf_longlong_hex                     0x00000000   Number         0  stubs.o ABSOLUTE
    _printf_longlong_oct                     0x00000000   Number         0  stubs.o ABSOLUTE
    _printf_ls                               0x00000000   Number         0  stubs.o ABSOLUTE
    _printf_mbtowc                           0x00000000   Number         0  stubs.o ABSOLUTE
    _printf_n                                0x00000000   Number         0  stubs.o ABSOLUTE
    _printf_o                                0x00000000   Number         0  stubs.o ABSOLUTE
    _printf_p                                0x00000000   Number         0  stubs.o ABSOLUTE
    _printf_percent                          0x00000000   Number         0  stubs.o ABSOLUTE
    _printf_pre_padding                      0x00000000   Number         0  stubs.o ABSOLUTE
    _printf_return_value                     0x00000000   Number         0  stubs.o ABSOLUTE
    _printf_s                                0x00000000   Number         0  stubs.o ABSOLUTE
    _printf_sizespec                         0x00000000   Number         0  stubs.o ABSOLUTE
    _printf_str                              0x00000000   Number         0  stubs.o ABSOLUTE
    _printf_truncate_signed                  0x00000000   Number         0  stubs.o ABSOLUTE
    _printf_truncate_unsigned                0x00000000   Number         0  stubs.o ABSOLUTE
    _printf_u                                0x00000000   Number         0  stubs.o ABSOLUTE
    _printf_wc                               0x00000000   Number         0  stubs.o ABSOLUTE
    _printf_wctomb                           0x00000000   Number         0  stubs.o ABSOLUTE
    _printf_widthprec                        0x00000000   Number         0  stubs.o ABSOLUTE
    _printf_x                                0x00000000   Number         0  stubs.o ABSOLUTE
    __cpp_initialize__aeabi_                  - Undefined Weak Reference
    __cxa_finalize                            - Undefined Weak Reference
    __decompress                              - Undefined Weak Reference
    _clock_init                               - Undefined Weak Reference
    _microlib_exit                            - Undefined Weak Reference
    __Vectors_Size                           0x00000130   Number         0  startup_stm32f103xe.o ABSOLUTE
    __Vectors                                0x08000000   Data           4  startup_stm32f103xe.o(RESET)
    __Vectors_End                            0x08000130   Data           0  startup_stm32f103xe.o(RESET)
    __main                                   0x08000131   Thumb Code     0  entry.o(.ARM.Collect$$$$00000000)
    _main_stk                                0x08000131   Thumb Code     0  entry2.o(.ARM.Collect$$$$00000001)
    _main_scatterload                        0x08000135   Thumb Code     0  entry5.o(.ARM.Collect$$$$00000004)
    __main_after_scatterload                 0x08000139   Thumb Code     0  entry5.o(.ARM.Collect$$$$00000004)
    _main_clock                              0x08000139   Thumb Code     0  entry7b.o(.ARM.Collect$$$$00000008)
    _main_cpp_init                           0x08000139   Thumb Code     0  entry8b.o(.ARM.Collect$$$$0000000A)
    _main_init                               0x08000139   Thumb Code     0  entry9a.o(.ARM.Collect$$$$0000000B)
    __rt_final_cpp                           0x08000141   Thumb Code     0  entry10a.o(.ARM.Collect$$$$0000000D)
    __rt_final_exit                          0x08000141   Thumb Code     0  entry11a.o(.ARM.Collect$$$$0000000F)
    SVC_Handler                              0x08000145   Thumb Code    32  port.o(.emb_text)
    __asm___6_port_c_39a90d8d__prvStartFirstTask 0x08000169   Thumb Code    28  port.o(.emb_text)
    PendSV_Handler                           0x08000189   Thumb Code    72  port.o(.emb_text)
    vPortGetIPSR                             0x080001d5   Thumb Code     6  port.o(.emb_text)
    Reset_Handler                            0x080001dd   Thumb Code     8  startup_stm32f103xe.o(.text)
    ADC1_2_IRQHandler                        0x080001f7   Thumb Code     0  startup_stm32f103xe.o(.text)
    ADC3_IRQHandler                          0x080001f7   Thumb Code     0  startup_stm32f103xe.o(.text)
    CAN1_RX1_IRQHandler                      0x080001f7   Thumb Code     0  startup_stm32f103xe.o(.text)
    CAN1_SCE_IRQHandler                      0x080001f7   Thumb Code     0  startup_stm32f103xe.o(.text)
    DMA1_Channel1_IRQHandler                 0x080001f7   Thumb Code     0  startup_stm32f103xe.o(.text)
    DMA1_Channel2_IRQHandler                 0x080001f7   Thumb Code     0  startup_stm32f103xe.o(.text)
    DMA1_Channel3_IRQHandler                 0x080001f7   Thumb Code     0  startup_stm32f103xe.o(.text)
    DMA1_Channel4_IRQHandler                 0x080001f7   Thumb Code     0  startup_stm32f103xe.o(.text)
    DMA1_Channel5_IRQHandler                 0x080001f7   Thumb Code     0  startup_stm32f103xe.o(.text)
    DMA1_Channel6_IRQHandler                 0x080001f7   Thumb Code     0  startup_stm32f103xe.o(.text)
    DMA1_Channel7_IRQHandler                 0x080001f7   Thumb Code     0  startup_stm32f103xe.o(.text)
    DMA2_Channel1_IRQHandler                 0x080001f7   Thumb Code     0  startup_stm32f103xe.o(.text)
    DMA2_Channel2_IRQHandler                 0x080001f7   Thumb Code     0  startup_stm32f103xe.o(.text)
    DMA2_Channel3_IRQHandler                 0x080001f7   Thumb Code     0  startup_stm32f103xe.o(.text)
    DMA2_Channel4_5_IRQHandler               0x080001f7   Thumb Code     0  startup_stm32f103xe.o(.text)
    EXTI0_IRQHandler                         0x080001f7   Thumb Code     0  startup_stm32f103xe.o(.text)
    EXTI1_IRQHandler                         0x080001f7   Thumb Code     0  startup_stm32f103xe.o(.text)
    EXTI2_IRQHandler                         0x080001f7   Thumb Code     0  startup_stm32f103xe.o(.text)
    EXTI3_IRQHandler                         0x080001f7   Thumb Code     0  startup_stm32f103xe.o(.text)
    EXTI4_IRQHandler                         0x080001f7   Thumb Code     0  startup_stm32f103xe.o(.text)
    EXTI9_5_IRQHandler                       0x080001f7   Thumb Code     0  startup_stm32f103xe.o(.text)
    FLASH_IRQHandler                         0x080001f7   Thumb Code     0  startup_stm32f103xe.o(.text)
    FSMC_IRQHandler                          0x080001f7   Thumb Code     0  startup_stm32f103xe.o(.text)
    I2C1_ER_IRQHandler                       0x080001f7   Thumb Code     0  startup_stm32f103xe.o(.text)
    I2C1_EV_IRQHandler                       0x080001f7   Thumb Code     0  startup_stm32f103xe.o(.text)
    I2C2_ER_IRQHandler                       0x080001f7   Thumb Code     0  startup_stm32f103xe.o(.text)
    I2C2_EV_IRQHandler                       0x080001f7   Thumb Code     0  startup_stm32f103xe.o(.text)
    PVD_IRQHandler                           0x080001f7   Thumb Code     0  startup_stm32f103xe.o(.text)
    RCC_IRQHandler                           0x080001f7   Thumb Code     0  startup_stm32f103xe.o(.text)
    RTC_Alarm_IRQHandler                     0x080001f7   Thumb Code     0  startup_stm32f103xe.o(.text)
    RTC_IRQHandler                           0x080001f7   Thumb Code     0  startup_stm32f103xe.o(.text)
    SDIO_IRQHandler                          0x080001f7   Thumb Code     0  startup_stm32f103xe.o(.text)
    SPI1_IRQHandler                          0x080001f7   Thumb Code     0  startup_stm32f103xe.o(.text)
    SPI2_IRQHandler                          0x080001f7   Thumb Code     0  startup_stm32f103xe.o(.text)
    SPI3_IRQHandler                          0x080001f7   Thumb Code     0  startup_stm32f103xe.o(.text)
    TAMPER_IRQHandler                        0x080001f7   Thumb Code     0  startup_stm32f103xe.o(.text)
    TIM1_BRK_IRQHandler                      0x080001f7   Thumb Code     0  startup_stm32f103xe.o(.text)
    TIM1_CC_IRQHandler                       0x080001f7   Thumb Code     0  startup_stm32f103xe.o(.text)
    TIM1_TRG_COM_IRQHandler                  0x080001f7   Thumb Code     0  startup_stm32f103xe.o(.text)
    TIM1_UP_IRQHandler                       0x080001f7   Thumb Code     0  startup_stm32f103xe.o(.text)
    TIM2_IRQHandler                          0x080001f7   Thumb Code     0  startup_stm32f103xe.o(.text)
    TIM3_IRQHandler                          0x080001f7   Thumb Code     0  startup_stm32f103xe.o(.text)
    TIM4_IRQHandler                          0x080001f7   Thumb Code     0  startup_stm32f103xe.o(.text)
    TIM5_IRQHandler                          0x080001f7   Thumb Code     0  startup_stm32f103xe.o(.text)
    TIM6_IRQHandler                          0x080001f7   Thumb Code     0  startup_stm32f103xe.o(.text)
    TIM7_IRQHandler                          0x080001f7   Thumb Code     0  startup_stm32f103xe.o(.text)
    TIM8_BRK_IRQHandler                      0x080001f7   Thumb Code     0  startup_stm32f103xe.o(.text)
    TIM8_CC_IRQHandler                       0x080001f7   Thumb Code     0  startup_stm32f103xe.o(.text)
    TIM8_TRG_COM_IRQHandler                  0x080001f7   Thumb Code     0  startup_stm32f103xe.o(.text)
    UART4_IRQHandler                         0x080001f7   Thumb Code     0  startup_stm32f103xe.o(.text)
    UART5_IRQHandler                         0x080001f7   Thumb Code     0  startup_stm32f103xe.o(.text)
    USART2_IRQHandler                        0x080001f7   Thumb Code     0  startup_stm32f103xe.o(.text)
    USBWakeUp_IRQHandler                     0x080001f7   Thumb Code     0  startup_stm32f103xe.o(.text)
    USB_HP_CAN1_TX_IRQHandler                0x080001f7   Thumb Code     0  startup_stm32f103xe.o(.text)
    USB_LP_CAN1_RX0_IRQHandler               0x080001f7   Thumb Code     0  startup_stm32f103xe.o(.text)
    WWDG_IRQHandler                          0x080001f7   Thumb Code     0  startup_stm32f103xe.o(.text)
    __aeabi_llsr                             0x08000201   Thumb Code    32  llushr.o(.text)
    _ll_ushift_r                             0x08000201   Thumb Code     0  llushr.o(.text)
    __aeabi_memcpy                           0x08000221   Thumb Code    36  memcpya.o(.text)
    __aeabi_memcpy4                          0x08000221   Thumb Code     0  memcpya.o(.text)
    __aeabi_memcpy8                          0x08000221   Thumb Code     0  memcpya.o(.text)
    __aeabi_memset                           0x08000245   Thumb Code    14  memseta.o(.text)
    __aeabi_memset4                          0x08000245   Thumb Code     0  memseta.o(.text)
    __aeabi_memset8                          0x08000245   Thumb Code     0  memseta.o(.text)
    __aeabi_memclr                           0x08000253   Thumb Code     4  memseta.o(.text)
    __aeabi_memclr4                          0x08000253   Thumb Code     0  memseta.o(.text)
    __aeabi_memclr8                          0x08000253   Thumb Code     0  memseta.o(.text)
    memset                                   0x08000257   Thumb Code    18  memseta.o(.text)
    strstr                                   0x08000269   Thumb Code    36  strstr.o(.text)
    __aeabi_uldivmod                         0x0800028d   Thumb Code    98  uldiv.o(.text)
    __scatterload                            0x080002f1   Thumb Code    28  init.o(.text)
    __scatterload_rt2                        0x080002f1   Thumb Code     0  init.o(.text)
    __aeabi_llsl                             0x08000315   Thumb Code    30  llshl.o(.text)
    _ll_shift_l                              0x08000315   Thumb Code     0  llshl.o(.text)
    ATInit                                   0x08000335   Thumb Code    30  at_command.o(i.ATInit)
    ATRecvParser                             0x0800035d   Thumb Code   140  at_command.o(i.ATRecvParser)
    ATSendCmd                                0x08000401   Thumb Code    92  at_command.o(i.ATSendCmd)
    BusFault_Handler                         0x08000469   Thumb Code     4  stm32f1xx_it.o(i.BusFault_Handler)
    DebugMon_Handler                         0x0800046d   Thumb Code     2  stm32f1xx_it.o(i.DebugMon_Handler)
    EXTI15_10_IRQHandler                     0x0800046f   Thumb Code    20  driver_key.o(i.EXTI15_10_IRQHandler)
    EnableDebugIRQ                           0x08000485   Thumb Code    36  driver_usart.o(i.EnableDebugIRQ)
    EnableUART3IRQ                           0x080004ad   Thumb Code    52  driver_usart.o(i.EnableUART3IRQ)
    Error_Handler                            0x080004e5   Thumb Code     6  main.o(i.Error_Handler)
    GetATStatus                              0x080004ed   Thumb Code     6  at_command.o(i.GetATStatus)
    HAL_AT_Secv                              0x08000519   Thumb Code    16  at_uart_hal.o(i.HAL_AT_Secv)
    HAL_AT_Send                              0x08000529   Thumb Code    16  at_uart_hal.o(i.HAL_AT_Send)
    HAL_DMA_Abort                            0x08000539   Thumb Code    86  stm32f1xx_hal_dma.o(i.HAL_DMA_Abort)
    HAL_DMA_Abort_IT                         0x08000591   Thumb Code   414  stm32f1xx_hal_dma.o(i.HAL_DMA_Abort_IT)
    HAL_GPIO_EXTI_Callback                   0x08000739   Thumb Code    48  driver_key.o(i.HAL_GPIO_EXTI_Callback)
    HAL_GPIO_EXTI_IRQHandler                 0x08000775   Thumb Code    24  stm32f1xx_hal_gpio.o(i.HAL_GPIO_EXTI_IRQHandler)
    HAL_GPIO_Init                            0x08000791   Thumb Code   792  stm32f1xx_hal_gpio.o(i.HAL_GPIO_Init)
    HAL_GPIO_ReadPin                         0x08000ad1   Thumb Code    16  stm32f1xx_hal_gpio.o(i.HAL_GPIO_ReadPin)
    HAL_GPIO_WritePin                        0x08000ae1   Thumb Code    12  stm32f1xx_hal_gpio.o(i.HAL_GPIO_WritePin)
    HAL_GetTick                              0x08000aed   Thumb Code     6  stm32f1xx_hal.o(i.HAL_GetTick)
    HAL_IncTick                              0x08000af9   Thumb Code    16  stm32f1xx_hal.o(i.HAL_IncTick)
    HAL_Init                                 0x08000b11   Thumb Code    34  stm32f1xx_hal.o(i.HAL_Init)
    HAL_InitTick                             0x08000b39   Thumb Code   118  stm32f1xx_hal_timebase_tim.o(i.HAL_InitTick)
    HAL_MspInit                              0x08000bc1   Thumb Code    86  stm32f1xx_hal_msp.o(i.HAL_MspInit)
    HAL_NVIC_EnableIRQ                       0x08000c21   Thumb Code    32  stm32f1xx_hal_cortex.o(i.HAL_NVIC_EnableIRQ)
    HAL_NVIC_SetPriority                     0x08000c41   Thumb Code   124  stm32f1xx_hal_cortex.o(i.HAL_NVIC_SetPriority)
    HAL_NVIC_SetPriorityGrouping             0x08000cbd   Thumb Code    32  stm32f1xx_hal_cortex.o(i.HAL_NVIC_SetPriorityGrouping)
    HAL_RCC_ClockConfig                      0x08000ce5   Thumb Code   376  stm32f1xx_hal_rcc.o(i.HAL_RCC_ClockConfig)
    HAL_RCC_GetClockConfig                   0x08000e71   Thumb Code    58  stm32f1xx_hal_rcc.o(i.HAL_RCC_GetClockConfig)
    HAL_RCC_GetHCLKFreq                      0x08000eb5   Thumb Code     6  stm32f1xx_hal_rcc.o(i.HAL_RCC_GetHCLKFreq)
    HAL_RCC_GetPCLK1Freq                     0x08000ec1   Thumb Code    22  stm32f1xx_hal_rcc.o(i.HAL_RCC_GetPCLK1Freq)
    HAL_RCC_GetPCLK2Freq                     0x08000ee1   Thumb Code    22  stm32f1xx_hal_rcc.o(i.HAL_RCC_GetPCLK2Freq)
    HAL_RCC_GetSysClockFreq                  0x08000f01   Thumb Code   116  stm32f1xx_hal_rcc.o(i.HAL_RCC_GetSysClockFreq)
    HAL_RCC_OscConfig                        0x08000f95   Thumb Code  1114  stm32f1xx_hal_rcc.o(i.HAL_RCC_OscConfig)
    HAL_TIMEx_BreakCallback                  0x080013f9   Thumb Code     2  stm32f1xx_hal_tim_ex.o(i.HAL_TIMEx_BreakCallback)
    HAL_TIMEx_CommutCallback                 0x080013fb   Thumb Code     2  stm32f1xx_hal_tim_ex.o(i.HAL_TIMEx_CommutCallback)
    HAL_TIM_Base_Init                        0x080013fd   Thumb Code   102  stm32f1xx_hal_tim.o(i.HAL_TIM_Base_Init)
    HAL_TIM_Base_MspInit                     0x08001463   Thumb Code     2  stm32f1xx_hal_tim.o(i.HAL_TIM_Base_MspInit)
    HAL_TIM_Base_Start_IT                    0x08001465   Thumb Code   122  stm32f1xx_hal_tim.o(i.HAL_TIM_Base_Start_IT)
    HAL_TIM_IC_CaptureCallback               0x080014f5   Thumb Code     2  stm32f1xx_hal_tim.o(i.HAL_TIM_IC_CaptureCallback)
    HAL_TIM_IRQHandler                       0x080014f7   Thumb Code   406  stm32f1xx_hal_tim.o(i.HAL_TIM_IRQHandler)
    HAL_TIM_OC_DelayElapsedCallback          0x0800168d   Thumb Code     2  stm32f1xx_hal_tim.o(i.HAL_TIM_OC_DelayElapsedCallback)
    HAL_TIM_PWM_PulseFinishedCallback        0x0800168f   Thumb Code     2  stm32f1xx_hal_tim.o(i.HAL_TIM_PWM_PulseFinishedCallback)
    HAL_TIM_PeriodElapsedCallback            0x08001691   Thumb Code    18  main.o(i.HAL_TIM_PeriodElapsedCallback)
    HAL_TIM_TriggerCallback                  0x080016a9   Thumb Code     2  stm32f1xx_hal_tim.o(i.HAL_TIM_TriggerCallback)
    HAL_UARTEx_RxEventCallback               0x080016ab   Thumb Code     2  stm32f1xx_hal_uart.o(i.HAL_UARTEx_RxEventCallback)
    HAL_UART_ErrorCallback                   0x080016ad   Thumb Code     2  stm32f1xx_hal_uart.o(i.HAL_UART_ErrorCallback)
    HAL_UART_IRQHandler                      0x080016b1   Thumb Code   582  stm32f1xx_hal_uart.o(i.HAL_UART_IRQHandler)
    HAL_UART_Init                            0x080018fd   Thumb Code   114  stm32f1xx_hal_uart.o(i.HAL_UART_Init)
    HAL_UART_MspInit                         0x08001971   Thumb Code   266  usart.o(i.HAL_UART_MspInit)
    HAL_UART_RxCpltCallback                  0x08001a95   Thumb Code    16  driver_usart.o(i.HAL_UART_RxCpltCallback)
    HAL_UART_Transmit_IT                     0x08001aad   Thumb Code    88  stm32f1xx_hal_uart.o(i.HAL_UART_Transmit_IT)
    HAL_UART_TxCpltCallback                  0x08001b05   Thumb Code    16  driver_usart.o(i.HAL_UART_TxCpltCallback)
    HardFault_Handler                        0x08001b1d   Thumb Code     4  stm32f1xx_it.o(i.HardFault_Handler)
    KEY_GPIO_ReInit                          0x08001b21   Thumb Code   122  driver_key.o(i.KEY_GPIO_ReInit)
    MX_FREERTOS_Init                         0x08001ba9   Thumb Code    38  freertos.o(i.MX_FREERTOS_Init)
    MX_GPIO_Init                             0x08001be5   Thumb Code   272  gpio.o(i.MX_GPIO_Init)
    MX_USART1_UART_Init                      0x08001d05   Thumb Code    46  usart.o(i.MX_USART1_UART_Init)
    MX_USART3_UART_Init                      0x08001d3d   Thumb Code    46  usart.o(i.MX_USART3_UART_Init)
    MemManage_Handler                        0x08001d75   Thumb Code     4  stm32f1xx_it.o(i.MemManage_Handler)
    NMI_Handler                              0x08001d79   Thumb Code     4  stm32f1xx_it.o(i.NMI_Handler)
    SetATStatus                              0x08001e0d   Thumb Code     6  at_command.o(i.SetATStatus)
    StartDefaultTask                         0x08001e19   Thumb Code    16  freertos.o(i.StartDefaultTask)
    SysTick_Handler                          0x08001e3d   Thumb Code    46  port.o(i.SysTick_Handler)
    SystemClock_Config                       0x08001e71   Thumb Code   102  main.o(i.SystemClock_Config)
    SystemInit                               0x08001ed7   Thumb Code     2  system_stm32f1xx.o(i.SystemInit)
    TIM8_UP_IRQHandler                       0x08001ed9   Thumb Code    10  stm32f1xx_it.o(i.TIM8_UP_IRQHandler)
    TIM_Base_SetConfig                       0x08001ee9   Thumb Code   134  stm32f1xx_hal_tim.o(i.TIM_Base_SetConfig)
    Task_ATTest                              0x08001f85   Thumb Code    32  at_command.o(i.Task_ATTest)
    UART3_Lock_Init                          0x08001fc1   Thumb Code    22  stm32_uart3.o(i.UART3_Lock_Init)
    USART1_IRQHandler                        0x0800228d   Thumb Code    38  driver_usart.o(i.USART1_IRQHandler)
    USART3_IRQHandler                        0x080022c1   Thumb Code    54  stm32_uart3.o(i.USART3_IRQHandler)
    USART3_Read                              0x08002305   Thumb Code    30  stm32_uart3.o(i.USART3_Read)
    USART3_Write                             0x0800232d   Thumb Code    40  stm32_uart3.o(i.USART3_Write)
    UsageFault_Handler                       0x08002359   Thumb Code     4  stm32f1xx_it.o(i.UsageFault_Handler)
    __0printf$8                              0x0800235d   Thumb Code    22  printf8.o(i.__0printf$8)
    __1printf$8                              0x0800235d   Thumb Code     0  printf8.o(i.__0printf$8)
    __2printf                                0x0800235d   Thumb Code     0  printf8.o(i.__0printf$8)
    __scatterload_copy                       0x080023c7   Thumb Code    14  handlers.o(i.__scatterload_copy)
    __scatterload_null                       0x080023d5   Thumb Code     2  handlers.o(i.__scatterload_null)
    __scatterload_zeroinit                   0x080023d7   Thumb Code    14  handlers.o(i.__scatterload_zeroinit)
    fputc                                    0x08002849   Thumb Code    34  driver_usart.o(i.fputc)
    main                                     0x08002875   Thumb Code    76  main.o(i.main)
    osDelay                                  0x080028dd   Thumb Code    50  cmsis_os2.o(i.osDelay)
    osKernelInitialize                       0x08002915   Thumb Code    58  cmsis_os2.o(i.osKernelInitialize)
    osKernelStart                            0x08002955   Thumb Code    64  cmsis_os2.o(i.osKernelStart)
    osThreadNew                              0x08002999   Thumb Code   216  cmsis_os2.o(i.osThreadNew)
    platform_mutex_init                      0x08002a75   Thumb Code    32  platform_mutex.o(i.platform_mutex_init)
    platform_mutex_lock                      0x08002a95   Thumb Code    16  platform_mutex.o(i.platform_mutex_lock)
    platform_mutex_lock_timeout              0x08002aa5   Thumb Code    16  platform_mutex.o(i.platform_mutex_lock_timeout)
    platform_mutex_unlock                    0x08002ab5   Thumb Code    18  platform_mutex.o(i.platform_mutex_unlock)
    platform_mutex_unlock_from_isr           0x08002ac9   Thumb Code    38  platform_mutex.o(i.platform_mutex_unlock_from_isr)
    pvPortMalloc                             0x080034d9   Thumb Code   296  heap_4.o(i.pvPortMalloc)
    pvTaskIncrementMutexHeldCount            0x08003615   Thumb Code    26  tasks.o(i.pvTaskIncrementMutexHeldCount)
    pxPortInitialiseStack                    0x08003635   Thumb Code    30  port.o(i.pxPortInitialiseStack)
    ring_buffer_init                         0x08003659   Thumb Code    12  ring_buffer.o(i.ring_buffer_init)
    ring_buffer_read                         0x08003665   Thumb Code    46  ring_buffer.o(i.ring_buffer_read)
    ring_buffer_write                        0x08003693   Thumb Code    30  ring_buffer.o(i.ring_buffer_write)
    uxListRemove                             0x080036b1   Thumb Code    40  list.o(i.uxListRemove)
    vApplicationGetIdleTaskMemory            0x080036d9   Thumb Code    14  cmsis_os2.o(i.vApplicationGetIdleTaskMemory)
    vApplicationGetTimerTaskMemory           0x080036f1   Thumb Code    16  cmsis_os2.o(i.vApplicationGetTimerTaskMemory)
    vListInitialise                          0x08003709   Thumb Code    26  list.o(i.vListInitialise)
    vListInitialiseItem                      0x08003723   Thumb Code     6  list.o(i.vListInitialiseItem)
    vListInsert                              0x08003729   Thumb Code    52  list.o(i.vListInsert)
    vListInsertEnd                           0x0800375d   Thumb Code    24  list.o(i.vListInsertEnd)
    vPortEnterCritical                       0x08003775   Thumb Code    76  port.o(i.vPortEnterCritical)
    vPortExitCritical                        0x080037c9   Thumb Code    56  port.o(i.vPortExitCritical)
    vPortFree                                0x08003805   Thumb Code   140  heap_4.o(i.vPortFree)
    vPortSetupTimerInterrupt                 0x08003899   Thumb Code    36  port.o(i.vPortSetupTimerInterrupt)
    vPortValidateInterruptPriority           0x080038c1   Thumb Code   106  port.o(i.vPortValidateInterruptPriority)
    vQueueAddToRegistry                      0x08003939   Thumb Code    38  queue.o(i.vQueueAddToRegistry)
    vQueueWaitForMessageRestricted           0x08003965   Thumb Code    74  queue.o(i.vQueueWaitForMessageRestricted)
    vTaskDelay                               0x080039b1   Thumb Code    82  tasks.o(i.vTaskDelay)
    vTaskInternalSetTimeOutState             0x08003a0d   Thumb Code    14  tasks.o(i.vTaskInternalSetTimeOutState)
    vTaskMissedYield                         0x08003a25   Thumb Code     8  tasks.o(i.vTaskMissedYield)
    vTaskPlaceOnEventList                    0x08003a31   Thumb Code    52  tasks.o(i.vTaskPlaceOnEventList)
    vTaskPlaceOnEventListRestricted          0x08003a69   Thumb Code    60  tasks.o(i.vTaskPlaceOnEventListRestricted)
    vTaskPriorityDisinheritAfterTimeout      0x08003aa9   Thumb Code   194  tasks.o(i.vTaskPriorityDisinheritAfterTimeout)
    vTaskStartScheduler                      0x08003b79   Thumb Code   156  tasks.o(i.vTaskStartScheduler)
    vTaskSuspendAll                          0x08003c31   Thumb Code    12  tasks.o(i.vTaskSuspendAll)
    vTaskSwitchContext                       0x08003c41   Thumb Code   122  tasks.o(i.vTaskSwitchContext)
    xPortStartScheduler                      0x08003cd1   Thumb Code   228  port.o(i.xPortStartScheduler)
    xQueueGenericCreate                      0x08003dc9   Thumb Code    94  queue.o(i.xQueueGenericCreate)
    xQueueGenericCreateStatic                0x08003e27   Thumb Code   222  queue.o(i.xQueueGenericCreateStatic)
    xQueueGenericReset                       0x08003f05   Thumb Code   146  queue.o(i.xQueueGenericReset)
    xQueueGenericSend                        0x08003f9d   Thumb Code   420  queue.o(i.xQueueGenericSend)
    xQueueGenericSendFromISR                 0x08004145   Thumb Code   248  queue.o(i.xQueueGenericSendFromISR)
    xQueueGiveFromISR                        0x0800423d   Thumb Code   224  queue.o(i.xQueueGiveFromISR)
    xQueueReceive                            0x0800431d   Thumb Code   356  queue.o(i.xQueueReceive)
    xQueueSemaphoreTake                      0x08004485   Thumb Code   434  queue.o(i.xQueueSemaphoreTake)
    xTaskCheckForTimeOut                     0x0800463d   Thumb Code   132  tasks.o(i.xTaskCheckForTimeOut)
    xTaskCreate                              0x080046c9   Thumb Code   100  tasks.o(i.xTaskCreate)
    xTaskCreateStatic                        0x0800472d   Thumb Code   184  tasks.o(i.xTaskCreateStatic)
    xTaskGetSchedulerState                   0x080047e5   Thumb Code    24  tasks.o(i.xTaskGetSchedulerState)
    xTaskGetTickCount                        0x08004805   Thumb Code     6  tasks.o(i.xTaskGetTickCount)
    xTaskIncrementTick                       0x08004811   Thumb Code   280  tasks.o(i.xTaskIncrementTick)
    xTaskPriorityDisinherit                  0x08004955   Thumb Code   152  tasks.o(i.xTaskPriorityDisinherit)
    xTaskPriorityInherit                     0x080049f9   Thumb Code   150  tasks.o(i.xTaskPriorityInherit)
    xTaskRemoveFromEventList                 0x08004a9d   Thumb Code   126  tasks.o(i.xTaskRemoveFromEventList)
    xTaskResumeAll                           0x08004b35   Thumb Code   222  tasks.o(i.xTaskResumeAll)
    xTimerCreateTimerTask                    0x08004c39   Thumb Code   100  timers.o(i.xTimerCreateTimerTask)
    xTimerGenericCommand                     0x08004cb1   Thumb Code   128  timers.o(i.xTimerGenericCommand)
    defaultTask_attributes                   0x08004d34   Data          36  freertos.o(.constdata)
    AHBPrescTable                            0x08004d58   Data          16  system_stm32f1xx.o(.constdata)
    APBPrescTable                            0x08004d68   Data           8  system_stm32f1xx.o(.constdata)
    Region$$Table$$Base                      0x08004d7c   Number         0  anon$$obj.o(Region$$Table)
    Region$$Table$$Limit                     0x08004d9c   Number         0  anon$$obj.o(Region$$Table)
    defaultTaskHandle                        0x20000000   Data           4  freertos.o(.data)
    uwTick                                   0x20000004   Data           4  stm32f1xx_hal.o(.data)
    uwTickPrio                               0x20000008   Data           4  stm32f1xx_hal.o(.data)
    uwTickFreq                               0x2000000c   Data           1  stm32f1xx_hal.o(.data)
    SystemCoreClock                          0x20000010   Data           4  system_stm32f1xx.o(.data)
    pxCurrentTCB                             0x2000001c   Data           4  tasks.o(.data)
    __stdout                                 0x200000ac   Data           4  stdout.o(.data)
    test_buffer                              0x200000b0   Data        1032  main.o(.bss)
    huart1                                   0x200004b8   Data          68  usart.o(.bss)
    huart3                                   0x200004fc   Data          68  usart.o(.bss)
    htim8                                    0x20000540   Data          72  stm32f1xx_hal_timebase_tim.o(.bss)
    xQueueRegistry                           0x20000588   Data          64  queue.o(.bss)
    __initial_sp                             0x20002730   Data           0  startup_stm32f103xe.o(STACK)



==============================================================================

Memory Map of the image

  Image Entry point : 0x08000131

  Load Region LR_IROM1 (Base: 0x08000000, Size: 0x00004e4c, Max: 0x00080000, ABSOLUTE)

    Execution Region ER_IROM1 (Exec base: 0x08000000, Load base: 0x08000000, Size: 0x00004d9c, Max: 0x00080000, ABSOLUTE)

    Exec Addr    Load Addr    Size         Type   Attr      Idx    E Section Name        Object

    0x08000000   0x08000000   0x00000130   Data   RO            3    RESET               startup_stm32f103xe.o
    0x08000130   0x08000130   0x00000000   Code   RO         6126  * .ARM.Collect$$$$00000000  mc_w.l(entry.o)
    0x08000130   0x08000130   0x00000004   Code   RO         6411    .ARM.Collect$$$$00000001  mc_w.l(entry2.o)
    0x08000134   0x08000134   0x00000004   Code   RO         6414    .ARM.Collect$$$$00000004  mc_w.l(entry5.o)
    0x08000138   0x08000138   0x00000000   Code   RO         6416    .ARM.Collect$$$$00000008  mc_w.l(entry7b.o)
    0x08000138   0x08000138   0x00000000   Code   RO         6418    .ARM.Collect$$$$0000000A  mc_w.l(entry8b.o)
    0x08000138   0x08000138   0x00000008   Code   RO         6419    .ARM.Collect$$$$0000000B  mc_w.l(entry9a.o)
    0x08000140   0x08000140   0x00000000   Code   RO         6421    .ARM.Collect$$$$0000000D  mc_w.l(entry10a.o)
    0x08000140   0x08000140   0x00000000   Code   RO         6423    .ARM.Collect$$$$0000000F  mc_w.l(entry11a.o)
    0x08000140   0x08000140   0x00000004   Code   RO         6412    .ARM.Collect$$$$00002712  mc_w.l(entry2.o)
    0x08000144   0x08000144   0x00000096   Code   RO         4623    .emb_text           port.o
    0x080001da   0x080001da   0x00000002   PAD
    0x080001dc   0x080001dc   0x00000024   Code   RO            4    .text               startup_stm32f103xe.o
    0x08000200   0x08000200   0x00000020   Code   RO         6129    .text               mc_w.l(llushr.o)
    0x08000220   0x08000220   0x00000024   Code   RO         6134    .text               mc_w.l(memcpya.o)
    0x08000244   0x08000244   0x00000024   Code   RO         6138    .text               mc_w.l(memseta.o)
    0x08000268   0x08000268   0x00000024   Code   RO         6140    .text               mc_w.l(strstr.o)
    0x0800028c   0x0800028c   0x00000062   Code   RO         6428    .text               mc_w.l(uldiv.o)
    0x080002ee   0x080002ee   0x00000002   PAD
    0x080002f0   0x080002f0   0x00000024   Code   RO         6441    .text               mc_w.l(init.o)
    0x08000314   0x08000314   0x0000001e   Code   RO         6443    .text               mc_w.l(llshl.o)
    0x08000332   0x08000332   0x00000002   PAD
    0x08000334   0x08000334   0x00000028   Code   RO         5998    i.ATInit            at_command.o
    0x0800035c   0x0800035c   0x000000a4   Code   RO         6000    i.ATRecvParser      at_command.o
    0x08000400   0x08000400   0x00000068   Code   RO         6001    i.ATSendCmd         at_command.o
    0x08000468   0x08000468   0x00000004   Code   RO          333    i.BusFault_Handler  stm32f1xx_it.o
    0x0800046c   0x0800046c   0x00000002   Code   RO          334    i.DebugMon_Handler  stm32f1xx_it.o
    0x0800046e   0x0800046e   0x00000014   Code   RO         2994    i.EXTI15_10_IRQHandler  driver_key.o
    0x08000482   0x08000482   0x00000002   PAD
    0x08000484   0x08000484   0x00000028   Code   RO         2891    i.EnableDebugIRQ    driver_usart.o
    0x080004ac   0x080004ac   0x00000038   Code   RO         2892    i.EnableUART3IRQ    driver_usart.o
    0x080004e4   0x080004e4   0x00000006   Code   RO           13    i.Error_Handler     main.o
    0x080004ea   0x080004ea   0x00000002   PAD
    0x080004ec   0x080004ec   0x0000000c   Code   RO         6002    i.GetATStatus       at_command.o
    0x080004f8   0x080004f8   0x00000020   Code   RO         6003    i.GetSpecialATString  at_command.o
    0x08000518   0x08000518   0x00000010   Code   RO         6062    i.HAL_AT_Secv       at_uart_hal.o
    0x08000528   0x08000528   0x00000010   Code   RO         6063    i.HAL_AT_Send       at_uart_hal.o
    0x08000538   0x08000538   0x00000056   Code   RO          880    i.HAL_DMA_Abort     stm32f1xx_hal_dma.o
    0x0800058e   0x0800058e   0x00000002   PAD
    0x08000590   0x08000590   0x000001a8   Code   RO          881    i.HAL_DMA_Abort_IT  stm32f1xx_hal_dma.o
    0x08000738   0x08000738   0x0000003c   Code   RO         2995    i.HAL_GPIO_EXTI_Callback  driver_key.o
    0x08000774   0x08000774   0x0000001c   Code   RO          815    i.HAL_GPIO_EXTI_IRQHandler  stm32f1xx_hal_gpio.o
    0x08000790   0x08000790   0x00000340   Code   RO          816    i.HAL_GPIO_Init     stm32f1xx_hal_gpio.o
    0x08000ad0   0x08000ad0   0x00000010   Code   RO          818    i.HAL_GPIO_ReadPin  stm32f1xx_hal_gpio.o
    0x08000ae0   0x08000ae0   0x0000000c   Code   RO          820    i.HAL_GPIO_WritePin  stm32f1xx_hal_gpio.o
    0x08000aec   0x08000aec   0x0000000c   Code   RO          507    i.HAL_GetTick       stm32f1xx_hal.o
    0x08000af8   0x08000af8   0x00000018   Code   RO          513    i.HAL_IncTick       stm32f1xx_hal.o
    0x08000b10   0x08000b10   0x00000028   Code   RO          514    i.HAL_Init          stm32f1xx_hal.o
    0x08000b38   0x08000b38   0x00000088   Code   RO          421    i.HAL_InitTick      stm32f1xx_hal_timebase_tim.o
    0x08000bc0   0x08000bc0   0x00000060   Code   RO          397    i.HAL_MspInit       stm32f1xx_hal_msp.o
    0x08000c20   0x08000c20   0x00000020   Code   RO          976    i.HAL_NVIC_EnableIRQ  stm32f1xx_hal_cortex.o
    0x08000c40   0x08000c40   0x0000007c   Code   RO          982    i.HAL_NVIC_SetPriority  stm32f1xx_hal_cortex.o
    0x08000cbc   0x08000cbc   0x00000028   Code   RO          983    i.HAL_NVIC_SetPriorityGrouping  stm32f1xx_hal_cortex.o
    0x08000ce4   0x08000ce4   0x0000018c   Code   RO          671    i.HAL_RCC_ClockConfig  stm32f1xx_hal_rcc.o
    0x08000e70   0x08000e70   0x00000044   Code   RO          675    i.HAL_RCC_GetClockConfig  stm32f1xx_hal_rcc.o
    0x08000eb4   0x08000eb4   0x0000000c   Code   RO          676    i.HAL_RCC_GetHCLKFreq  stm32f1xx_hal_rcc.o
    0x08000ec0   0x08000ec0   0x00000020   Code   RO          678    i.HAL_RCC_GetPCLK1Freq  stm32f1xx_hal_rcc.o
    0x08000ee0   0x08000ee0   0x00000020   Code   RO          679    i.HAL_RCC_GetPCLK2Freq  stm32f1xx_hal_rcc.o
    0x08000f00   0x08000f00   0x00000094   Code   RO          680    i.HAL_RCC_GetSysClockFreq  stm32f1xx_hal_rcc.o
    0x08000f94   0x08000f94   0x00000464   Code   RO          683    i.HAL_RCC_OscConfig  stm32f1xx_hal_rcc.o
    0x080013f8   0x080013f8   0x00000002   Code   RO         2219    i.HAL_TIMEx_BreakCallback  stm32f1xx_hal_tim_ex.o
    0x080013fa   0x080013fa   0x00000002   Code   RO         2220    i.HAL_TIMEx_CommutCallback  stm32f1xx_hal_tim_ex.o
    0x080013fc   0x080013fc   0x00000066   Code   RO         1504    i.HAL_TIM_Base_Init  stm32f1xx_hal_tim.o
    0x08001462   0x08001462   0x00000002   Code   RO         1506    i.HAL_TIM_Base_MspInit  stm32f1xx_hal_tim.o
    0x08001464   0x08001464   0x00000090   Code   RO         1509    i.HAL_TIM_Base_Start_IT  stm32f1xx_hal_tim.o
    0x080014f4   0x080014f4   0x00000002   Code   RO         1538    i.HAL_TIM_IC_CaptureCallback  stm32f1xx_hal_tim.o
    0x080014f6   0x080014f6   0x00000196   Code   RO         1552    i.HAL_TIM_IRQHandler  stm32f1xx_hal_tim.o
    0x0800168c   0x0800168c   0x00000002   Code   RO         1555    i.HAL_TIM_OC_DelayElapsedCallback  stm32f1xx_hal_tim.o
    0x0800168e   0x0800168e   0x00000002   Code   RO         1582    i.HAL_TIM_PWM_PulseFinishedCallback  stm32f1xx_hal_tim.o
    0x08001690   0x08001690   0x00000018   Code   RO           14    i.HAL_TIM_PeriodElapsedCallback  main.o
    0x080016a8   0x080016a8   0x00000002   Code   RO         1595    i.HAL_TIM_TriggerCallback  stm32f1xx_hal_tim.o
    0x080016aa   0x080016aa   0x00000002   Code   RO         2497    i.HAL_UARTEx_RxEventCallback  stm32f1xx_hal_uart.o
    0x080016ac   0x080016ac   0x00000002   Code   RO         2511    i.HAL_UART_ErrorCallback  stm32f1xx_hal_uart.o
    0x080016ae   0x080016ae   0x00000002   PAD
    0x080016b0   0x080016b0   0x0000024c   Code   RO         2514    i.HAL_UART_IRQHandler  stm32f1xx_hal_uart.o
    0x080018fc   0x080018fc   0x00000072   Code   RO         2515    i.HAL_UART_Init     stm32f1xx_hal_uart.o
    0x0800196e   0x0800196e   0x00000002   PAD
    0x08001970   0x08001970   0x00000124   Code   RO          286    i.HAL_UART_MspInit  usart.o
    0x08001a94   0x08001a94   0x00000018   Code   RO         2893    i.HAL_UART_RxCpltCallback  driver_usart.o
    0x08001aac   0x08001aac   0x00000058   Code   RO         2525    i.HAL_UART_Transmit_IT  stm32f1xx_hal_uart.o
    0x08001b04   0x08001b04   0x00000018   Code   RO         2894    i.HAL_UART_TxCpltCallback  driver_usart.o
    0x08001b1c   0x08001b1c   0x00000004   Code   RO          335    i.HardFault_Handler  stm32f1xx_it.o
    0x08001b20   0x08001b20   0x00000088   Code   RO         2998    i.KEY_GPIO_ReInit   driver_key.o
    0x08001ba8   0x08001ba8   0x0000003c   Code   RO          236    i.MX_FREERTOS_Init  freertos.o
    0x08001be4   0x08001be4   0x00000120   Code   RO          208    i.MX_GPIO_Init      gpio.o
    0x08001d04   0x08001d04   0x00000038   Code   RO          287    i.MX_USART1_UART_Init  usart.o
    0x08001d3c   0x08001d3c   0x00000038   Code   RO          288    i.MX_USART3_UART_Init  usart.o
    0x08001d74   0x08001d74   0x00000004   Code   RO          336    i.MemManage_Handler  stm32f1xx_it.o
    0x08001d78   0x08001d78   0x00000004   Code   RO          337    i.NMI_Handler       stm32f1xx_it.o
    0x08001d7c   0x08001d7c   0x00000068   Code   RO         6004    i.ProcessSpecialATString  at_command.o
    0x08001de4   0x08001de4   0x00000028   Code   RO          684    i.RCC_Delay         stm32f1xx_hal_rcc.o
    0x08001e0c   0x08001e0c   0x0000000c   Code   RO         6005    i.SetATStatus       at_command.o
    0x08001e18   0x08001e18   0x00000024   Code   RO          237    i.StartDefaultTask  freertos.o
    0x08001e3c   0x08001e3c   0x00000034   Code   RO         4624    i.SysTick_Handler   port.o
    0x08001e70   0x08001e70   0x00000066   Code   RO           15    i.SystemClock_Config  main.o
    0x08001ed6   0x08001ed6   0x00000002   Code   RO         2854    i.SystemInit        system_stm32f1xx.o
    0x08001ed8   0x08001ed8   0x00000010   Code   RO          338    i.TIM8_UP_IRQHandler  stm32f1xx_it.o
    0x08001ee8   0x08001ee8   0x0000009c   Code   RO         1597    i.TIM_Base_SetConfig  stm32f1xx_hal_tim.o
    0x08001f84   0x08001f84   0x0000003c   Code   RO         6006    i.Task_ATTest       at_command.o
    0x08001fc0   0x08001fc0   0x00000020   Code   RO         6083    i.UART3_Lock_Init   stm32_uart3.o
    0x08001fe0   0x08001fe0   0x00000014   Code   RO         2528    i.UART_DMAAbortOnError  stm32f1xx_hal_uart.o
    0x08001ff4   0x08001ff4   0x00000036   Code   RO         2538    i.UART_EndRxTransfer  stm32f1xx_hal_uart.o
    0x0800202a   0x0800202a   0x00000020   Code   RO         2539    i.UART_EndTransmit_IT  stm32f1xx_hal_uart.o
    0x0800204a   0x0800204a   0x000000e4   Code   RO         2541    i.UART_Receive_IT   stm32f1xx_hal_uart.o
    0x0800212e   0x0800212e   0x00000002   PAD
    0x08002130   0x08002130   0x000000fc   Code   RO         2542    i.UART_SetConfig    stm32f1xx_hal_uart.o
    0x0800222c   0x0800222c   0x00000060   Code   RO         2545    i.UART_Transmit_IT  stm32f1xx_hal_uart.o
    0x0800228c   0x0800228c   0x00000034   Code   RO         2895    i.USART1_IRQHandler  driver_usart.o
    0x080022c0   0x080022c0   0x00000044   Code   RO         6084    i.USART3_IRQHandler  stm32_uart3.o
    0x08002304   0x08002304   0x00000028   Code   RO         6085    i.USART3_Read       stm32_uart3.o
    0x0800232c   0x0800232c   0x0000002c   Code   RO         6086    i.USART3_Write      stm32_uart3.o
    0x08002358   0x08002358   0x00000004   Code   RO          339    i.UsageFault_Handler  stm32f1xx_it.o
    0x0800235c   0x0800235c   0x00000020   Code   RO         6357    i.__0printf$8       mc_w.l(printf8.o)
    0x0800237c   0x0800237c   0x00000010   Code   RO          989    i.__NVIC_GetPriorityGrouping  stm32f1xx_hal_cortex.o
    0x0800238c   0x0800238c   0x00000028   Code   RO          990    i.__NVIC_SetPriority  stm32f1xx_hal_cortex.o
    0x080023b4   0x080023b4   0x00000006   Code   RO         4141    i.__get_BASEPRI     cmsis_os2.o
    0x080023ba   0x080023ba   0x00000006   Code   RO         4142    i.__get_IPSR        cmsis_os2.o
    0x080023c0   0x080023c0   0x00000006   Code   RO         4143    i.__get_PRIMASK     cmsis_os2.o
    0x080023c6   0x080023c6   0x0000000e   Code   RO         6451    i.__scatterload_copy  mc_w.l(handlers.o)
    0x080023d4   0x080023d4   0x00000002   Code   RO         6452    i.__scatterload_null  mc_w.l(handlers.o)
    0x080023d6   0x080023d6   0x0000000e   Code   RO         6453    i.__scatterload_zeroinit  mc_w.l(handlers.o)
    0x080023e4   0x080023e4   0x00000410   Code   RO         6364    i._printf_core      mc_w.l(printf8.o)
    0x080027f4   0x080027f4   0x00000024   Code   RO         6365    i._printf_post_padding  mc_w.l(printf8.o)
    0x08002818   0x08002818   0x0000002e   Code   RO         6366    i._printf_pre_padding  mc_w.l(printf8.o)
    0x08002846   0x08002846   0x00000002   PAD
    0x08002848   0x08002848   0x0000002c   Code   RO         2897    i.fputc             driver_usart.o
    0x08002874   0x08002874   0x00000068   Code   RO           16    i.main              main.o
    0x080028dc   0x080028dc   0x00000038   Code   RO         4144    i.osDelay           cmsis_os2.o
    0x08002914   0x08002914   0x00000040   Code   RO         4158    i.osKernelInitialize  cmsis_os2.o
    0x08002954   0x08002954   0x00000044   Code   RO         4161    i.osKernelStart     cmsis_os2.o
    0x08002998   0x08002998   0x000000dc   Code   RO         4195    i.osThreadNew       cmsis_os2.o
    0x08002a74   0x08002a74   0x00000020   Code   RO         5807    i.platform_mutex_init  platform_mutex.o
    0x08002a94   0x08002a94   0x00000010   Code   RO         5808    i.platform_mutex_lock  platform_mutex.o
    0x08002aa4   0x08002aa4   0x00000010   Code   RO         5809    i.platform_mutex_lock_timeout  platform_mutex.o
    0x08002ab4   0x08002ab4   0x00000012   Code   RO         5811    i.platform_mutex_unlock  platform_mutex.o
    0x08002ac6   0x08002ac6   0x00000002   PAD
    0x08002ac8   0x08002ac8   0x00000030   Code   RO         5812    i.platform_mutex_unlock_from_isr  platform_mutex.o
    0x08002af8   0x08002af8   0x0000007c   Code   RO         3616    i.prvAddCurrentTaskToDelayedList  tasks.o
    0x08002b74   0x08002b74   0x000000b8   Code   RO         3617    i.prvAddNewTaskToReadyList  tasks.o
    0x08002c2c   0x08002c2c   0x00000074   Code   RO         3977    i.prvCheckForValidListAndQueue  timers.o
    0x08002ca0   0x08002ca0   0x00000048   Code   RO         3618    i.prvCheckTasksWaitingTermination  tasks.o
    0x08002ce8   0x08002ce8   0x0000002a   Code   RO         3212    i.prvCopyDataFromQueue  queue.o
    0x08002d12   0x08002d12   0x0000007c   Code   RO         3213    i.prvCopyDataToQueue  queue.o
    0x08002d8e   0x08002d8e   0x00000050   Code   RO         3619    i.prvDeleteTCB      tasks.o
    0x08002dde   0x08002dde   0x00000014   Code   RO         3214    i.prvGetDisinheritPriorityAfterTimeout  queue.o
    0x08002df2   0x08002df2   0x00000002   PAD
    0x08002df4   0x08002df4   0x00000028   Code   RO         3978    i.prvGetNextExpireTime  timers.o
    0x08002e1c   0x08002e1c   0x0000007c   Code   RO         4574    i.prvHeapInit       heap_4.o
    0x08002e98   0x08002e98   0x00000028   Code   RO         3620    i.prvIdleTask       tasks.o
    0x08002ec0   0x08002ec0   0x0000002a   Code   RO         3216    i.prvInitialiseNewQueue  queue.o
    0x08002eea   0x08002eea   0x000000b4   Code   RO         3621    i.prvInitialiseNewTask  tasks.o
    0x08002f9e   0x08002f9e   0x00000002   PAD
    0x08002fa0   0x08002fa0   0x00000068   Code   RO         3622    i.prvInitialiseTaskLists  tasks.o
    0x08003008   0x08003008   0x00000068   Code   RO         4575    i.prvInsertBlockIntoFreeList  heap_4.o
    0x08003070   0x08003070   0x00000058   Code   RO         3980    i.prvInsertTimerInActiveList  timers.o
    0x080030c8   0x080030c8   0x0000001a   Code   RO         3217    i.prvIsQueueEmpty   queue.o
    0x080030e2   0x080030e2   0x0000001e   Code   RO         3218    i.prvIsQueueFull    queue.o
    0x08003100   0x08003100   0x00000064   Code   RO         3981    i.prvProcessExpiredTimer  timers.o
    0x08003164   0x08003164   0x00000128   Code   RO         3982    i.prvProcessReceivedCommands  timers.o
    0x0800328c   0x0800328c   0x00000074   Code   RO         3983    i.prvProcessTimerOrBlockTask  timers.o
    0x08003300   0x08003300   0x00000034   Code   RO         3624    i.prvResetNextTaskUnblockTime  tasks.o
    0x08003334   0x08003334   0x0000002c   Code   RO         3984    i.prvSampleTimeNow  timers.o
    0x08003360   0x08003360   0x000000a0   Code   RO         3985    i.prvSwitchTimerLists  timers.o
    0x08003400   0x08003400   0x00000040   Code   RO         4625    i.prvTaskExitError  port.o
    0x08003440   0x08003440   0x0000001a   Code   RO         3986    i.prvTimerTask      timers.o
    0x0800345a   0x0800345a   0x0000007e   Code   RO         3219    i.prvUnlockQueue    queue.o
    0x080034d8   0x080034d8   0x0000013c   Code   RO         4576    i.pvPortMalloc      heap_4.o
    0x08003614   0x08003614   0x00000020   Code   RO         3627    i.pvTaskIncrementMutexHeldCount  tasks.o
    0x08003634   0x08003634   0x00000024   Code   RO         4626    i.pxPortInitialiseStack  port.o
    0x08003658   0x08003658   0x0000000c   Code   RO         2958    i.ring_buffer_init  ring_buffer.o
    0x08003664   0x08003664   0x0000002e   Code   RO         2959    i.ring_buffer_read  ring_buffer.o
    0x08003692   0x08003692   0x0000001e   Code   RO         2960    i.ring_buffer_write  ring_buffer.o
    0x080036b0   0x080036b0   0x00000028   Code   RO         3172    i.uxListRemove      list.o
    0x080036d8   0x080036d8   0x00000018   Code   RO         4207    i.vApplicationGetIdleTaskMemory  cmsis_os2.o
    0x080036f0   0x080036f0   0x00000018   Code   RO         4208    i.vApplicationGetTimerTaskMemory  cmsis_os2.o
    0x08003708   0x08003708   0x0000001a   Code   RO         3173    i.vListInitialise   list.o
    0x08003722   0x08003722   0x00000006   Code   RO         3174    i.vListInitialiseItem  list.o
    0x08003728   0x08003728   0x00000034   Code   RO         3175    i.vListInsert       list.o
    0x0800375c   0x0800375c   0x00000018   Code   RO         3176    i.vListInsertEnd    list.o
    0x08003774   0x08003774   0x00000054   Code   RO         4628    i.vPortEnterCritical  port.o
    0x080037c8   0x080037c8   0x0000003c   Code   RO         4629    i.vPortExitCritical  port.o
    0x08003804   0x08003804   0x00000094   Code   RO         4577    i.vPortFree         heap_4.o
    0x08003898   0x08003898   0x00000028   Code   RO         4630    i.vPortSetupTimerInterrupt  port.o
    0x080038c0   0x080038c0   0x00000078   Code   RO         4631    i.vPortValidateInterruptPriority  port.o
    0x08003938   0x08003938   0x0000002c   Code   RO         3225    i.vQueueAddToRegistry  queue.o
    0x08003964   0x08003964   0x0000004a   Code   RO         3229    i.vQueueWaitForMessageRestricted  queue.o
    0x080039ae   0x080039ae   0x00000002   PAD
    0x080039b0   0x080039b0   0x0000005c   Code   RO         3636    i.vTaskDelay        tasks.o
    0x08003a0c   0x08003a0c   0x00000018   Code   RO         3641    i.vTaskInternalSetTimeOutState  tasks.o
    0x08003a24   0x08003a24   0x0000000c   Code   RO         3642    i.vTaskMissedYield  tasks.o
    0x08003a30   0x08003a30   0x00000038   Code   RO         3644    i.vTaskPlaceOnEventList  tasks.o
    0x08003a68   0x08003a68   0x00000040   Code   RO         3645    i.vTaskPlaceOnEventListRestricted  tasks.o
    0x08003aa8   0x08003aa8   0x000000d0   Code   RO         3647    i.vTaskPriorityDisinheritAfterTimeout  tasks.o
    0x08003b78   0x08003b78   0x000000b8   Code   RO         3653    i.vTaskStartScheduler  tasks.o
    0x08003c30   0x08003c30   0x00000010   Code   RO         3655    i.vTaskSuspendAll   tasks.o
    0x08003c40   0x08003c40   0x00000090   Code   RO         3656    i.vTaskSwitchContext  tasks.o
    0x08003cd0   0x08003cd0   0x000000f8   Code   RO         4632    i.xPortStartScheduler  port.o
    0x08003dc8   0x08003dc8   0x0000005e   Code   RO         3234    i.xQueueGenericCreate  queue.o
    0x08003e26   0x08003e26   0x000000de   Code   RO         3235    i.xQueueGenericCreateStatic  queue.o
    0x08003f04   0x08003f04   0x00000098   Code   RO         3236    i.xQueueGenericReset  queue.o
    0x08003f9c   0x08003f9c   0x000001a8   Code   RO         3237    i.xQueueGenericSend  queue.o
    0x08004144   0x08004144   0x000000f8   Code   RO         3238    i.xQueueGenericSendFromISR  queue.o
    0x0800423c   0x0800423c   0x000000e0   Code   RO         3241    i.xQueueGiveFromISR  queue.o
    0x0800431c   0x0800431c   0x00000168   Code   RO         3247    i.xQueueReceive     queue.o
    0x08004484   0x08004484   0x000001b8   Code   RO         3249    i.xQueueSemaphoreTake  queue.o
    0x0800463c   0x0800463c   0x0000008c   Code   RO         3657    i.xTaskCheckForTimeOut  tasks.o
    0x080046c8   0x080046c8   0x00000064   Code   RO         3658    i.xTaskCreate       tasks.o
    0x0800472c   0x0800472c   0x000000b8   Code   RO         3659    i.xTaskCreateStatic  tasks.o
    0x080047e4   0x080047e4   0x00000020   Code   RO         3663    i.xTaskGetSchedulerState  tasks.o
    0x08004804   0x08004804   0x0000000c   Code   RO         3664    i.xTaskGetTickCount  tasks.o
    0x08004810   0x08004810   0x00000144   Code   RO         3666    i.xTaskIncrementTick  tasks.o
    0x08004954   0x08004954   0x000000a4   Code   RO         3669    i.xTaskPriorityDisinherit  tasks.o
    0x080049f8   0x080049f8   0x000000a4   Code   RO         3670    i.xTaskPriorityInherit  tasks.o
    0x08004a9c   0x08004a9c   0x00000098   Code   RO         3671    i.xTaskRemoveFromEventList  tasks.o
    0x08004b34   0x08004b34   0x00000104   Code   RO         3672    i.xTaskResumeAll    tasks.o
    0x08004c38   0x08004c38   0x00000078   Code   RO         3993    i.xTimerCreateTimerTask  timers.o
    0x08004cb0   0x08004cb0   0x00000084   Code   RO         3994    i.xTimerGenericCommand  timers.o
    0x08004d34   0x08004d34   0x00000024   Data   RO          238    .constdata          freertos.o
    0x08004d58   0x08004d58   0x00000018   Data   RO         2855    .constdata          system_stm32f1xx.o
    0x08004d70   0x08004d70   0x0000000c   Data   RO          239    .conststring        freertos.o
    0x08004d7c   0x08004d7c   0x00000020   Data   RO         6449    Region$$Table       anon$$obj.o


    Execution Region RW_IRAM1 (Exec base: 0x20000000, Load base: 0x08004d9c, Size: 0x00002730, Max: 0x00010000, ABSOLUTE)

    Exec Addr    Load Addr    Size         Type   Attr      Idx    E Section Name        Object

    0x20000000   0x08004d9c   0x00000004   Data   RW          240    .data               freertos.o
    0x20000004   0x08004da0   0x00000009   Data   RW          521    .data               stm32f1xx_hal.o
    0x2000000d   0x08004da9   0x00000003   PAD
    0x20000010   0x08004dac   0x00000004   Data   RW         2856    .data               system_stm32f1xx.o
    0x20000014   0x08004db0   0x00000003   Data   RW         2898    .data               driver_usart.o
    0x20000017   0x08004db3   0x00000002   Data   RW         2999    .data               driver_key.o
    0x20000019   0x08004db5   0x00000003   PAD
    0x2000001c   0x08004db8   0x0000003c   Data   RW         3675    .data               tasks.o
    0x20000058   0x08004df4   0x00000014   Data   RW         4002    .data               timers.o
    0x2000006c   0x08004e08   0x00000004   Data   RW         4210    .data               cmsis_os2.o
    0x20000070   0x08004e0c   0x00000018   Data   RW         4582    .data               heap_4.o
    0x20000088   0x08004e24   0x0000000c   Data   RW         4633    .data               port.o
    0x20000094   0x08004e30   0x00000004   Data   RW         5813    .data               platform_mutex.o
    0x20000098   0x08004e34   0x00000010   Data   RW         6008    .data               at_command.o
    0x200000a8   0x08004e44   0x00000004   Data   RW         6088    .data               stm32_uart3.o
    0x200000ac   0x08004e48   0x00000004   Data   RW         6425    .data               mc_w.l(stdout.o)
    0x200000b0        -       0x00000408   Zero   RW           17    .bss                main.o
    0x200004b8        -       0x00000088   Zero   RW          289    .bss                usart.o
    0x20000540        -       0x00000048   Zero   RW          424    .bss                stm32f1xx_hal_timebase_tim.o
    0x20000588        -       0x00000040   Zero   RW         3251    .bss                queue.o
    0x200005c8        -       0x000004c4   Zero   RW         3674    .bss                tasks.o
    0x20000a8c        -       0x00000118   Zero   RW         4001    .bss                timers.o
    0x20000ba4        -       0x000006b8   Zero   RW         4209    .bss                cmsis_os2.o
    0x2000125c        -       0x00000c00   Zero   RW         4581    .bss                heap_4.o
    0x20001e5c        -       0x000000c8   Zero   RW         6007    .bss                at_command.o
    0x20001f24        -       0x00000408   Zero   RW         6087    .bss                stm32_uart3.o
    0x2000232c   0x08004e4c   0x00000004   PAD
    0x20002330        -       0x00000400   Zero   RW            1    STACK               startup_stm32f103xe.o


==============================================================================

Image component sizes


      Code (inc. data)   RO Data    RW Data    ZI Data      Debug   Object Name

       528        110          0         16        200       7242   at_command.o
        32          0          0          0          0       1488   at_uart_hal.o
       474         38          0          4       1720      17274   cmsis_os2.o
       216         26          0          2          0       3070   driver_key.o
       240         48          0          3          0       5142   driver_usart.o
         0          0          0          0          0      21044   event_groups.o
        96         42         48          4          0       5321   freertos.o
       288         16          0          0          0       1379   gpio.o
       692         62          0         24       3072       5719   heap_4.o
       148          0          0          0          0       4470   list.o
       236         34          0          0       1032     507954   main.o
       130         10          0          4          0       4495   platform_mutex.o
       854         78          0         12          0      12973   port.o
      2692         26          0          0         64      22224   queue.o
        88          0          0          0          0       2726   ring_buffer.o
        36          8        304          0       1024        948   startup_stm32f103xe.o
       184         38          0          4       1032       3443   stm32_uart3.o
        76         20          0          9          0       6298   stm32f1xx_hal.o
       252         22          0          0          0      29722   stm32f1xx_hal_cortex.o
       510         10          0          0          0       2419   stm32f1xx_hal_dma.o
       888         44          0          0          0       4810   stm32f1xx_hal_gpio.o
        96         10          0          0          0       1246   stm32f1xx_hal_msp.o
      1852        120          0          0          0       8201   stm32f1xx_hal_rcc.o
       818         44          0          0          0       7898   stm32f1xx_hal_tim.o
         4          0          0          0          0       2041   stm32f1xx_hal_tim_ex.o
       136         18          0          0         72       1987   stm32f1xx_hal_timebase_tim.o
      1476         10          0          0          0      10219   stm32f1xx_hal_uart.o
        38          6          0          0          0       4302   stm32f1xx_it.o
         0          0          0          0          0       9068   stream_buffer.o
         2          0         24          4          0       1647   system_stm32f1xx.o
      3200        380          0         60       1220      31379   tasks.o
      1238        124          0         20        280      29591   timers.o
       404         46          0          0        136       3235   usart.o

    ----------------------------------------------------------------------
     17946       1390        408        172       9856     780975   Object Totals
         0          0         32          0          0          0   (incl. Generated)
        22          0          0          6          4          0   (incl. Padding)

    ----------------------------------------------------------------------

      Code (inc. data)   RO Data    RW Data    ZI Data      Debug   Library Member Name

         0          0          0          0          0          0   entry.o
         0          0          0          0          0          0   entry10a.o
         0          0          0          0          0          0   entry11a.o
         8          4          0          0          0          0   entry2.o
         4          0          0          0          0          0   entry5.o
         0          0          0          0          0          0   entry7b.o
         0          0          0          0          0          0   entry8b.o
         8          4          0          0          0          0   entry9a.o
        30          0          0          0          0          0   handlers.o
        36          8          0          0          0         68   init.o
        30          0          0          0          0         68   llshl.o
        32          0          0          0          0         68   llushr.o
        36          0          0          0          0         68   memcpya.o
        36          0          0          0          0        108   memseta.o
      1154         54          0          0          0        352   printf8.o
         0          0          0          4          0          0   stdout.o
        36          0          0          0          0         80   strstr.o
        98          0          0          0          0         92   uldiv.o

    ----------------------------------------------------------------------
      1514         70          0          4          0        904   Library Totals
         6          0          0          0          0          0   (incl. Padding)

    ----------------------------------------------------------------------

      Code (inc. data)   RO Data    RW Data    ZI Data      Debug   Library Name

      1508         70          0          4          0        904   mc_w.l

    ----------------------------------------------------------------------
      1514         70          0          4          0        904   Library Totals

    ----------------------------------------------------------------------

==============================================================================


      Code (inc. data)   RO Data    RW Data    ZI Data      Debug   

     19460       1460        408        176       9856     772567   Grand Totals
     19460       1460        408        176       9856     772567   ELF Image Totals
     19460       1460        408        176          0          0   ROM Totals

==============================================================================

    Total RO  Size (Code + RO Data)                19868 (  19.40kB)
    Total RW  Size (RW Data + ZI Data)             10032 (   9.80kB)
    Total ROM Size (Code + RO Data + RW Data)      20044 (  19.57kB)

==============================================================================

