Component: Arm Compiler for Embedded 6.19 Tool: armlink [5e73cb00]

==============================================================================

Section Cross References

    main.o(.text.main) refers to platform.o(.text.sys_init_none) for sys_init_none
    main.o(.text.main) refers to soc_gpio.o(.text.pinmux_comp1_init) for pinmux_comp1_init
    main.o(.text.main) refers to main.o(.bss.COMP_Config) for COMP_Config
    main.o(.text.main) refers to hal_comp.o(.text.HAL_COMP_Init) for HAL_COMP_Init
    main.o(.text.main) refers to hal_comp.o(.text.HAL_COMP_Config) for HAL_COMP_Config
    main.o(.text.main) refers to hal_comp.o(.text.HAL_COMP_Start) for HAL_COMP_Start
    main.o(.text.main) refers to main.o(.bss.DACx_Hdl) for DACx_Hdl
    main.o(.text.main) refers to hal_dac.o(.text.HAL_DAC_Init) for HAL_DAC_Init
    main.o(.text.main) refers to hal_dac.o(.text.HAL_DAC_SetValue) for HAL_DAC_SetValue
    main.o(.ARM.exidx.text.main) refers to main.o(.text.main) for [Anonymous Symbol]
    main.o(.text.HAL_COMP_Callback) refers to log.o(.bss.log_output_fn) for log_output_fn
    main.o(.text.HAL_COMP_Callback) refers to main.o(.rodata.str1.1) for [Anonymous Symbol]
    main.o(.ARM.exidx.text.HAL_COMP_Callback) refers to main.o(.text.HAL_COMP_Callback) for [Anonymous Symbol]
    hal_adcv2.o(.ARM.exidx.text.HAL_ADC_VrefType_SetConfig) refers to hal_adcv2.o(.text.HAL_ADC_VrefType_SetConfig) for [Anonymous Symbol]
    hal_adcv2.o(.text.HAL_ADC_Init) refers to hal_adcv2.o(.rodata.str1.1) for .L.str
    hal_adcv2.o(.text.HAL_ADC_Init) refers to dbg.o(.text.assert) for assert
    hal_adcv2.o(.text.HAL_ADC_Init) refers to msp_adc.o(.text.HAL_ADC_MSP_Init) for HAL_ADC_MSP_Init
    hal_adcv2.o(.text.HAL_ADC_Init) refers to msp_adc.o(.text.HAL_ADC_MSP_Busy_Set) for HAL_ADC_MSP_Busy_Set
    hal_adcv2.o(.ARM.exidx.text.HAL_ADC_Init) refers to hal_adcv2.o(.text.HAL_ADC_Init) for [Anonymous Symbol]
    hal_adcv2.o(.text.HAL_ADC_DeInit) refers to hal_adcv2.o(.rodata.str1.1) for .L.str
    hal_adcv2.o(.text.HAL_ADC_DeInit) refers to dbg.o(.text.assert) for assert
    hal_adcv2.o(.text.HAL_ADC_DeInit) refers to msp_adc.o(.text.HAL_ADC_MSP_DeInit) for HAL_ADC_MSP_DeInit
    hal_adcv2.o(.text.HAL_ADC_DeInit) refers to msp_adc.o(.text.HAL_ADC_MSP_Idle_Set) for HAL_ADC_MSP_Idle_Set
    hal_adcv2.o(.text.HAL_ADC_DeInit) refers to msp_adc.o(.text.adc_channel_vbat_disable) for adc_channel_vbat_disable
    hal_adcv2.o(.ARM.exidx.text.HAL_ADC_DeInit) refers to hal_adcv2.o(.text.HAL_ADC_DeInit) for [Anonymous Symbol]
    hal_adcv2.o(.ARM.exidx.text.ADC_Enable) refers to hal_adcv2.o(.text.ADC_Enable) for [Anonymous Symbol]
    hal_adcv2.o(.text.ADC_ConversionStop_Disable) refers to systick.o(.xip_banned.systick_get_value) for systick_get_value
    hal_adcv2.o(.text.ADC_ConversionStop_Disable) refers to hal_adcv2.o(.text.adc_isenable_poll) for adc_isenable_poll
    hal_adcv2.o(.text.ADC_ConversionStop_Disable) refers to systick.o(.xip_banned.systick_poll_timeout) for systick_poll_timeout
    hal_adcv2.o(.ARM.exidx.text.ADC_ConversionStop_Disable) refers to hal_adcv2.o(.text.ADC_ConversionStop_Disable) for [Anonymous Symbol]
    hal_adcv2.o(.ARM.exidx.text.adc_isenable_poll) refers to hal_adcv2.o(.text.adc_isenable_poll) for [Anonymous Symbol]
    hal_adcv2.o(.text.HAL_ADC_ConfigChannel) refers to hal_adcv2.o(.rodata.str1.1) for .L.str
    hal_adcv2.o(.text.HAL_ADC_ConfigChannel) refers to dbg.o(.text.assert) for assert
    hal_adcv2.o(.text.HAL_ADC_ConfigChannel) refers to msp_adc.o(.text.adc_channel_vbat_enable) for adc_channel_vbat_enable
    hal_adcv2.o(.ARM.exidx.text.HAL_ADC_ConfigChannel) refers to hal_adcv2.o(.text.HAL_ADC_ConfigChannel) for [Anonymous Symbol]
    hal_adcv2.o(.text.HAL_ADCEx_InjectedConfigChannel) refers to msp_adc.o(.text.adc_channel_vbat_enable) for adc_channel_vbat_enable
    hal_adcv2.o(.ARM.exidx.text.HAL_ADCEx_InjectedConfigChannel) refers to hal_adcv2.o(.text.HAL_ADCEx_InjectedConfigChannel) for [Anonymous Symbol]
    hal_adcv2.o(.text.HAL_ADC_LoopConfigChannel) refers to msp_adc.o(.text.adc_channel_vbat_enable) for adc_channel_vbat_enable
    hal_adcv2.o(.text.HAL_ADC_LoopConfigChannel) refers to msp_adc.o(.text.HAL_AMIC_MSP_Init) for HAL_AMIC_MSP_Init
    hal_adcv2.o(.ARM.exidx.text.HAL_ADC_LoopConfigChannel) refers to hal_adcv2.o(.text.HAL_ADC_LoopConfigChannel) for [Anonymous Symbol]
    hal_adcv2.o(.ARM.exidx.text.HAL_ADC_AnalogWDGConfig) refers to hal_adcv2.o(.text.HAL_ADC_AnalogWDGConfig) for [Anonymous Symbol]
    hal_adcv2.o(.ARM.exidx.text.HAL_ADC_Start) refers to hal_adcv2.o(.text.HAL_ADC_Start) for [Anonymous Symbol]
    hal_adcv2.o(.text.HAL_ADC_Stop) refers to systick.o(.xip_banned.systick_get_value) for systick_get_value
    hal_adcv2.o(.text.HAL_ADC_Stop) refers to hal_adcv2.o(.text.adc_isenable_poll) for adc_isenable_poll
    hal_adcv2.o(.text.HAL_ADC_Stop) refers to systick.o(.xip_banned.systick_poll_timeout) for systick_poll_timeout
[...]
    Removing soc_gpio.o(.ARM.exidx.text.pinmux_ssi_deinit), (8 bytes).
    Removing soc_gpio.o(.text.pinmux_ssi_clk_deinit), (56 bytes).
    Removing soc_gpio.o(.ARM.exidx.text.pinmux_ssi_clk_deinit), (8 bytes).
    Removing soc_gpio.o(.text.pinmux_ssi_nss0_deinit), (56 bytes).
    Removing soc_gpio.o(.ARM.exidx.text.pinmux_ssi_nss0_deinit), (8 bytes).
    Removing soc_gpio.o(.text.pinmux_ssi_nss1_deinit), (56 bytes).
    Removing soc_gpio.o(.ARM.exidx.text.pinmux_ssi_nss1_deinit), (8 bytes).
    Removing soc_gpio.o(.text.pinmux_ssi_dq0_deinit), (56 bytes).
    Removing soc_gpio.o(.ARM.exidx.text.pinmux_ssi_dq0_deinit), (8 bytes).
    Removing soc_gpio.o(.text.pinmux_ssi_dq1_deinit), (56 bytes).
    Removing soc_gpio.o(.ARM.exidx.text.pinmux_ssi_dq1_deinit), (8 bytes).
    Removing soc_gpio.o(.text.pinmux_ssi_dq2_deinit), (56 bytes).
    Removing soc_gpio.o(.ARM.exidx.text.pinmux_ssi_dq2_deinit), (8 bytes).
    Removing soc_gpio.o(.text.pinmux_ssi_dq3_deinit), (56 bytes).
    Removing soc_gpio.o(.ARM.exidx.text.pinmux_ssi_dq3_deinit), (8 bytes).
    Removing soc_gpio.o(.text.pinmux_touchkey_cmod_init), (14 bytes).
    Removing soc_gpio.o(.ARM.exidx.text.pinmux_touchkey_cmod_init), (8 bytes).
    Removing soc_gpio.o(.text.pinmux_touchkey_cmod_deinit), (14 bytes).
    Removing soc_gpio.o(.ARM.exidx.text.pinmux_touchkey_cmod_deinit), (8 bytes).
    Removing soc_gpio.o(.text.pinmux_touchkey_ch0_init), (14 bytes).
    Removing soc_gpio.o(.ARM.exidx.text.pinmux_touchkey_ch0_init), (8 bytes).
    Removing soc_gpio.o(.text.pinmux_touchkey_ch0_deinit), (14 bytes).
    Removing soc_gpio.o(.ARM.exidx.text.pinmux_touchkey_ch0_deinit), (8 bytes).
    Removing soc_gpio.o(.text.pinmux_touchkey_ch1_init), (14 bytes).
    Removing soc_gpio.o(.ARM.exidx.text.pinmux_touchkey_ch1_init), (8 bytes).
    Removing soc_gpio.o(.text.pinmux_touchkey_ch1_deinit), (14 bytes).
    Removing soc_gpio.o(.ARM.exidx.text.pinmux_touchkey_ch1_deinit), (8 bytes).
    Removing soc_gpio.o(.text.pinmux_touchkey_ch2_init), (14 bytes).
    Removing soc_gpio.o(.ARM.exidx.text.pinmux_touchkey_ch2_init), (8 bytes).
    Removing soc_gpio.o(.text.pinmux_touchkey_ch2_deinit), (14 bytes).
    Removing soc_gpio.o(.ARM.exidx.text.pinmux_touchkey_ch2_deinit), (8 bytes).
    Removing soc_gpio.o(.text.pinmux_touchkey_ch3_init), (14 bytes).
    Removing soc_gpio.o(.ARM.exidx.text.pinmux_touchkey_ch3_init), (8 bytes).
    Removing soc_gpio.o(.text.pinmux_touchkey_ch3_deinit), (14 bytes).
    Removing soc_gpio.o(.ARM.exidx.text.pinmux_touchkey_ch3_deinit), (8 bytes).
    Removing soc_gpio.o(.text.pinmux_touchkey_ch4_init), (14 bytes).
    Removing soc_gpio.o(.ARM.exidx.text.pinmux_touchkey_ch4_init), (8 bytes).
    Removing soc_gpio.o(.text.pinmux_touchkey_ch4_deinit), (14 bytes).
    Removing soc_gpio.o(.ARM.exidx.text.pinmux_touchkey_ch4_deinit), (8 bytes).
    Removing soc_gpio.o(.text.pinmux_touchkey_ch5_init), (14 bytes).
    Removing soc_gpio.o(.ARM.exidx.text.pinmux_touchkey_ch5_init), (8 bytes).
    Removing soc_gpio.o(.text.pinmux_touchkey_ch5_deinit), (14 bytes).
    Removing soc_gpio.o(.ARM.exidx.text.pinmux_touchkey_ch5_deinit), (8 bytes).
    Removing soc_gpio.o(.text.pinmux_touchkey_ch6_init), (14 bytes).
    Removing soc_gpio.o(.ARM.exidx.text.pinmux_touchkey_ch6_init), (8 bytes).
    Removing soc_gpio.o(.text.pinmux_touchkey_ch6_deinit), (14 bytes).
    Removing soc_gpio.o(.ARM.exidx.text.pinmux_touchkey_ch6_deinit), (8 bytes).
    Removing soc_gpio.o(.text.pinmux_touchkey_ch7_init), (14 bytes).
    Removing soc_gpio.o(.ARM.exidx.text.pinmux_touchkey_ch7_init), (8 bytes).
    Removing soc_gpio.o(.text.pinmux_touchkey_ch7_deinit), (14 bytes).
    Removing soc_gpio.o(.ARM.exidx.text.pinmux_touchkey_ch7_deinit), (8 bytes).
    Removing soc_gpio.o(.text.pinmux_touchkey_ch8_init), (14 bytes).
    Removing soc_gpio.o(.ARM.exidx.text.pinmux_touchkey_ch8_init), (8 bytes).
    Removing soc_gpio.o(.text.pinmux_touchkey_ch8_deinit), (14 bytes).
    Removing soc_gpio.o(.ARM.exidx.text.pinmux_touchkey_ch8_deinit), (8 bytes).
    Removing soc_gpio.o(.text.pinmux_touchkey_ch9_init), (14 bytes).
    Removing soc_gpio.o(.ARM.exidx.text.pinmux_touchkey_ch9_init), (8 bytes).
    Removing soc_gpio.o(.text.pinmux_touchkey_ch9_deinit), (14 bytes).
    Removing soc_gpio.o(.ARM.exidx.text.pinmux_touchkey_ch9_deinit), (8 bytes).
    Removing soc_gpio.o(.text.pinmux_touchkey_ch10_init), (14 bytes).
    Removing soc_gpio.o(.ARM.exidx.text.pinmux_touchkey_ch10_init), (8 bytes).
    Removing soc_gpio.o(.text.pinmux_touchkey_ch10_deinit), (14 bytes).
    Removing soc_gpio.o(.ARM.exidx.text.pinmux_touchkey_ch10_deinit), (8 bytes).
    Removing soc_gpio.o(.text.pinmux_touchkey_ch11_init), (14 bytes).
    Removing soc_gpio.o(.ARM.exidx.text.pinmux_touchkey_ch11_init), (8 bytes).
    Removing soc_gpio.o(.text.pinmux_touchkey_ch11_deinit), (14 bytes).
    Removing soc_gpio.o(.ARM.exidx.text.pinmux_touchkey_ch11_deinit), (8 bytes).
    Removing soc_gpio.o(.text.pinmux_touchkey_ch12_init), (14 bytes).
    Removing soc_gpio.o(.ARM.exidx.text.pinmux_touchkey_ch12_init), (8 bytes).
    Removing soc_gpio.o(.text.pinmux_touchkey_ch12_deinit), (14 bytes).
    Removing soc_gpio.o(.ARM.exidx.text.pinmux_touchkey_ch12_deinit), (8 bytes).
    Removing soc_gpio.o(.text.pinmux_touchkey_ch13_init), (14 bytes).
    Removing soc_gpio.o(.ARM.exidx.text.pinmux_touchkey_ch13_init), (8 bytes).
    Removing soc_gpio.o(.text.pinmux_touchkey_ch13_deinit), (14 bytes).
    Removing soc_gpio.o(.ARM.exidx.text.pinmux_touchkey_ch13_deinit), (8 bytes).
    Removing soc_gpio.o(.text.pinmux_touchkey_ch14_init), (14 bytes).
    Removing soc_gpio.o(.ARM.exidx.text.pinmux_touchkey_ch14_init), (8 bytes).
    Removing soc_gpio.o(.text.pinmux_touchkey_ch14_deinit), (14 bytes).
    Removing soc_gpio.o(.ARM.exidx.text.pinmux_touchkey_ch14_deinit), (8 bytes).
    Removing soc_gpio.o(.text.pinmux_touchkey_ch15_init), (14 bytes).
    Removing soc_gpio.o(.ARM.exidx.text.pinmux_touchkey_ch15_init), (8 bytes).
    Removing soc_gpio.o(.text.pinmux_touchkey_ch15_deinit), (14 bytes).
    Removing soc_gpio.o(.ARM.exidx.text.pinmux_touchkey_ch15_deinit), (8 bytes).
    Removing soc_gpio.o(.text.gpio_ana_func1_init), (36 bytes).
    Removing soc_gpio.o(.ARM.exidx.text.gpio_ana_func1_init), (8 bytes).
    Removing soc_gpio.o(.text.gpio_ana_deinit), (52 bytes).
    Removing soc_gpio.o(.ARM.exidx.text.gpio_ana_deinit), (8 bytes).
    Removing soc_gpio.o(.text.gpio_ana_func2_init), (36 bytes).
    Removing soc_gpio.o(.ARM.exidx.text.gpio_ana_func2_init), (8 bytes).
    Removing soc_gpio.o(.text.gpio_ana_func2_deinit), (58 bytes).
    Removing soc_gpio.o(.ARM.exidx.text.gpio_ana_func2_deinit), (8 bytes).
    Removing soc_gpio.o(.text.pinmux_adc1_in0_init), (18 bytes).
    Removing soc_gpio.o(.ARM.exidx.text.pinmux_adc1_in0_init), (8 bytes).
    Removing soc_gpio.o(.text.pinmux_adc1_in0_deinit), (34 bytes).
    Removing soc_gpio.o(.ARM.exidx.text.pinmux_adc1_in0_deinit), (8 bytes).
    Removing soc_gpio.o(.text.pinmux_adc1_in1_init), (18 bytes).
    Removing soc_gpio.o(.ARM.exidx.text.pinmux_adc1_in1_init), (8 bytes).
    Removing soc_gpio.o(.text.pinmux_adc1_in1_deinit), (34 bytes).
    Removing soc_gpio.o(.ARM.exidx.text.pinmux_adc1_in1_deinit), (8 bytes).
    Removing soc_gpio.o(.text.pinmux_adc1_in2_init), (18 bytes).
    Removing soc_gpio.o(.ARM.exidx.text.pinmux_adc1_in2_init), (8 bytes).
    Removing soc_gpio.o(.text.pinmux_adc1_in2_deinit), (34 bytes).
    Removing soc_gpio.o(.ARM.exidx.text.pinmux_adc1_in2_deinit), (8 bytes).
    Removing soc_gpio.o(.text.pinmux_adc1_in3_init), (18 bytes).
    Removing soc_gpio.o(.ARM.exidx.text.pinmux_adc1_in3_init), (8 bytes).
    Removing soc_gpio.o(.text.pinmux_adc1_in3_deinit), (34 bytes).
    Removing soc_gpio.o(.ARM.exidx.text.pinmux_adc1_in3_deinit), (8 bytes).
    Removing soc_gpio.o(.text.pinmux_adc1_in4_init), (18 bytes).
    Removing soc_gpio.o(.ARM.exidx.text.pinmux_adc1_in4_init), (8 bytes).
    Removing soc_gpio.o(.text.pinmux_adc1_in4_deinit), (34 bytes).
    Removing soc_gpio.o(.ARM.exidx.text.pinmux_adc1_in4_deinit), (8 bytes).
    Removing soc_gpio.o(.text.pinmux_adc1_in5_init), (18 bytes).
    Removing soc_gpio.o(.ARM.exidx.text.pinmux_adc1_in5_init), (8 bytes).
    Removing soc_gpio.o(.text.pinmux_adc1_in5_deinit), (34 bytes).
    Removing soc_gpio.o(.ARM.exidx.text.pinmux_adc1_in5_deinit), (8 bytes).
    Removing soc_gpio.o(.text.pinmux_adc1_in6_init), (18 bytes).
    Removing soc_gpio.o(.ARM.exidx.text.pinmux_adc1_in6_init), (8 bytes).
    Removing soc_gpio.o(.text.pinmux_adc1_in6_deinit), (34 bytes).
    Removing soc_gpio.o(.ARM.exidx.text.pinmux_adc1_in6_deinit), (8 bytes).
    Removing soc_gpio.o(.text.pinmux_adc1_in7_init), (18 bytes).
    Removing soc_gpio.o(.ARM.exidx.text.pinmux_adc1_in7_init), (8 bytes).
    Removing soc_gpio.o(.text.pinmux_adc1_in7_deinit), (34 bytes).
    Removing soc_gpio.o(.ARM.exidx.text.pinmux_adc1_in7_deinit), (8 bytes).
    Removing soc_gpio.o(.text.pinmux_adc2_in0_init), (18 bytes).
    Removing soc_gpio.o(.ARM.exidx.text.pinmux_adc2_in0_init), (8 bytes).
    Removing soc_gpio.o(.text.pinmux_adc2_in0_deinit), (34 bytes).
    Removing soc_gpio.o(.ARM.exidx.text.pinmux_adc2_in0_deinit), (8 bytes).
    Removing soc_gpio.o(.text.pinmux_adc2_in1_init), (18 bytes).
    Removing soc_gpio.o(.ARM.exidx.text.pinmux_adc2_in1_init), (8 bytes).
    Removing soc_gpio.o(.text.pinmux_adc2_in1_deinit), (34 bytes).
    Removing soc_gpio.o(.ARM.exidx.text.pinmux_adc2_in1_deinit), (8 bytes).
    Removing soc_gpio.o(.text.pinmux_adc2_in2_init), (18 bytes).
    Removing soc_gpio.o(.ARM.exidx.text.pinmux_adc2_in2_init), (8 bytes).
    Removing soc_gpio.o(.text.pinmux_adc2_in2_deinit), (34 bytes).
    Removing soc_gpio.o(.ARM.exidx.text.pinmux_adc2_in2_deinit), (8 bytes).
    Removing soc_gpio.o(.text.pinmux_adc2_in3_init), (18 bytes).
    Removing soc_gpio.o(.ARM.exidx.text.pinmux_adc2_in3_init), (8 bytes).
    Removing soc_gpio.o(.text.pinmux_adc2_in3_deinit), (34 bytes).
    Removing soc_gpio.o(.ARM.exidx.text.pinmux_adc2_in3_deinit), (8 bytes).
    Removing soc_gpio.o(.text.pinmux_adc2_in4_init), (18 bytes).
    Removing soc_gpio.o(.ARM.exidx.text.pinmux_adc2_in4_init), (8 bytes).
    Removing soc_gpio.o(.text.pinmux_adc2_in4_deinit), (34 bytes).
    Removing soc_gpio.o(.ARM.exidx.text.pinmux_adc2_in4_deinit), (8 bytes).
    Removing soc_gpio.o(.text.pinmux_adc2_in5_init), (18 bytes).
    Removing soc_gpio.o(.ARM.exidx.text.pinmux_adc2_in5_init), (8 bytes).
    Removing soc_gpio.o(.text.pinmux_adc2_in5_deinit), (34 bytes).
    Removing soc_gpio.o(.ARM.exidx.text.pinmux_adc2_in5_deinit), (8 bytes).
    Removing soc_gpio.o(.text.pinmux_adc2_in6_init), (18 bytes).
    Removing soc_gpio.o(.ARM.exidx.text.pinmux_adc2_in6_init), (8 bytes).
    Removing soc_gpio.o(.text.pinmux_adc2_in6_deinit), (34 bytes).
    Removing soc_gpio.o(.ARM.exidx.text.pinmux_adc2_in6_deinit), (8 bytes).
    Removing soc_gpio.o(.text.pinmux_adc2_in7_init), (18 bytes).
    Removing soc_gpio.o(.ARM.exidx.text.pinmux_adc2_in7_init), (8 bytes).
    Removing soc_gpio.o(.text.pinmux_adc2_in7_deinit), (34 bytes).
    Removing soc_gpio.o(.ARM.exidx.text.pinmux_adc2_in7_deinit), (8 bytes).
    Removing soc_gpio.o(.text.pinmux_amic_init), (18 bytes).
    Removing soc_gpio.o(.ARM.exidx.text.pinmux_amic_init), (8 bytes).
    Removing soc_gpio.o(.text.pinmux_amic_deinit), (34 bytes).
    Removing soc_gpio.o(.ARM.exidx.text.pinmux_amic_deinit), (8 bytes).
    Removing soc_gpio.o(.text.pinmux_dac1_init), (18 bytes).
    Removing soc_gpio.o(.ARM.exidx.text.pinmux_dac1_init), (8 bytes).
    Removing soc_gpio.o(.text.pinmux_dac1_deinit), (34 bytes).
    Removing soc_gpio.o(.ARM.exidx.text.pinmux_dac1_deinit), (8 bytes).
    Removing soc_gpio.o(.text.pinmux_dac2_init), (18 bytes).
    Removing soc_gpio.o(.ARM.exidx.text.pinmux_dac2_init), (8 bytes).
    Removing soc_gpio.o(.text.pinmux_dac2_deinit), (34 bytes).
    Removing soc_gpio.o(.ARM.exidx.text.pinmux_dac2_deinit), (8 bytes).
    Removing soc_gpio.o(.text.pinmux_bxcan_init), (256 bytes).
    Removing soc_gpio.o(.ARM.exidx.text.pinmux_bxcan_init), (8 bytes).
    Removing soc_gpio.o(.text.pinmux_bxcan_deinit), (102 bytes).
    Removing soc_gpio.o(.ARM.exidx.text.pinmux_bxcan_deinit), (8 bytes).
    Removing soc_gpio.o(.text.pinmux_usb_init), (144 bytes).
    Removing soc_gpio.o(.ARM.exidx.text.pinmux_usb_init), (8 bytes).
    Removing soc_gpio.o(.text.pinmux_usb_deinit), (26 bytes).
    Removing soc_gpio.o(.ARM.exidx.text.pinmux_usb_deinit), (8 bytes).
    Removing soc_gpio.o(.ARM.exidx.text.pinmux_comp1_init), (8 bytes).
    Removing soc_gpio.o(.text.pinmux_comp1_deinit), (56 bytes).
    Removing soc_gpio.o(.ARM.exidx.text.pinmux_comp1_deinit), (8 bytes).
    Removing soc_gpio.o(.text.pinmux_comp2_init), (152 bytes).
    Removing soc_gpio.o(.ARM.exidx.text.pinmux_comp2_init), (8 bytes).
    Removing soc_gpio.o(.text.pinmux_comp2_deinit), (56 bytes).
    Removing soc_gpio.o(.ARM.exidx.text.pinmux_comp2_deinit), (8 bytes).
    Removing soc_gpio.o(.text.pinmux_comp3_init), (152 bytes).
    Removing soc_gpio.o(.ARM.exidx.text.pinmux_comp3_init), (8 bytes).
    Removing soc_gpio.o(.text.pinmux_comp3_deinit), (56 bytes).
    Removing soc_gpio.o(.ARM.exidx.text.pinmux_comp3_deinit), (8 bytes).
    Removing soc_gpio.o(.bss.iic1_scl), (1 bytes).
    Removing soc_gpio.o(.bss.iic1_sda), (1 bytes).
    Removing soc_gpio.o(.bss.iic2_scl), (1 bytes).
    Removing soc_gpio.o(.bss.iic2_sda), (1 bytes).
    Removing soc_gpio.o(.bss.iic3_scl), (1 bytes).
    Removing soc_gpio.o(.bss.iic3_sda), (1 bytes).
    Removing soc_gpio.o(.bss.uart1_txd), (1 bytes).
    Removing soc_gpio.o(.bss.uart1_ck), (1 bytes).
    Removing soc_gpio.o(.bss.uart1_rxd), (1 bytes).
    Removing soc_gpio.o(.bss.uart1_rtsn), (1 bytes).
    Removing soc_gpio.o(.bss.uart1_ctsn), (1 bytes).
    Removing soc_gpio.o(.bss.uart2_txd), (1 bytes).
    Removing soc_gpio.o(.bss.uart2_rxd), (1 bytes).
    Removing soc_gpio.o(.bss.uart3_txd), (1 bytes).
    Removing soc_gpio.o(.bss.uart3_rxd), (1 bytes).
    Removing soc_gpio.o(.bss.uart4_txd), (1 bytes).
    Removing soc_gpio.o(.bss.uart4_rxd), (1 bytes).
    Removing soc_gpio.o(.bss.uart5_txd), (1 bytes).
    Removing soc_gpio.o(.bss.uart5_rxd), (1 bytes).
    Removing soc_gpio.o(.bss.adtim1_ch1.0), (1 bytes).
    Removing soc_gpio.o(.bss.adtim1_ch2.0), (1 bytes).
    Removing soc_gpio.o(.bss.adtim1_ch3.0), (1 bytes).
    Removing soc_gpio.o(.bss.adtim1_ch4.0), (1 bytes).
    Removing soc_gpio.o(.bss.adtim1_ch1n.0), (1 bytes).
    Removing soc_gpio.o(.bss.adtim1_ch2n.0), (1 bytes).
    Removing soc_gpio.o(.bss.adtim1_ch3n.0), (1 bytes).
    Removing soc_gpio.o(.bss.adtim1_etr.0), (1 bytes).
    Removing soc_gpio.o(.bss.adtim1_bk.0), (1 bytes).
    Removing soc_gpio.o(.bss.adtim2_ch1.0), (1 bytes).
    Removing soc_gpio.o(.bss.adtim2_ch2.0), (1 bytes).
    Removing soc_gpio.o(.bss.adtim2_ch3.0), (1 bytes).
    Removing soc_gpio.o(.bss.adtim2_ch4.0), (1 bytes).
    Removing soc_gpio.o(.bss.adtim2_ch3n.0), (1 bytes).
    Removing soc_gpio.o(.bss.adtim2_etr.0), (1 bytes).
    Removing soc_gpio.o(.bss.adtim2_bk.0), (1 bytes).
    Removing soc_gpio.o(.bss.gptima1_ch1.0), (1 bytes).
    Removing soc_gpio.o(.bss.gptima1_ch2.0), (1 bytes).
    Removing soc_gpio.o(.bss.gptima1_ch3.0), (1 bytes).
    Removing soc_gpio.o(.bss.gptima1_ch4.0), (1 bytes).
    Removing soc_gpio.o(.bss.gptima1_etr.0), (1 bytes).
    Removing soc_gpio.o(.bss.gptimb1_ch1.0), (1 bytes).
    Removing soc_gpio.o(.bss.gptimb1_ch2.0), (1 bytes).
    Removing soc_gpio.o(.bss.gptimb1_ch3.0), (1 bytes).
    Removing soc_gpio.o(.bss.gptimb1_ch4.0), (1 bytes).
    Removing soc_gpio.o(.bss.gptimb1_etr.0), (1 bytes).
    Removing soc_gpio.o(.bss.gptimc1_ch1.0), (1 bytes).
    Removing soc_gpio.o(.bss.gptimc1_ch1n.0), (1 bytes).
    Removing soc_gpio.o(.bss.gptimc1_ch2.0), (1 bytes).
    Removing soc_gpio.o(.bss.gptimc1_bk.0), (1 bytes).
    Removing soc_gpio.o(.bss.pdm_clk.0), (1 bytes).
    Removing soc_gpio.o(.bss.pdm_data0.0), (1 bytes).
    Removing soc_gpio.o(.bss.pdm_data1.0), (1 bytes).
    Removing soc_gpio.o(.bss.spi2_clk.0), (1 bytes).
    Removing soc_gpio.o(.bss.spi2_nss.0), (1 bytes).
    Removing soc_gpio.o(.bss.spi2_mosi.0), (1 bytes).
    Removing soc_gpio.o(.bss.spi2_miso.0), (1 bytes).
    Removing soc_gpio.o(.bss.spi3_clk.0), (1 bytes).
    Removing soc_gpio.o(.bss.spi3_nss.0), (1 bytes).
    Removing soc_gpio.o(.bss.spi3_mosi.0), (1 bytes).
    Removing soc_gpio.o(.bss.spi3_miso.0), (1 bytes).
    Removing soc_gpio.o(.bss.i2s2_ck.0), (1 bytes).
    Removing soc_gpio.o(.bss.i2s2_ws.0), (1 bytes).
    Removing soc_gpio.o(.bss.i2s2_sd.0), (1 bytes).
    Removing soc_gpio.o(.bss.i2s2_mck.0), (1 bytes).
    Removing soc_gpio.o(.bss.i2s3_ck.0), (1 bytes).
    Removing soc_gpio.o(.bss.i2s3_ws.0), (1 bytes).
    Removing soc_gpio.o(.bss.i2s3_sd.0), (1 bytes).
    Removing soc_gpio.o(.bss.i2s3_mck.0), (1 bytes).
    Removing soc_gpio.o(.bss.ssi_clk.0), (1 bytes).
    Removing soc_gpio.o(.bss.ssi_nss0.0), (1 bytes).
    Removing soc_gpio.o(.bss.ssi_nss1.0), (1 bytes).
    Removing soc_gpio.o(.bss.ssi_dq0.0), (1 bytes).
    Removing soc_gpio.o(.bss.ssi_dq1.0), (1 bytes).
    Removing soc_gpio.o(.bss.ssi_dq2.0), (1 bytes).
    Removing soc_gpio.o(.bss.ssi_dq3.0), (1 bytes).
    Removing soc_gpio.o(.bss.bxcan_txd.0), (1 bytes).
    Removing soc_gpio.o(.bss.bxcan_rxd.0), (1 bytes).
    Removing soc_gpio.o(.bss.comp2_dat.0), (1 bytes).
    Removing soc_gpio.o(.bss.comp3_dat.0), (1 bytes).
    Removing startup.o(.text), (0 bytes).
    Removing startup_asm.o(HEAP), (3072 bytes).
    Removing sw_timer_port.o(.text), (0 bytes).
    Removing sw_timer_port.o(.text.timer_time_add), (4 bytes).
    Removing sw_timer_port.o(.ARM.exidx.text.timer_time_add), (8 bytes).
    Removing sw_timer_port.o(.text.timer_time_compare), (4 bytes).
    Removing sw_timer_port.o(.ARM.exidx.text.timer_time_compare), (8 bytes).
    Removing sw_timer_port.o(.text.timer_time_get), (12 bytes).
    Removing sw_timer_port.o(.ARM.exidx.text.timer_time_get), (8 bytes).
    Removing sw_timer_port.o(.text.timer_match_set), (12 bytes).
    Removing sw_timer_port.o(.ARM.exidx.text.timer_match_set), (8 bytes).
    Removing sw_timer_port.o(.text.timer_irq_unmask), (30 bytes).
    Removing sw_timer_port.o(.ARM.exidx.text.timer_irq_unmask), (8 bytes).
    Removing sw_timer_port.o(.text.timer_irq_mask), (38 bytes).
    Removing sw_timer_port.o(.ARM.exidx.text.timer_irq_mask), (8 bytes).
    Removing sw_timer_port.o(.text.timer_irq_clr), (38 bytes).
    Removing sw_timer_port.o(.ARM.exidx.text.timer_irq_clr), (8 bytes).
    Removing sw_timer_port.o(.text.timer_setup), (28 bytes).
    Removing sw_timer_port.o(.ARM.exidx.text.timer_setup), (8 bytes).
    Removing sys_stat.o(.text), (0 bytes).
    Removing sys_stat.o(.text.uart1_status_set), (18 bytes).
    Removing sys_stat.o(.ARM.exidx.text.uart1_status_set), (8 bytes).
    Removing sys_stat.o(.text.uart2_status_set), (20 bytes).
    Removing sys_stat.o(.ARM.exidx.text.uart2_status_set), (8 bytes).
    Removing sys_stat.o(.text.uart3_status_set), (20 bytes).
    Removing sys_stat.o(.ARM.exidx.text.uart3_status_set), (8 bytes).
    Removing sys_stat.o(.text.uart4_status_set), (20 bytes).
    Removing sys_stat.o(.ARM.exidx.text.uart4_status_set), (8 bytes).
    Removing sys_stat.o(.text.uart5_status_set), (20 bytes).
    Removing sys_stat.o(.ARM.exidx.text.uart5_status_set), (8 bytes).
    Removing sys_stat.o(.text.spi1_status_set), (20 bytes).
    Removing sys_stat.o(.ARM.exidx.text.spi1_status_set), (8 bytes).
    Removing sys_stat.o(.text.spi2_status_set), (20 bytes).
    Removing sys_stat.o(.ARM.exidx.text.spi2_status_set), (8 bytes).
    Removing sys_stat.o(.text.spi3_status_set), (20 bytes).
    Removing sys_stat.o(.ARM.exidx.text.spi3_status_set), (8 bytes).
    Removing sys_stat.o(.text.i2c1_status_set), (20 bytes).
    Removing sys_stat.o(.ARM.exidx.text.i2c1_status_set), (8 bytes).
    Removing sys_stat.o(.text.i2c2_status_set), (20 bytes).
    Removing sys_stat.o(.ARM.exidx.text.i2c2_status_set), (8 bytes).
    Removing sys_stat.o(.text.i2c3_status_set), (20 bytes).
    Removing sys_stat.o(.ARM.exidx.text.i2c3_status_set), (8 bytes).
    Removing sys_stat.o(.text.adtimer1_status_set), (20 bytes).
    Removing sys_stat.o(.ARM.exidx.text.adtimer1_status_set), (8 bytes).
    Removing sys_stat.o(.text.adtimer2_status_set), (20 bytes).
    Removing sys_stat.o(.ARM.exidx.text.adtimer2_status_set), (8 bytes).
    Removing sys_stat.o(.text.bstimer1_status_set), (20 bytes).
    Removing sys_stat.o(.ARM.exidx.text.bstimer1_status_set), (8 bytes).
    Removing sys_stat.o(.text.gptimera1_status_set), (20 bytes).
    Removing sys_stat.o(.ARM.exidx.text.gptimera1_status_set), (8 bytes).
    Removing sys_stat.o(.text.gptimerb1_status_set), (20 bytes).
    Removing sys_stat.o(.ARM.exidx.text.gptimerb1_status_set), (8 bytes).
    Removing sys_stat.o(.text.gptimerc1_status_set), (20 bytes).
    Removing sys_stat.o(.ARM.exidx.text.gptimerc1_status_set), (8 bytes).
    Removing sys_stat.o(.text.pdm_status_set), (20 bytes).
    Removing sys_stat.o(.ARM.exidx.text.pdm_status_set), (8 bytes).
    Removing sys_stat.o(.text.dma_status_set), (12 bytes).
    Removing sys_stat.o(.ARM.exidx.text.dma_status_set), (8 bytes).
    Removing sys_stat.o(.text.crypt_status_set), (20 bytes).
    Removing sys_stat.o(.ARM.exidx.text.crypt_status_set), (8 bytes).
    Removing sys_stat.o(.text.adc1_status_set), (20 bytes).
    Removing sys_stat.o(.ARM.exidx.text.adc1_status_set), (8 bytes).
    Removing sys_stat.o(.text.adc2_status_set), (20 bytes).
    Removing sys_stat.o(.ARM.exidx.text.adc2_status_set), (8 bytes).
    Removing sys_stat.o(.text.ecc_status_set), (20 bytes).
    Removing sys_stat.o(.ARM.exidx.text.ecc_status_set), (8 bytes).
    Removing sys_stat.o(.text.trng_status_set), (20 bytes).
    Removing sys_stat.o(.ARM.exidx.text.trng_status_set), (8 bytes).
    Removing sys_stat.o(.text.touchkey_status_set), (20 bytes).
    Removing sys_stat.o(.ARM.exidx.text.touchkey_status_set), (8 bytes).
    Removing sys_stat.o(.text.sha_status_set), (20 bytes).
    Removing sys_stat.o(.ARM.exidx.text.sha_status_set), (8 bytes).
    Removing sys_stat.o(.text.bxcan_status_set), (20 bytes).
    Removing sys_stat.o(.ARM.exidx.text.bxcan_status_set), (8 bytes).
    Removing sys_stat.o(.text.peri_status_busy), (18 bytes).
    Removing sys_stat.o(.ARM.exidx.text.peri_status_busy), (8 bytes).
    Removing sys_stat.o(.text.dma_status_busy), (12 bytes).
    Removing sys_stat.o(.ARM.exidx.text.dma_status_busy), (8 bytes).
    Removing sys_stat.o(.bss.peri_stat), (4 bytes).
    Removing sys_stat.o(.bss.dma_busy), (1 bytes).
    Removing systick.o(.text), (0 bytes).
    Removing systick.o(.ARM.exidx.xip_banned.SysTick_Handler), (8 bytes).
    Removing systick.o(.ARM.exidx.text.systick_start), (8 bytes).
    Removing systick.o(.xip_banned.systick_get_value), (12 bytes).
    Removing systick.o(.ARM.exidx.xip_banned.systick_get_value), (8 bytes).
    Removing systick.o(.xip_banned.systick_poll_timeout), (54 bytes).
    Removing systick.o(.ARM.exidx.xip_banned.systick_poll_timeout), (8 bytes).
    Removing systick.o(.text.systick_stop), (28 bytes).
    Removing systick.o(.ARM.exidx.text.systick_stop), (8 bytes).

2248 unused section(s) (total 112843 bytes) removed from the image.

==============================================================================

Adding Veneers to the image

    Adding TT veneer (10 bytes, Long) for call to 'hal_flash_read_security_area' from msp_dac.o(.text.HAL_DAC_MSP_Init).
    Adding TT veneer (10 bytes, Long) for call to 'disable_global_irq' from dbg.o(.text.assert).
    Adding TT veneer (10 bytes, Long) for call to 'clk_flash_init' from platform.o(.text.sys_init_none).
    Adding TT veneer (10 bytes, Long) for call to 'arm_cm_delay_asm' from platform.o(.xip_banned.clk_flash_init).
    Adding TT veneer (10 bytes, Long) for call to '_hal_flash_read_security_area' from rom_flash_api_wrapper.o(.xip_banned.hal_flash_read_security_area).
    Adding TT veneer (10 bytes, Long) for call to 'enter_critical' from hal_flash_qspiv2.o(.xip_banned.hal_flash_xip_start).
    Adding TT veneer (10 bytes, Long) for call to 'qspiv2_stg_read_write' from hal_flash_qspiv2.o(.xip_banned.hal_flash_xip_start).
    Adding TT veneer (10 bytes, Long) for call to 'exit_critical' from hal_flash_qspiv2.o(.xip_banned.hal_flash_xip_start).

8 Veneer(s) (total 80 bytes) added to the image.

==============================================================================

Image Symbol Table

    Local Symbols

    Symbol Name                              Value     Ov Type        Size  Object(Section)

    ../clib/division.s                       0x00000000   Number         0  aeabi_sdiv.o ABSOLUTE
    ../clib/microlib/division.c              0x00000000   Number         0  uidiv.o ABSOLUTE
    ../clib/microlib/division.c              0x00000000   Number         0  uldiv.o ABSOLUTE
    ../clib/microlib/init/entry.s            0x00000000   Number         0  entry.o ABSOLUTE
    ../clib/microlib/init/entry.s            0x00000000   Number         0  entry2.o ABSOLUTE
    ../clib/microlib/init/entry.s            0x00000000   Number         0  entry5.o ABSOLUTE
    ../clib/microlib/init/entry.s            0x00000000   Number         0  entry7a.o ABSOLUTE
    ../clib/microlib/init/entry.s            0x00000000   Number         0  entry7b.o ABSOLUTE
    ../clib/microlib/init/entry.s            0x00000000   Number         0  entry8a.o ABSOLUTE
    ../clib/microlib/init/entry.s            0x00000000   Number         0  entry8b.o ABSOLUTE
    ../clib/microlib/init/entry.s            0x00000000   Number         0  entry9a.o ABSOLUTE
    ../clib/microlib/init/entry.s            0x00000000   Number         0  entry9b.o ABSOLUTE
    ../clib/microlib/init/entry.s            0x00000000   Number         0  entry10a.o ABSOLUTE
    ../clib/microlib/init/entry.s            0x00000000   Number         0  entry10b.o ABSOLUTE
    ../clib/microlib/init/entry.s            0x00000000   Number         0  entry11a.o ABSOLUTE
    ../clib/microlib/init/entry.s            0x00000000   Number         0  entry11b.o ABSOLUTE
    ../clib/microlib/longlong.c              0x00000000   Number         0  llshl.o ABSOLUTE
    ../clib/microlib/longlong.c              0x00000000   Number         0  llushr.o ABSOLUTE
    ../clib/microlib/longlong.c              0x00000000   Number         0  llsshr.o ABSOLUTE
    ../clib/microlib/printf/printf.c         0x00000000   Number         0  printfb.o ABSOLUTE
    ../clib/microlib/printf/printf.c         0x00000000   Number         0  printf0.o ABSOLUTE
    ../clib/microlib/printf/printf.c         0x00000000   Number         0  printf1.o ABSOLUTE
    ../clib/microlib/printf/printf.c         0x00000000   Number         0  printf2.o ABSOLUTE
    ../clib/microlib/printf/printf.c         0x00000000   Number         0  printf3.o ABSOLUTE
    ../clib/microlib/printf/printf.c         0x00000000   Number         0  printf4.o ABSOLUTE
    ../clib/microlib/printf/printf.c         0x00000000   Number         0  printf5.o ABSOLUTE
    ../clib/microlib/printf/printf.c         0x00000000   Number         0  printf6.o ABSOLUTE
    ../clib/microlib/printf/printf.c         0x00000000   Number         0  printf7.o ABSOLUTE
    ../clib/microlib/printf/printf.c         0x00000000   Number         0  printf8.o ABSOLUTE
    ../clib/microlib/printf/printf.c         0x00000000   Number         0  printfa.o ABSOLUTE
    ../clib/microlib/printf/stubs.s          0x00000000   Number         0  printfstubs.o ABSOLUTE
    ../clib/microlib/stdio/putc.c            0x00000000   Number         0  putc.o ABSOLUTE
    ../clib/microlib/stdio/streams.c         0x00000000   Number         0  stdout.o ABSOLUTE
    ../clib/microlib/stdlib/rand.c           0x00000000   Number         0  rand.o ABSOLUTE
    ../clib/microlib/string/memcpy.c         0x00000000   Number         0  memcpya.o ABSOLUTE
    ../clib/microlib/string/memcpy.c         0x00000000   Number         0  memcpyb.o ABSOLUTE
    ../clib/microlib/string/strlen.c         0x00000000   Number         0  strlen.o ABSOLUTE
    ../clib/microlib/stubs.s                 0x00000000   Number         0  iusefp.o ABSOLUTE
    ../fplib/microlib/fpadd.c                0x00000000   Number         0  dadd.o ABSOLUTE
    ../fplib/microlib/fpdiv.c                0x00000000   Number         0  ddiv.o ABSOLUTE
    ../fplib/microlib/fpepilogue.c           0x00000000   Number         0  depilogue.o ABSOLUTE
    ../fplib/microlib/fpfix.c                0x00000000   Number         0  dfixul.o ABSOLUTE
    ../fplib/microlib/fpmul.c                0x00000000   Number         0  dmul.o ABSOLUTE
    ..\..\..\..\..\..\soc\arm_cm\sccc9xx\compiler\armcc\delay_asm.S 0x00000000   Number         0  delay_asm.o ABSOLUTE
    ..\..\..\..\..\..\soc\arm_cm\sccc9xx\compiler\armcc\sleep_asm.S 0x00000000   Number         0  sleep_asm.o ABSOLUTE
    ..\..\..\..\..\..\soc\arm_cm\sccc9xx\compiler\armcc\startup_asm.S 0x00000000   Number         0  startup_asm.o ABSOLUTE
    ..\..\..\..\..\..\soc\arm_cm\sccc9xx\compiler\armcc\swint_asm.S 0x00000000   Number         0  swint_asm.o ABSOLUTE
    SEGGER_RTT.c                             0x00000000   Number         0  segger_rtt.o ABSOLUTE
    __info_array.c                           0x00000000   Number         0  __info_array.o ABSOLUTE
    cdrcmple.s                               0x00000000   Number         0  cdrcmple.o ABSOLUTE
    circular_doubly_linked_list.c            0x00000000   Number         0  circular_doubly_linked_list.o ABSOLUTE
    common.c                                 0x00000000   Number         0  common.o ABSOLUTE
    cpu.c                                    0x00000000   Number         0  cpu.o ABSOLUTE
    dbg.c                                    0x00000000   Number         0  dbg.o ABSOLUTE
    hal_adcv2.c                              0x00000000   Number         0  hal_adcv2.o ABSOLUTE
    hal_adcv2_dma.c                          0x00000000   Number         0  hal_adcv2_dma.o ABSOLUTE
    hal_cache.c                              0x00000000   Number         0  hal_cache.o ABSOLUTE
    hal_can.c                                0x00000000   Number         0  hal_can.o ABSOLUTE
    hal_comp.c                               0x00000000   Number         0  hal_comp.o ABSOLUTE
    hal_crc.c                                0x00000000   Number         0  hal_crc.o ABSOLUTE
    hal_crypt.c                              0x00000000   Number         0  hal_crypt.o ABSOLUTE
    hal_dac.c                                0x00000000   Number         0  hal_dac.o ABSOLUTE
    hal_dac_dma.c                            0x00000000   Number         0  hal_dac_dma.o ABSOLUTE
    hal_dmacv2.c                             0x00000000   Number         0  hal_dmacv2.o ABSOLUTE
    hal_ecc.c                                0x00000000   Number         0  hal_ecc.o ABSOLUTE
    hal_flash.c                              0x00000000   Number         0  hal_flash.o ABSOLUTE
    hal_flash_qspiv2.c                       0x00000000   Number         0  hal_flash_qspiv2.o ABSOLUTE
    hal_flash_swint.c                        0x00000000   Number         0  hal_flash_swint.o ABSOLUTE
    hal_i2c.c                                0x00000000   Number         0  hal_i2c.o ABSOLUTE
    hal_i2c_dma.c                            0x00000000   Number         0  hal_i2c_dma.o ABSOLUTE
    hal_iwdgv2.c                             0x00000000   Number         0  hal_iwdgv2.o ABSOLUTE
    hal_pdm.c                                0x00000000   Number         0  hal_pdm.o ABSOLUTE
    hal_pis.c                                0x00000000   Number         0  hal_pis.o ABSOLUTE
    hal_qspiv2.c                             0x00000000   Number         0  hal_qspiv2.o ABSOLUTE
    hal_rtcv2.c                              0x00000000   Number         0  hal_rtcv2.o ABSOLUTE
    hal_sha.c                                0x00000000   Number         0  hal_sha.o ABSOLUTE
    hal_sm4.c                                0x00000000   Number         0  hal_sm4.o ABSOLUTE
    hal_spi_i2s.c                            0x00000000   Number         0  hal_spi_i2s.o ABSOLUTE
    hal_spi_i2s_dma.c                        0x00000000   Number         0  hal_spi_i2s_dma.o ABSOLUTE
    hal_ssi.c                                0x00000000   Number         0  hal_ssi.o ABSOLUTE
    hal_ssi_dma.c                            0x00000000   Number         0  hal_ssi_dma.o ABSOLUTE
    hal_timer.c                              0x00000000   Number         0  hal_timer.o ABSOLUTE
    hal_touchkey.c                           0x00000000   Number         0  hal_touchkey.o ABSOLUTE
    hal_trngv2.c                             0x00000000   Number         0  hal_trngv2.o ABSOLUTE
    hal_uart.c                               0x00000000   Number         0  hal_uart.o ABSOLUTE
    hal_uart_dma.c                           0x00000000   Number         0  hal_uart_dma.o ABSOLUTE
    hal_wwdg.c                               0x00000000   Number         0  hal_wwdg.o ABSOLUTE
    handlers.s                               0x00000000   Number         0  handlers.o ABSOLUTE
    init.s                                   0x00000000   Number         0  init.o ABSOLUTE
    log.c                                    0x00000000   Number         0  log.o ABSOLUTE
    main.c                                   0x00000000   Number         0  main.o ABSOLUTE
    msp_adc.c                                0x00000000   Number         0  msp_adc.o ABSOLUTE
    msp_cache.c                              0x00000000   Number         0  msp_cache.o ABSOLUTE
    msp_can.c                                0x00000000   Number         0  msp_can.o ABSOLUTE
    msp_comp.c                               0x00000000   Number         0  msp_comp.o ABSOLUTE
    msp_crc.c                                0x00000000   Number         0  msp_crc.o ABSOLUTE
    msp_crypt.c                              0x00000000   Number         0  msp_crypt.o ABSOLUTE
    msp_dac.c                                0x00000000   Number         0  msp_dac.o ABSOLUTE
    msp_dmacv2.c                             0x00000000   Number         0  msp_dmacv2.o ABSOLUTE
    msp_ecc.c                                0x00000000   Number         0  msp_ecc.o ABSOLUTE
    msp_i2c.c                                0x00000000   Number         0  msp_i2c.o ABSOLUTE
    msp_iwdg.c                               0x00000000   Number         0  msp_iwdg.o ABSOLUTE
    msp_pdm.c                                0x00000000   Number         0  msp_pdm.o ABSOLUTE
    msp_pis.c                                0x00000000   Number         0  msp_pis.o ABSOLUTE
    msp_qspiv2.c                             0x00000000   Number         0  msp_qspiv2.o ABSOLUTE
    msp_rtc.c                                0x00000000   Number         0  msp_rtc.o ABSOLUTE
    msp_sha.c                                0x00000000   Number         0  msp_sha.o ABSOLUTE
    msp_sm4.c                                0x00000000   Number         0  msp_sm4.o ABSOLUTE
    msp_spi_i2s.c                            0x00000000   Number         0  msp_spi_i2s.o ABSOLUTE
    msp_ssi.c                                0x00000000   Number         0  msp_ssi.o ABSOLUTE
    msp_timer.c                              0x00000000   Number         0  msp_timer.o ABSOLUTE
    msp_touchkey.c                           0x00000000   Number         0  msp_touchkey.o ABSOLUTE
    msp_trngv2.c                             0x00000000   Number         0  msp_trngv2.o ABSOLUTE
    msp_uart.c                               0x00000000   Number         0  msp_uart.o ABSOLUTE
    msp_wwdg.c                               0x00000000   Number         0  msp_wwdg.o ABSOLUTE
    platform.c                               0x00000000   Number         0  platform.o ABSOLUTE
    rom_flash_api_wrapper.c                  0x00000000   Number         0  rom_flash_api_wrapper.o ABSOLUTE
    sleep.c                                  0x00000000   Number         0  sleep.o ABSOLUTE
    soc_gpio.c                               0x00000000   Number         0  soc_gpio.o ABSOLUTE
    startup.c                                0x00000000   Number         0  startup.o ABSOLUTE
    sw_timer_port.c                          0x00000000   Number         0  sw_timer_port.o ABSOLUTE
    sys_stat.c                               0x00000000   Number         0  sys_stat.o ABSOLUTE
    systick.c                                0x00000000   Number         0  systick.o ABSOLUTE
    .ARM.Collect$$$$00000000                 0x008006a0   Section        0  entry.o(.ARM.Collect$$$$00000000)
    .ARM.Collect$$$$00000001                 0x008006a0   Section        4  entry2.o(.ARM.Collect$$$$00000001)
    .ARM.Collect$$$$00000004                 0x008006a4   Section        4  entry5.o(.ARM.Collect$$$$00000004)
    .ARM.Collect$$$$00000008                 0x008006a8   Section        0  entry7b.o(.ARM.Collect$$$$00000008)
    .ARM.Collect$$$$0000000A                 0x008006a8   Section        0  entry8b.o(.ARM.Collect$$$$0000000A)
    .ARM.Collect$$$$0000000B                 0x008006a8   Section        8  entry9a.o(.ARM.Collect$$$$0000000B)
    __lit__00000000                          0x008006b0   Data           4  entry2.o(.ARM.Collect$$$$00002712)
    .ARM.Collect$$$$0000000D                 0x008006b0   Section        0  entry10a.o(.ARM.Collect$$$$0000000D)
    .ARM.Collect$$$$0000000F                 0x008006b0   Section        0  entry11a.o(.ARM.Collect$$$$0000000F)
    .ARM.Collect$$$$00002712                 0x008006b0   Section        4  entry2.o(.ARM.Collect$$$$00002712)
    $v0                                      0x008006b4   Number         0  startup_asm.o(.text)
    .text                                    0x008006b4   Section       36  startup_asm.o(.text)
    Default_Handler                          0x008006cd   Thumb Code     2  startup_asm.o(.text)
    .text                                    0x008006d8   Section        0  uidiv.o(.text)
    .text                                    0x00800704   Section        0  uldiv.o(.text)
    .text                                    0x00800766   Section        0  iusefp.o(.text)
    .text                                    0x00800766   Section        0  dadd.o(.text)
    .text                                    0x008008b4   Section        0  dmul.o(.text)
    .text                                    0x00800998   Section        0  ddiv.o(.text)
    .text                                    0x00800a76   Section        0  dfixul.o(.text)
    .text                                    0x00800aa8   Section       48  cdrcmple.o(.text)
    .text                                    0x00800ad8   Section       36  init.o(.text)
    .text                                    0x00800afc   Section        0  llshl.o(.text)
    .text                                    0x00800b1a   Section        0  llushr.o(.text)
    .text                                    0x00800b3a   Section        0  llsshr.o(.text)
    .text                                    0x00800b5e   Section        0  depilogue.o(.text)
    COMP_Handler                             0x00800c19   Thumb Code    92  msp_comp.o(.text.COMP_Handler)
    [Anonymous Symbol]                       0x00800c18   Section        0  msp_comp.o(.text.COMP_Handler)
    [Anonymous Symbol]                       0x00800c74   Section        0  soc_gpio.o(.text.EXTI_Handler)
    [Anonymous Symbol]                       0x00800e80   Section        0  main.o(.text.HAL_COMP_Callback)
    [Anonymous Symbol]                       0x00800ed4   Section        0  hal_comp.o(.text.HAL_COMP_Config)
    [Anonymous Symbol]                       0x00800ee8   Section        0  hal_comp.o(.text.HAL_COMP_IRQHandler)
    [Anonymous Symbol]                       0x00800f08   Section        0  hal_comp.o(.text.HAL_COMP_Init)
    [Anonymous Symbol]                       0x00800f14   Section        0  msp_comp.o(.text.HAL_COMP_MSP_Init)
    [Anonymous Symbol]                       0x00800fcc   Section        0  hal_comp.o(.text.HAL_COMP_Start)
    [Anonymous Symbol]                       0x00800fec   Section        0  hal_dac.o(.text.HAL_DAC_Init)
    [Anonymous Symbol]                       0x00801128   Section        0  msp_dac.o(.text.HAL_DAC_MSP_Init)
    [Anonymous Symbol]                       0x00801180   Section        0  hal_dac.o(.text.HAL_DAC_SetValue)
    [Anonymous Symbol]                       0x00801228   Section        0  segger_rtt.o(.text.SEGGER_RTT_Init)
    [Anonymous Symbol]                       0x008012a8   Section        0  segger_rtt.o(.text.SEGGER_RTT_PutCharSkip)
    $v0                                      0x00801370   Number         0  swint_asm.o(.text.SWINT_Handler_ASM)
    .text.SWINT_Handler_ASM                  0x00801370   Section       28  swint_asm.o(.text.SWINT_Handler_ASM)
    [Anonymous Symbol]                       0x0080138c   Section        0  platform.o(.text.SWINT_Handler_C)
    [Anonymous Symbol]                       0x008013a4   Section        0  platform.o(.text.SystemInit)
    [Anonymous Symbol]                       0x008013f0   Section        0  soc_gpio.o(.text.V33_EXTI_Async_Handler)
    [Anonymous Symbol]                       0x008014d4   Section        0  dbg.o(.text.assert)
    [Anonymous Symbol]                       0x00801524   Section        0  log.o(.text.fputc)
    [Anonymous Symbol]                       0x00801534   Section        0  soc_gpio.o(.text.io_exti_callback)
    [Anonymous Symbol]                       0x00801538   Section        0  soc_gpio.o(.text.io_init)
    [Anonymous Symbol]                       0x008015ac   Section        0  log.o(.text.log_hex_output)
    [Anonymous Symbol]                       0x008016f8   Section        0  log.o(.text.log_init)
    [Anonymous Symbol]                       0x00801720   Section        0  log.o(.text.log_output)
    [Anonymous Symbol]                       0x00801754   Section        0  sleep.o(.text.low_power_init)
    [Anonymous Symbol]                       0x008017a0   Section        0  main.o(.text.main)
    [Anonymous Symbol]                       0x00801814   Section        0  soc_gpio.o(.text.pinmux_comp1_init)
    [Anonymous Symbol]                       0x008018ac   Section        0  platform.o(.text.sys_init_none)
    [Anonymous Symbol]                       0x008018fc   Section        0  systick.o(.text.systick_start)
    i.__0printf                              0x0080194c   Section        0  printfa.o(i.__0printf)
    i.__0vprintf                             0x0080196c   Section        0  printfa.o(i.__0vprintf)
    i.__scatterload_copy                     0x0080197c   Section       14  handlers.o(i.__scatterload_copy)
    i.__scatterload_null                     0x0080198a   Section        2  handlers.o(i.__scatterload_null)
    i.__scatterload_zeroinit                 0x0080198c   Section       14  handlers.o(i.__scatterload_zeroinit)
    _fp_digits                               0x0080199d   Thumb Code   366  printfa.o(i._fp_digits)
    i._fp_digits                             0x0080199c   Section        0  printfa.o(i._fp_digits)
    _printf_core                             0x00801b21   Thumb Code  1744  printfa.o(i._printf_core)
    i._printf_core                           0x00801b20   Section        0  printfa.o(i._printf_core)
    _printf_post_padding                     0x008021fd   Thumb Code    36  printfa.o(i._printf_post_padding)
    i._printf_post_padding                   0x008021fc   Section        0  printfa.o(i._printf_post_padding)
    _printf_pre_padding                      0x00802221   Thumb Code    46  printfa.o(i._printf_pre_padding)
    i._printf_pre_padding                    0x00802220   Section        0  printfa.o(i._printf_pre_padding)
    i.putc                                   0x0080224e   Section        0  putc.o(i.putc)
    [Anonymous Symbol]                       0x00802263   Section        0  main.o(.rodata.str1.1)
    .L.str.1                                 0x00802317   Data          43  hal_dac.o(.rodata.str1.1)
    [Anonymous Symbol]                       0x00802317   Section        0  hal_dac.o(.rodata.str1.1)
    .L.str                                   0x00802342   Data           9  segger_rtt.o(.rodata.str1.1)
    [Anonymous Symbol]                       0x00802342   Section        0  segger_rtt.o(.rodata.str1.1)
    RESET                                    0x20000000   Section      236  startup_asm.o(RESET)
    $v0                                      0x20000134   Number         0  sleep_asm.o(.xip_banned.sleep_recover_asm)
    .xip_banned.sleep_recover_asm            0x20000134   Section       40  sleep_asm.o(.xip_banned.sleep_recover_asm)
    [Anonymous Symbol]                       0x2000015c   Section        0  systick.o(.xip_banned.SysTick_Handler)
    [Anonymous Symbol]                       0x2000016c   Section        0  sleep.o(.xip_banned.after_wfi)
    [Anonymous Symbol]                       0x20000170   Section        0  sleep.o(.xip_banned.before_wfi)
    [Anonymous Symbol]                       0x20000174   Section        0  platform.o(.xip_banned.clk_flash_init)
    [Anonymous Symbol]                       0x200001bc   Section        0  cpu.o(.xip_banned.disable_global_irq)
    [Anonymous Symbol]                       0x200001c0   Section        0  hal_flash.o(.xip_banned.hal_flash_dual_mode_get)
    [Anonymous Symbol]                       0x200001cc   Section        0  rom_flash_api_wrapper.o(.xip_banned.hal_flash_read_security_area)
    [Anonymous Symbol]                       0x200001f4   Section        0  hal_flash_qspiv2.o(.xip_banned.hal_flash_xip_start)
    [Anonymous Symbol]                       0x20000260   Section        0  hal_flash.o(.xip_banned.hal_flash_xip_status_get)
    [Anonymous Symbol]                       0x2000026c   Section        0  hal_flash.o(.xip_banned.hal_flash_xip_status_set)
    [Anonymous Symbol]                       0x20000278   Section        0  hal_flash_qspiv2.o(.xip_banned.hal_flash_xip_stop)
    [Anonymous Symbol]                       0x200002d8   Section        0  hal_qspiv2.o(.xip_banned.qspiv2_direct_dual_read_config)
    [Anonymous Symbol]                       0x20000300   Section        0  hal_qspiv2.o(.xip_banned.qspiv2_direct_quad_read_config)
    [Anonymous Symbol]                       0x20000324   Section        0  dbg.o(.xip_banned.ram_assert)
    [Anonymous Symbol]                       0x2000032c   Section        0  sleep.o(.xip_banned.restore_msp_psp_control)
    [Anonymous Symbol]                       0x2000035c   Section        0  sleep.o(.xip_banned.store_msp_psp_control)
    [Anonymous Symbol]                       0x20000388   Section        0  platform.o(.xip_banned.sync_for_xip_stop)
    .data                                    0x200003e4   Section        4  stdout.o(.data)
    COMP_Config                              0x200003e8   Data           4  main.o(.bss.COMP_Config)
    [Anonymous Symbol]                       0x200003e8   Section        0  main.o(.bss.COMP_Config)
    COMP_inst_env.0                          0x200003ec   Data           4  msp_comp.o(.bss.COMP_inst_env.0)
    [Anonymous Symbol]                       0x200003ec   Section        0  msp_comp.o(.bss.COMP_inst_env.0)
    COMP_inst_env.1                          0x200003f0   Data           4  msp_comp.o(.bss.COMP_inst_env.1)
    [Anonymous Symbol]                       0x200003f0   Section        0  msp_comp.o(.bss.COMP_inst_env.1)
    COMP_inst_env.2                          0x200003f4   Data           4  msp_comp.o(.bss.COMP_inst_env.2)
    [Anonymous Symbol]                       0x200003f4   Section        0  msp_comp.o(.bss.COMP_inst_env.2)
    CPU_CONTROL                              0x200003f8   Data           1  sleep.o(.bss.CPU_CONTROL)
    [Anonymous Symbol]                       0x200003f8   Section        0  sleep.o(.bss.CPU_CONTROL)
    CPU_MSP                                  0x200003fc   Data           4  sleep.o(.bss.CPU_MSP)
    [Anonymous Symbol]                       0x200003fc   Section        0  sleep.o(.bss.CPU_MSP)
    CPU_PSP                                  0x20000400   Data           4  sleep.o(.bss.CPU_PSP)
    [Anonymous Symbol]                       0x20000400   Section        0  sleep.o(.bss.CPU_PSP)
    DACx_Hdl                                 0x20000404   Data          32  main.o(.bss.DACx_Hdl)
    [Anonymous Symbol]                       0x20000404   Section        0  main.o(.bss.DACx_Hdl)
    _acDownBuffer                            0x200004cc   Data          16  segger_rtt.o(.bss._acDownBuffer)
    [Anonymous Symbol]                       0x200004cc   Section        0  segger_rtt.o(.bss._acDownBuffer)
    _acUpBuffer                              0x200004dc   Data        1024  segger_rtt.o(.bss._acUpBuffer)
    [Anonymous Symbol]                       0x200004dc   Section        0  segger_rtt.o(.bss._acUpBuffer)
    comp1_dat.0                              0x200008dc   Data           1  soc_gpio.o(.bss.comp1_dat.0)
    [Anonymous Symbol]                       0x200008dc   Section        0  soc_gpio.o(.bss.comp1_dat.0)
    total_ticks                              0x200008e8   Data           4  systick.o(.bss.total_ticks)
    [Anonymous Symbol]                       0x200008e8   Section        0  systick.o(.bss.total_ticks)
    STACK                                    0x200008f0   Section     1024  startup_asm.o(STACK)

    Global Symbols

    Symbol Name                              Value     Ov Type        Size  Object(Section)

    BuildAttributes$$THM_ISAv4$E$P$D$K$B$S$7EM$VFPi3$EXTD16$VFPS$VFMA$PE$A:L22UL41UL21$X:L11$S22US41US21$IEEE1$IW$~IW$USESV6$~STKCKD$USESV7$~SHL$OTIME$ROPI$EBA8$MICROLIB$REQ8$PRES8$EABIv2 0x00000000   Number         0  anon$$obj.o ABSOLUTE
    _printf_a                                0x00000000   Number         0  printfstubs.o ABSOLUTE
    _printf_c                                0x00000000   Number         0  printfstubs.o ABSOLUTE
    _printf_charcount                        0x00000000   Number         0  printfstubs.o ABSOLUTE
    _printf_d                                0x00000000   Number         0  printfstubs.o ABSOLUTE
    _printf_e                                0x00000000   Number         0  printfstubs.o ABSOLUTE
    _printf_f                                0x00000000   Number         0  printfstubs.o ABSOLUTE
    _printf_flags                            0x00000000   Number         0  printfstubs.o ABSOLUTE
    _printf_fp_dec                           0x00000000   Number         0  printfstubs.o ABSOLUTE
    _printf_fp_hex                           0x00000000   Number         0  printfstubs.o ABSOLUTE
    _printf_g                                0x00000000   Number         0  printfstubs.o ABSOLUTE
    _printf_i                                0x00000000   Number         0  printfstubs.o ABSOLUTE
    _printf_int_dec                          0x00000000   Number         0  printfstubs.o ABSOLUTE
    _printf_l                                0x00000000   Number         0  printfstubs.o ABSOLUTE
    _printf_lc                               0x00000000   Number         0  printfstubs.o ABSOLUTE
    _printf_ll                               0x00000000   Number         0  printfstubs.o ABSOLUTE
    _printf_lld                              0x00000000   Number         0  printfstubs.o ABSOLUTE
    _printf_lli                              0x00000000   Number         0  printfstubs.o ABSOLUTE
    _printf_llo                              0x00000000   Number         0  printfstubs.o ABSOLUTE
    _printf_llu                              0x00000000   Number         0  printfstubs.o ABSOLUTE
    _printf_llx                              0x00000000   Number         0  printfstubs.o ABSOLUTE
    _printf_longlong_dec                     0x00000000   Number         0  printfstubs.o ABSOLUTE
    _printf_longlong_hex                     0x00000000   Number         0  printfstubs.o ABSOLUTE
    _printf_longlong_oct                     0x00000000   Number         0  printfstubs.o ABSOLUTE
    _printf_ls                               0x00000000   Number         0  printfstubs.o ABSOLUTE
    _printf_mbtowc                           0x00000000   Number         0  printfstubs.o ABSOLUTE
    _printf_n                                0x00000000   Number         0  printfstubs.o ABSOLUTE
    _printf_o                                0x00000000   Number         0  printfstubs.o ABSOLUTE
    _printf_p                                0x00000000   Number         0  printfstubs.o ABSOLUTE
    _printf_percent                          0x00000000   Number         0  printfstubs.o ABSOLUTE
    _printf_pre_padding                      0x00000000   Number         0  printfstubs.o ABSOLUTE
    _printf_return_value                     0x00000000   Number         0  printfstubs.o ABSOLUTE
    _printf_s                                0x00000000   Number         0  printfstubs.o ABSOLUTE
    _printf_sizespec                         0x00000000   Number         0  printfstubs.o ABSOLUTE
    _printf_str                              0x00000000   Number         0  printfstubs.o ABSOLUTE
    _printf_truncate_signed                  0x00000000   Number         0  printfstubs.o ABSOLUTE
    _printf_truncate_unsigned                0x00000000   Number         0  printfstubs.o ABSOLUTE
    _printf_u                                0x00000000   Number         0  printfstubs.o ABSOLUTE
    _printf_wc                               0x00000000   Number         0  printfstubs.o ABSOLUTE
    _printf_wctomb                           0x00000000   Number         0  printfstubs.o ABSOLUTE
    _printf_widthprec                        0x00000000   Number         0  printfstubs.o ABSOLUTE
    _printf_x                                0x00000000   Number         0  printfstubs.o ABSOLUTE
    __cpp_initialize__aeabi_                  - Undefined Weak Reference
    __cxa_finalize                            - Undefined Weak Reference
    __decompress                              - Undefined Weak Reference
    _clock_init                               - Undefined Weak Reference
    _microlib_exit                            - Undefined Weak Reference
    __Vectors_Size                           0x000000ec   Number         0  startup_asm.o ABSOLUTE
    memcpy32                                 0x000000f1   Thumb Code     0  rom_sym.txt ABSOLUTE
    memset32                                 0x00000107   Thumb Code     0  rom_sym.txt ABSOLUTE
    uECC_secp256r1                           0x00000ea1   Thumb Code     0  rom_sym.txt ABSOLUTE
    uECC_secp256k1                           0x00000ea9   Thumb Code     0  rom_sym.txt ABSOLUTE
    uECC_verify                              0x00000eb1   Thumb Code     0  rom_sym.txt ABSOLUTE
    hal_flash_drv_var_init                   0x00001311   Thumb Code     0  rom_sym.txt ABSOLUTE
    hal_flash_write_in_process               0x0000131d   Thumb Code     0  rom_sym.txt ABSOLUTE
    flash_reading_critical                   0x00001335   Thumb Code     0  rom_sym.txt ABSOLUTE
    flash_writing_critical                   0x0000133d   Thumb Code     0  rom_sym.txt ABSOLUTE
    hal_flash_write_status_register          0x0000136d   Thumb Code     0  rom_sym.txt ABSOLUTE
    _hal_flash_quad_page_program             0x00001389   Thumb Code     0  rom_sym.txt ABSOLUTE
    _hal_flash_dual_page_program             0x0000138f   Thumb Code     0  rom_sym.txt ABSOLUTE
    _hal_flash_page_program                  0x00001395   Thumb Code     0  rom_sym.txt ABSOLUTE
    _hal_flash_sector_erase                  0x000013c5   Thumb Code     0  rom_sym.txt ABSOLUTE
    _hal_flash_chip_erase                    0x000013d9   Thumb Code     0  rom_sym.txt ABSOLUTE
    _hal_flash_read_id                       0x000013f5   Thumb Code     0  rom_sym.txt ABSOLUTE
    _hal_flash_erase_security_area           0x00001431   Thumb Code     0  rom_sym.txt ABSOLUTE
    _hal_flash_program_security_area         0x00001435   Thumb Code     0  rom_sym.txt ABSOLUTE
    _hal_flash_read_security_area            0x00001439   Thumb Code     0  rom_sym.txt ABSOLUTE
    qspiv2_init                              0x000017ed   Thumb Code     0  rom_sym.txt ABSOLUTE
    qspiv2_stg_read_write                    0x00001809   Thumb Code     0  rom_sym.txt ABSOLUTE
    qspiv2_stg_send_command                  0x000018f3   Thumb Code     0  rom_sym.txt ABSOLUTE
    qspiv2_stg_read_register                 0x0000190d   Thumb Code     0  rom_sym.txt ABSOLUTE
    qspiv2_stg_write_register                0x0000193b   Thumb Code     0  rom_sym.txt ABSOLUTE
    do_hal_flash_read_security_area_func     0x000019b7   Thumb Code     0  rom_sym.txt ABSOLUTE
    do_hal_flash_prog_func                   0x000019bb   Thumb Code     0  rom_sym.txt ABSOLUTE
    do_hal_flash_program_security_area_func  0x000019bf   Thumb Code     0  rom_sym.txt ABSOLUTE
    hal_flash_init                           0x000019c3   Thumb Code     0  rom_sym.txt ABSOLUTE
    hal_flash_write_enable                   0x000019c7   Thumb Code     0  rom_sym.txt ABSOLUTE
    hal_flash_read_status_register_0_ram     0x000019cd   Thumb Code     0  rom_sym.txt ABSOLUTE
    hal_flash_read_status_register_1_ram     0x000019d7   Thumb Code     0  rom_sym.txt ABSOLUTE
    do_hal_flash_write_status_reg_func       0x000019e1   Thumb Code     0  rom_sym.txt ABSOLUTE
    do_hal_flash_erase_func                  0x00001a3d   Thumb Code     0  rom_sym.txt ABSOLUTE
    do_hal_flash_chip_erase_func             0x00001a47   Thumb Code     0  rom_sym.txt ABSOLUTE
    do_hal_flash_read_func                   0x00001a4d   Thumb Code     0  rom_sym.txt ABSOLUTE
    _hal_flash_quad_io_read                  0x00001a51   Thumb Code     0  rom_sym.txt ABSOLUTE
    _hal_flash_dual_io_read                  0x00001a81   Thumb Code     0  rom_sym.txt ABSOLUTE
    _hal_flash_fast_read                     0x00001ab1   Thumb Code     0  rom_sym.txt ABSOLUTE
    hal_flash_deep_power_down                0x00001ae1   Thumb Code     0  rom_sym.txt ABSOLUTE
    hal_flash_release_from_deep_power_down   0x00001ae7   Thumb Code     0  rom_sym.txt ABSOLUTE
    do_hal_flash_read_reg_func               0x00001aed   Thumb Code     0  rom_sym.txt ABSOLUTE
    _hal_flash_read_unique_id                0x00001af9   Thumb Code     0  rom_sym.txt ABSOLUTE
    do_hal_flash_erase_security_area_func    0x00001b2d   Thumb Code     0  rom_sym.txt ABSOLUTE
    hal_flash_software_reset                 0x00001bb5   Thumb Code     0  rom_sym.txt ABSOLUTE
    HAL_CRC_Init                             0x00001e39   Thumb Code     0  rom_sym.txt ABSOLUTE
    HAL_CRC_32bit_Reverse                    0x00001e3d   Thumb Code     0  rom_sym.txt ABSOLUTE
    HAL_CRC_CRC32                            0x00001e5d   Thumb Code     0  rom_sym.txt ABSOLUTE
    SVC_Handler_C                            0x00001efd   Thumb Code     0  rom_sym.txt ABSOLUTE
    svcall_table                             0x00001f1d   Thumb Code     0  rom_sym.txt ABSOLUTE
    qspiv2_msp_init                          0x00001f81   Thumb Code     0  rom_sym.txt ABSOLUTE
    enter_critical                           0x000020dd   Thumb Code     0  rom_sym.txt ABSOLUTE
    exit_critical                            0x000020e5   Thumb Code     0  rom_sym.txt ABSOLUTE
    pinmux_hal_flash_init                    0x000022c5   Thumb Code     0  rom_sym.txt ABSOLUTE
    pinmux_hal_flash_deinit                  0x000022d9   Thumb Code     0  rom_sym.txt ABSOLUTE
    pinmux_hal_flash_quad_init               0x000022e9   Thumb Code     0  rom_sym.txt ABSOLUTE
    HAL_CRC_MSP_Init                         0x0000234d   Thumb Code     0  rom_sym.txt ABSOLUTE
    SVC_Handler                              0x0000235d   Thumb Code     0  rom_sym.txt ABSOLUTE
    arm_cm_delay_asm                         0x00002379   Thumb Code     0  rom_sym.txt ABSOLUTE
    _hal_flash_erase_operation               0x000023b7   Thumb Code     0  rom_sym.txt ABSOLUTE
    memset                                   0x00002fa1   Thumb Code     0  rom_sym.txt ABSOLUTE
    __info_array                             0x00800000   Data         604  __info_array.o(.rodata.__info_array)
    __main                                   0x008006a1   Thumb Code     0  entry.o(.ARM.Collect$$$$00000000)
    _main_stk                                0x008006a1   Thumb Code     0  entry2.o(.ARM.Collect$$$$00000001)
    _main_scatterload                        0x008006a5   Thumb Code     0  entry5.o(.ARM.Collect$$$$00000004)
    __main_after_scatterload                 0x008006a9   Thumb Code     0  entry5.o(.ARM.Collect$$$$00000004)
    _main_clock                              0x008006a9   Thumb Code     0  entry7b.o(.ARM.Collect$$$$00000008)
    _main_cpp_init                           0x008006a9   Thumb Code     0  entry8b.o(.ARM.Collect$$$$0000000A)
    _main_init                               0x008006a9   Thumb Code     0  entry9a.o(.ARM.Collect$$$$0000000B)
    __rt_final_cpp                           0x008006b1   Thumb Code     0  entry10a.o(.ARM.Collect$$$$0000000D)
    __rt_final_exit                          0x008006b1   Thumb Code     0  entry11a.o(.ARM.Collect$$$$0000000F)
    Reset_Handler                            0x008006b5   Thumb Code     8  startup_asm.o(.text)
    HardFault_Handler                        0x008006bd   Thumb Code     2  startup_asm.o(.text)
    NMI_Handler                              0x008006bf   Thumb Code     2  startup_asm.o(.text)
    MemManage_Handler                        0x008006c1   Thumb Code     2  startup_asm.o(.text)
    BusFault_Handler                         0x008006c3   Thumb Code     2  startup_asm.o(.text)
    UsageFault_Handler                       0x008006c5   Thumb Code     2  startup_asm.o(.text)
    DebugMon_Handler                         0x008006c9   Thumb Code     2  startup_asm.o(.text)
    PendSV_Handler                           0x008006cb   Thumb Code     2  startup_asm.o(.text)
    __aeabi_uidiv                            0x008006d9   Thumb Code     0  uidiv.o(.text)
    __aeabi_uidivmod                         0x008006d9   Thumb Code    44  uidiv.o(.text)
    __aeabi_uldivmod                         0x00800705   Thumb Code    98  uldiv.o(.text)
    __I$use$fp                               0x00800767   Thumb Code     0  iusefp.o(.text)
    __aeabi_dadd                             0x00800767   Thumb Code   322  dadd.o(.text)
    __aeabi_dsub                             0x008008a9   Thumb Code     6  dadd.o(.text)
    __aeabi_drsub                            0x008008af   Thumb Code     6  dadd.o(.text)
    __aeabi_dmul                             0x008008b5   Thumb Code   228  dmul.o(.text)
    __aeabi_ddiv                             0x00800999   Thumb Code   222  ddiv.o(.text)
    __aeabi_d2ulz                            0x00800a77   Thumb Code    48  dfixul.o(.text)
    __aeabi_cdrcmple                         0x00800aa9   Thumb Code    48  cdrcmple.o(.text)
    __scatterload                            0x00800ad9   Thumb Code    28  init.o(.text)
    __scatterload_rt2                        0x00800ad9   Thumb Code     0  init.o(.text)
    __aeabi_llsl                             0x00800afd   Thumb Code    30  llshl.o(.text)
    _ll_shift_l                              0x00800afd   Thumb Code     0  llshl.o(.text)
    __aeabi_llsr                             0x00800b1b   Thumb Code    32  llushr.o(.text)
    _ll_ushift_r                             0x00800b1b   Thumb Code     0  llushr.o(.text)
    __aeabi_lasr                             0x00800b3b   Thumb Code    36  llsshr.o(.text)
    _ll_sshift_r                             0x00800b3b   Thumb Code     0  llsshr.o(.text)
    _double_round                            0x00800b5f   Thumb Code    30  depilogue.o(.text)
    _double_epilogue                         0x00800b7d   Thumb Code   156  depilogue.o(.text)
    EXTI_Handler                             0x00800c75   Thumb Code   522  soc_gpio.o(.text.EXTI_Handler)
    HAL_COMP_Callback                        0x00800e81   Thumb Code    72  main.o(.text.HAL_COMP_Callback)
    HAL_COMP_Config                          0x00800ed5   Thumb Code    18  hal_comp.o(.text.HAL_COMP_Config)
    HAL_COMP_IRQHandler                      0x00800ee9   Thumb Code    32  hal_comp.o(.text.HAL_COMP_IRQHandler)
    HAL_COMP_Init                            0x00800f09   Thumb Code    10  hal_comp.o(.text.HAL_COMP_Init)
    HAL_COMP_MSP_Init                        0x00800f15   Thumb Code   132  msp_comp.o(.text.HAL_COMP_MSP_Init)
    HAL_COMP_Start                           0x00800fcd   Thumb Code    30  hal_comp.o(.text.HAL_COMP_Start)
    HAL_DAC_Init                             0x00800fed   Thumb Code   316  hal_dac.o(.text.HAL_DAC_Init)
    HAL_DAC_MSP_Init                         0x00801129   Thumb Code    86  msp_dac.o(.text.HAL_DAC_MSP_Init)
    HAL_DAC_SetValue                         0x00801181   Thumb Code   120  hal_dac.o(.text.HAL_DAC_SetValue)
    SEGGER_RTT_Init                          0x00801229   Thumb Code   128  segger_rtt.o(.text.SEGGER_RTT_Init)
    SEGGER_RTT_PutCharSkip                   0x008012a9   Thumb Code   200  segger_rtt.o(.text.SEGGER_RTT_PutCharSkip)
    SWINT_Handler_ASM                        0x00801371   Thumb Code    24  swint_asm.o(.text.SWINT_Handler_ASM)
    SWINT_Handler_C                          0x0080138d   Thumb Code    22  platform.o(.text.SWINT_Handler_C)
    SystemInit                               0x008013a5   Thumb Code    74  platform.o(.text.SystemInit)
    V33_EXTI_Async_Handler                   0x008013f1   Thumb Code   226  soc_gpio.o(.text.V33_EXTI_Async_Handler)
    assert                                   0x008014d5   Thumb Code    40  dbg.o(.text.assert)
    fputc                                    0x00801525   Thumb Code    16  log.o(.text.fputc)
    io_exti_callback                         0x00801535   Thumb Code     2  soc_gpio.o(.text.io_exti_callback)
    io_init                                  0x00801539   Thumb Code   116  soc_gpio.o(.text.io_init)
    log_hex_output                           0x008015ad   Thumb Code   328  log.o(.text.log_hex_output)
    log_init                                 0x008016f9   Thumb Code    40  log.o(.text.log_init)
    log_output                               0x00801721   Thumb Code    50  log.o(.text.log_output)
    low_power_init                           0x00801755   Thumb Code    76  sleep.o(.text.low_power_init)
    main                                     0x008017a1   Thumb Code   114  main.o(.text.main)
    pinmux_comp1_init                        0x00801815   Thumb Code   152  soc_gpio.o(.text.pinmux_comp1_init)
    sys_init_none                            0x008018ad   Thumb Code    78  platform.o(.text.sys_init_none)
    systick_start                            0x008018fd   Thumb Code    50  systick.o(.text.systick_start)
    Long Thumb to Thumb Veneer to hal_flash_read_security_area 0x0080192f   Thumb Code    10  anon$$obj.o(Veneer$$Code)
    Long Thumb to Thumb Veneer to disable_global_irq 0x00801939   Thumb Code    10  anon$$obj.o(Veneer$$Code)
    Long Thumb to Thumb Veneer to clk_flash_init 0x00801943   Thumb Code    10  anon$$obj.o(Veneer$$Code)
    __0printf                                0x0080194d   Thumb Code    22  printfa.o(i.__0printf)
    __1printf                                0x0080194d   Thumb Code     0  printfa.o(i.__0printf)
    __2printf                                0x0080194d   Thumb Code     0  printfa.o(i.__0printf)
    __c89printf                              0x0080194d   Thumb Code     0  printfa.o(i.__0printf)
    printf                                   0x0080194d   Thumb Code     0  printfa.o(i.__0printf)
    __0vprintf                               0x0080196d   Thumb Code     8  printfa.o(i.__0vprintf)
    __1vprintf                               0x0080196d   Thumb Code     0  printfa.o(i.__0vprintf)
    __2vprintf                               0x0080196d   Thumb Code     0  printfa.o(i.__0vprintf)
    __c89vprintf                             0x0080196d   Thumb Code     0  printfa.o(i.__0vprintf)
    vprintf                                  0x0080196d   Thumb Code     0  printfa.o(i.__0vprintf)
    __scatterload_copy                       0x0080197d   Thumb Code    14  handlers.o(i.__scatterload_copy)
    __scatterload_null                       0x0080198b   Thumb Code     2  handlers.o(i.__scatterload_null)
    __scatterload_zeroinit                   0x0080198d   Thumb Code    14  handlers.o(i.__scatterload_zeroinit)
    putc                                     0x0080224f   Thumb Code     4  putc.o(i.putc)
    hex_num_tab                              0x00802252   Data          17  log.o(.rodata.hex_num_tab)
    Region$$Table$$Base                      0x0080234c   Number         0  anon$$obj.o(Region$$Table)
    Region$$Table$$Limit                     0x0080238c   Number         0  anon$$obj.o(Region$$Table)
    __Vectors                                0x20000000   Data           4  startup_asm.o(RESET)
    __Vectors_End                            0x200000ec   Data           0  startup_asm.o(RESET)
    flash_stat                               0x200000ec   Data           0  rom_sym.txt ABSOLUTE
    sec_boot                                 0x200000ee   Data           0  rom_sym.txt ABSOLUTE
    secp256k1                                0x200000ef   Data           0  rom_sym.txt ABSOLUTE
    pub_key                                  0x200000f0   Data           0  rom_sym.txt ABSOLUTE
    flash_dual_mode_only                     0x20000130   Data           0  rom_sym.txt ABSOLUTE
    cpu_sleep_asm                            0x20000135   Thumb Code    20  sleep_asm.o(.xip_banned.sleep_recover_asm)
    cpu_recover_asm                          0x20000149   Thumb Code    20  sleep_asm.o(.xip_banned.sleep_recover_asm)
    SysTick_Handler                          0x2000015d   Thumb Code    16  systick.o(.xip_banned.SysTick_Handler)
    after_wfi                                0x2000016d   Thumb Code     2  sleep.o(.xip_banned.after_wfi)
    before_wfi                               0x20000171   Thumb Code     2  sleep.o(.xip_banned.before_wfi)
    clk_flash_init                           0x20000175   Thumb Code    72  platform.o(.xip_banned.clk_flash_init)
    disable_global_irq                       0x200001bd   Thumb Code     4  cpu.o(.xip_banned.disable_global_irq)
    hal_flash_dual_mode_get                  0x200001c1   Thumb Code    12  hal_flash.o(.xip_banned.hal_flash_dual_mode_get)
    hal_flash_read_security_area             0x200001cd   Thumb Code    38  rom_flash_api_wrapper.o(.xip_banned.hal_flash_read_security_area)
    hal_flash_xip_start                      0x200001f5   Thumb Code   108  hal_flash_qspiv2.o(.xip_banned.hal_flash_xip_start)
    hal_flash_xip_status_get                 0x20000261   Thumb Code    12  hal_flash.o(.xip_banned.hal_flash_xip_status_get)
    hal_flash_xip_status_set                 0x2000026d   Thumb Code    12  hal_flash.o(.xip_banned.hal_flash_xip_status_set)
    hal_flash_xip_stop                       0x20000279   Thumb Code    96  hal_flash_qspiv2.o(.xip_banned.hal_flash_xip_stop)
    qspiv2_direct_dual_read_config           0x200002d9   Thumb Code    38  hal_qspiv2.o(.xip_banned.qspiv2_direct_dual_read_config)
    qspiv2_direct_quad_read_config           0x20000301   Thumb Code    36  hal_qspiv2.o(.xip_banned.qspiv2_direct_quad_read_config)
    ram_assert                               0x20000325   Thumb Code     6  dbg.o(.xip_banned.ram_assert)
    restore_msp_psp_control                  0x2000032d   Thumb Code    48  sleep.o(.xip_banned.restore_msp_psp_control)
    store_msp_psp_control                    0x2000035d   Thumb Code    44  sleep.o(.xip_banned.store_msp_psp_control)
    sync_for_xip_stop                        0x20000389   Thumb Code    42  platform.o(.xip_banned.sync_for_xip_stop)
    Long Thumb to Thumb Veneer to arm_cm_delay_asm 0x200003b3   Thumb Code    10  anon$$obj.o(Veneer$$Code)
    Long Thumb to Thumb Veneer to _hal_flash_read_security_area 0x200003bd   Thumb Code    10  anon$$obj.o(Veneer$$Code)
    Long Thumb to Thumb Veneer to enter_critical 0x200003c7   Thumb Code    10  anon$$obj.o(Veneer$$Code)
    Long Thumb to Thumb Veneer to qspiv2_stg_read_write 0x200003d1   Thumb Code    10  anon$$obj.o(Veneer$$Code)
    Long Thumb to Thumb Veneer to exit_critical 0x200003db   Thumb Code    10  anon$$obj.o(Veneer$$Code)
    __stdout                                 0x200003e4   Data           4  stdout.o(.data)
    _SEGGER_RTT                              0x20000424   Data         168  segger_rtt.o(.bss._SEGGER_RTT)
    log_hex_output_fn                        0x200008e0   Data           4  log.o(.bss.log_hex_output_fn)
    log_output_fn                            0x200008e4   Data           4  log.o(.bss.log_output_fn)
    __initial_sp                             0x20000cf0   Data           0  startup_asm.o(STACK)



==============================================================================

Memory Map of the image

  Image Entry point : 0x008006a1

  Load Region LR_FLASH (Base: 0x00800300, Size: 0x0000208c, Max: 0x00080000, ABSOLUTE)

    Execution Region FLASH_CODE (Exec base: 0x008006a0, Load base: 0x008006a0, Size: 0x00001cec, Max: 0xffffffff, ABSOLUTE, FIXED)

    Exec Addr    Load Addr    Size         Type   Attr      Idx    E Section Name        Object

    0x008006a0   0x008006a0   0x00000000   Code   RO         2826  * .ARM.Collect$$$$00000000  mc_w.l(entry.o)
    0x008006a0   0x008006a0   0x00000004   Code   RO         3100    .ARM.Collect$$$$00000001  mc_w.l(entry2.o)
    0x008006a4   0x008006a4   0x00000004   Code   RO         3103    .ARM.Collect$$$$00000004  mc_w.l(entry5.o)
    0x008006a8   0x008006a8   0x00000000   Code   RO         3105    .ARM.Collect$$$$00000008  mc_w.l(entry7b.o)
    0x008006a8   0x008006a8   0x00000000   Code   RO         3107    .ARM.Collect$$$$0000000A  mc_w.l(entry8b.o)
    0x008006a8   0x008006a8   0x00000008   Code   RO         3108    .ARM.Collect$$$$0000000B  mc_w.l(entry9a.o)
    0x008006b0   0x008006b0   0x00000000   Code   RO         3110    .ARM.Collect$$$$0000000D  mc_w.l(entry10a.o)
    0x008006b0   0x008006b0   0x00000000   Code   RO         3112    .ARM.Collect$$$$0000000F  mc_w.l(entry11a.o)
    0x008006b0   0x008006b0   0x00000004   Code   RO         3101    .ARM.Collect$$$$00002712  mc_w.l(entry2.o)
    0x008006b4   0x008006b4   0x00000024   Code   RO         2708    .text               startup_asm.o
    0x008006d8   0x008006d8   0x0000002c   Code   RO         3123    .text               mc_w.l(uidiv.o)
    0x00800704   0x00800704   0x00000062   Code   RO         3125    .text               mc_w.l(uldiv.o)
    0x00800766   0x00800766   0x00000000   Code   RO         3127    .text               mc_w.l(iusefp.o)
    0x00800766   0x00800766   0x0000014e   Code   RO         3128    .text               mf_w.l(dadd.o)
    0x008008b4   0x008008b4   0x000000e4   Code   RO         3130    .text               mf_w.l(dmul.o)
    0x00800998   0x00800998   0x000000de   Code   RO         3132    .text               mf_w.l(ddiv.o)
    0x00800a76   0x00800a76   0x00000030   Code   RO         3134    .text               mf_w.l(dfixul.o)
    0x00800aa6   0x00800aa6   0x00000002   PAD
    0x00800aa8   0x00800aa8   0x00000030   Code   RO         3136    .text               mf_w.l(cdrcmple.o)
    0x00800ad8   0x00800ad8   0x00000024   Code   RO         3138    .text               mc_w.l(init.o)
    0x00800afc   0x00800afc   0x0000001e   Code   RO         3140    .text               mc_w.l(llshl.o)
    0x00800b1a   0x00800b1a   0x00000020   Code   RO         3142    .text               mc_w.l(llushr.o)
    0x00800b3a   0x00800b3a   0x00000024   Code   RO         3144    .text               mc_w.l(llsshr.o)
    0x00800b5e   0x00800b5e   0x000000ba   Code   RO         3146    .text               mf_w.l(depilogue.o)
    0x00800c18   0x00800c18   0x0000005c   Code   RO         1531    .text.COMP_Handler  msp_comp.o
    0x00800c74   0x00800c74   0x0000020a   Code   RO         2093    .text.EXTI_Handler  soc_gpio.o
    0x00800e7e   0x00800e7e   0x00000002   PAD
    0x00800e80   0x00800e80   0x00000054   Code   RO            4    .text.HAL_COMP_Callback  main.o
    0x00800ed4   0x00800ed4   0x00000012   Code   RO          168    .text.HAL_COMP_Config  hal_comp.o
    0x00800ee6   0x00800ee6   0x00000002   PAD
    0x00800ee8   0x00800ee8   0x00000020   Code   RO          176    .text.HAL_COMP_IRQHandler  hal_comp.o
    0x00800f08   0x00800f08   0x0000000a   Code   RO          164    .text.HAL_COMP_Init  hal_comp.o
    0x00800f12   0x00800f12   0x00000002   PAD
    0x00800f14   0x00800f14   0x000000b8   Code   RO         1529    .text.HAL_COMP_MSP_Init  msp_comp.o
    0x00800fcc   0x00800fcc   0x0000001e   Code   RO          170    .text.HAL_COMP_Start  hal_comp.o
    0x00800fea   0x00800fea   0x00000002   PAD
    0x00800fec   0x00800fec   0x0000013c   Code   RO          274    .text.HAL_DAC_Init  hal_dac.o
    0x00801128   0x00801128   0x00000056   Code   RO         1573    .text.HAL_DAC_MSP_Init  msp_dac.o
    0x0080117e   0x0080117e   0x00000002   PAD
    0x00801180   0x00801180   0x000000a8   Code   RO          284    .text.HAL_DAC_SetValue  hal_dac.o
    0x00801228   0x00801228   0x00000080   Code   RO         1404    .text.SEGGER_RTT_Init  segger_rtt.o
    0x008012a8   0x008012a8   0x000000c8   Code   RO         1374    .text.SEGGER_RTT_PutCharSkip  segger_rtt.o
    0x00801370   0x00801370   0x0000001c   Code   RO         2736    .text.SWINT_Handler_ASM  swint_asm.o
    0x0080138c   0x0080138c   0x00000016   Code   RO         2004    .text.SWINT_Handler_C  platform.o
    0x008013a2   0x008013a2   0x00000002   PAD
    0x008013a4   0x008013a4   0x0000004a   Code   RO         1992    .text.SystemInit    platform.o
    0x008013ee   0x008013ee   0x00000002   PAD
    0x008013f0   0x008013f0   0x000000e2   Code   RO         2091    .text.V33_EXTI_Async_Handler  soc_gpio.o
    0x008014d2   0x008014d2   0x00000002   PAD
    0x008014d4   0x008014d4   0x00000050   Code   RO         1313    .text.assert        dbg.o
    0x00801524   0x00801524   0x00000010   Code   RO         1331    .text.fputc         log.o
    0x00801534   0x00801534   0x00000002   Code   RO         2089    .text.io_exti_callback  soc_gpio.o
    0x00801536   0x00801536   0x00000002   PAD
    0x00801538   0x00801538   0x00000074   Code   RO         2095    .text.io_init       soc_gpio.o
    0x008015ac   0x008015ac   0x0000014c   Code   RO         1337    .text.log_hex_output  log.o
    0x008016f8   0x008016f8   0x00000028   Code   RO         1335    .text.log_init      log.o
    0x00801720   0x00801720   0x00000032   Code   RO         1333    .text.log_output    log.o
    0x00801752   0x00801752   0x00000002   PAD
    0x00801754   0x00801754   0x0000004c   Code   RO         2062    .text.low_power_init  sleep.o
    0x008017a0   0x008017a0   0x00000072   Code   RO            2    .text.main          main.o
    0x00801812   0x00801812   0x00000002   PAD
    0x00801814   0x00801814   0x00000098   Code   RO         2605    .text.pinmux_comp1_init  soc_gpio.o
    0x008018ac   0x008018ac   0x0000004e   Code   RO         1998    .text.sys_init_none  platform.o
    0x008018fa   0x008018fa   0x00000002   PAD
    0x008018fc   0x008018fc   0x00000032   Code   RO         2810    .text.systick_start  systick.o
    0x0080192e   0x0080192e   0x0000000a   Ven    RO         3161    Veneer$$Code        anon$$obj.o
    0x00801938   0x00801938   0x0000000a   Ven    RO         3162    Veneer$$Code        anon$$obj.o
    0x00801942   0x00801942   0x0000000a   Ven    RO         3163    Veneer$$Code        anon$$obj.o
    0x0080194c   0x0080194c   0x00000020   Code   RO         3072    i.__0printf         mc_w.l(printfa.o)
    0x0080196c   0x0080196c   0x00000010   Code   RO         3076    i.__0vprintf        mc_w.l(printfa.o)
    0x0080197c   0x0080197c   0x0000000e   Code   RO         3150    i.__scatterload_copy  mc_w.l(handlers.o)
    0x0080198a   0x0080198a   0x00000002   Code   RO         3151    i.__scatterload_null  mc_w.l(handlers.o)
    0x0080198c   0x0080198c   0x0000000e   Code   RO         3152    i.__scatterload_zeroinit  mc_w.l(handlers.o)
    0x0080199a   0x0080199a   0x00000002   PAD
    0x0080199c   0x0080199c   0x00000184   Code   RO         3079    i._fp_digits        mc_w.l(printfa.o)
    0x00801b20   0x00801b20   0x000006dc   Code   RO         3080    i._printf_core      mc_w.l(printfa.o)
    0x008021fc   0x008021fc   0x00000024   Code   RO         3081    i._printf_post_padding  mc_w.l(printfa.o)
    0x00802220   0x00802220   0x0000002e   Code   RO         3082    i._printf_pre_padding  mc_w.l(printfa.o)
    0x0080224e   0x0080224e   0x00000004   Code   RO         2827    i.putc              mc_w.l(putc.o)
    0x00802252   0x00802252   0x00000011   Data   RO         1339    .rodata.hex_num_tab  log.o
    0x00802263   0x00802263   0x000000b4   Data   RO            6    .rodata.str1.1      main.o
    0x00802317   0x00802317   0x0000002b   Data   RO          288    .rodata.str1.1      hal_dac.o
    0x00802342   0x00802342   0x00000009   Data   RO         1417    .rodata.str1.1      segger_rtt.o
    0x0080234b   0x0080234b   0x00000001   PAD
    0x0080234c   0x0080234c   0x00000040   Data   RO         3149    Region$$Table       anon$$obj.o


    Execution Region VECTOR_CODE (Exec base: 0x20000000, Load base: 0x00800300, Size: 0x000000ec, Max: 0xffffffff, ABSOLUTE)

    Exec Addr    Load Addr    Size         Type   Attr      Idx    E Section Name        Object

    0x20000000   0x00800300   0x000000ec   Data   RO         2707    RESET               startup_asm.o


    Execution Region RAM_DATA_CODE (Exec base: 0x20000134, Load base: 0x008003ec, Size: 0x000002b4, Max: 0xffffffff, ABSOLUTE)

    Exec Addr    Load Addr    Size         Type   Attr      Idx    E Section Name        Object

    0x20000134   0x008003ec   0x00000028   Code   RO         2084    .xip_banned.sleep_recover_asm  sleep_asm.o
    0x2000015c   0x00800414   0x00000010   Code   RO         2808    .xip_banned.SysTick_Handler  systick.o
    0x2000016c   0x00800424   0x00000002   Code   RO         2058    .xip_banned.after_wfi  sleep.o
    0x2000016e   0x00800426   0x00000002   PAD
    0x20000170   0x00800428   0x00000002   Code   RO         2056    .xip_banned.before_wfi  sleep.o
    0x20000172   0x0080042a   0x00000002   PAD
    0x20000174   0x0080042c   0x00000048   Code   RO         1996    .xip_banned.clk_flash_init  platform.o
    0x200001bc   0x00800474   0x00000004   Code   RO         1440    .xip_banned.disable_global_irq  cpu.o
    0x200001c0   0x00800478   0x0000000c   Code   RO          370    .xip_banned.hal_flash_dual_mode_get  hal_flash.o
    0x200001cc   0x00800484   0x00000026   Code   RO         2022    .xip_banned.hal_flash_read_security_area  rom_flash_api_wrapper.o
    0x200001f2   0x008004aa   0x00000002   PAD
    0x200001f4   0x008004ac   0x0000006c   Code   RO          446    .xip_banned.hal_flash_xip_start  hal_flash_qspiv2.o
    0x20000260   0x00800518   0x0000000c   Code   RO          422    .xip_banned.hal_flash_xip_status_get  hal_flash.o
    0x2000026c   0x00800524   0x0000000c   Code   RO          372    .xip_banned.hal_flash_xip_status_set  hal_flash.o
    0x20000278   0x00800530   0x00000060   Code   RO          448    .xip_banned.hal_flash_xip_stop  hal_flash_qspiv2.o
    0x200002d8   0x00800590   0x00000026   Code   RO          687    .xip_banned.qspiv2_direct_dual_read_config  hal_qspiv2.o
    0x200002fe   0x008005b6   0x00000002   PAD
    0x20000300   0x008005b8   0x00000024   Code   RO          685    .xip_banned.qspiv2_direct_quad_read_config  hal_qspiv2.o
    0x20000324   0x008005dc   0x00000006   Code   RO         1315    .xip_banned.ram_assert  dbg.o
    0x2000032a   0x008005e2   0x00000002   PAD
    0x2000032c   0x008005e4   0x00000030   Code   RO         2054    .xip_banned.restore_msp_psp_control  sleep.o
    0x2000035c   0x00800614   0x0000002c   Code   RO         2052    .xip_banned.store_msp_psp_control  sleep.o
    0x20000388   0x00800640   0x0000002a   Code   RO         2002    .xip_banned.sync_for_xip_stop  platform.o
    0x200003b2   0x0080066a   0x0000000a   Ven    RO         3156    Veneer$$Code        anon$$obj.o
    0x200003bc   0x00800674   0x0000000a   Ven    RO         3157    Veneer$$Code        anon$$obj.o
    0x200003c6   0x0080067e   0x0000000a   Ven    RO         3158    Veneer$$Code        anon$$obj.o
    0x200003d0   0x00800688   0x0000000a   Ven    RO         3159    Veneer$$Code        anon$$obj.o
    0x200003da   0x00800692   0x0000000a   Ven    RO         3160    Veneer$$Code        anon$$obj.o
    0x200003e4   0x0080069c   0x00000004   Data   RW         2829    .data               mc_w.l(stdout.o)


    Execution Region BSS (Exec base: 0x200003e8, Load base: 0x0080238c, Size: 0x00000504, Max: 0xffffffff, ABSOLUTE)

    Exec Addr    Load Addr    Size         Type   Attr      Idx    E Section Name        Object

    0x200003e8        -       0x00000004   Zero   RW            7    .bss.COMP_Config    main.o
    0x200003ec        -       0x00000004   Zero   RW         1535    .bss.COMP_inst_env.0  msp_comp.o
    0x200003f0        -       0x00000004   Zero   RW         1536    .bss.COMP_inst_env.1  msp_comp.o
    0x200003f4        -       0x00000004   Zero   RW         1537    .bss.COMP_inst_env.2  msp_comp.o
    0x200003f8        -       0x00000001   Zero   RW         2074    .bss.CPU_CONTROL    sleep.o
    0x200003f9   0x0080238c   0x00000003   PAD
    0x200003fc        -       0x00000004   Zero   RW         2076    .bss.CPU_MSP        sleep.o
    0x20000400        -       0x00000004   Zero   RW         2075    .bss.CPU_PSP        sleep.o
    0x20000404        -       0x00000020   Zero   RW            8    .bss.DACx_Hdl       main.o
    0x20000424        -       0x000000a8   Zero   RW         1414    .bss._SEGGER_RTT    segger_rtt.o
    0x200004cc        -       0x00000010   Zero   RW         1419    .bss._acDownBuffer  segger_rtt.o
    0x200004dc        -       0x00000400   Zero   RW         1418    .bss._acUpBuffer    segger_rtt.o
    0x200008dc        -       0x00000001   Zero   RW         2694    .bss.comp1_dat.0    soc_gpio.o
    0x200008dd   0x0080238c   0x00000003   PAD
    0x200008e0        -       0x00000004   Zero   RW         1341    .bss.log_hex_output_fn  log.o
    0x200008e4        -       0x00000004   Zero   RW         1340    .bss.log_output_fn  log.o
    0x200008e8        -       0x00000004   Zero   RW         2818    .bss.total_ticks    systick.o


    Execution Region HEAP (Exec base: 0x200008ec, Load base: 0x0080238c, Size: 0x00000000, Max: 0xffffffff, ABSOLUTE, UNINIT)

    **** No section assigned to this execution region ****


    Execution Region STACK (Exec base: 0x200008f0, Load base: 0x0080238c, Size: 0x00000400, Max: 0xffffffff, ABSOLUTE, UNINIT)

    Exec Addr    Load Addr    Size         Type   Attr      Idx    E Section Name        Object

    0x200008f0        -       0x00000400   Zero   RW         2705    STACK               startup_asm.o



  Load Region LR_INFO (Base: 0x00800000, Size: 0x0000025c, Max: 0xffffffff, ABSOLUTE)

    Execution Region INFO (Exec base: 0x00800000, Load base: 0x00800000, Size: 0x0000025c, Max: 0xffffffff, ABSOLUTE)

    Exec Addr    Load Addr    Size         Type   Attr      Idx    E Section Name        Object

    0x00800000   0x00800000   0x0000025c   Data   RO         1428    .rodata.__info_array  __info_array.o


==============================================================================

Image component sizes


      Code (inc. data)   RO Data    RW Data    ZI Data      Debug   Object Name

         0          0        604          0          0        479   __info_array.o
         4          0          0          0          0       4774   cpu.o
        86         40          0          0          0       1365   dbg.o
         0          0          0          0          0         32   delay_asm.o
        90          0          0          0          0       4108   hal_comp.o
       484         48         43          0          0       9094   hal_dac.o
        36          0          0          0          0       8616   hal_flash.o
       204          0          0          0          0       8987   hal_flash_qspiv2.o
        74          0          0          0          0       6905   hal_qspiv2.o
       438          4         17          0          8       3569   log.o
       198         12        180          0         36       5315   main.o
       276         52          0          0         12       6021   msp_comp.o
        86          0          0          0          0       6101   msp_dac.o
       288          0          0          0          0      10438   platform.o
        38          0          0          0          0       4321   rom_flash_api_wrapper.o
       328          0          9          0       1208      27539   segger_rtt.o
       172          0          0          0          9       9832   sleep.o
        40          0          0          0          0        548   sleep_asm.o
      1018          8          0          0          1     111610   soc_gpio.o
        36         10        236          0       1024        868   startup_asm.o
        28          4          0          0          0        504   swint_asm.o
        66          0          0          0          4       3927   systick.o

    ----------------------------------------------------------------------
      4104        178       1154          0       2308     234953   Object Totals
        80          0         64          0          0          0   (incl. Generated)
        34          0          1          0          6          0   (incl. Padding)

    ----------------------------------------------------------------------

      Code (inc. data)   RO Data    RW Data    ZI Data      Debug   Library Member Name

         0          0          0          0          0          0   entry.o
         0          0          0          0          0          0   entry10a.o
         0          0          0          0          0          0   entry11a.o
         8          4          0          0          0          0   entry2.o
         4          0          0          0          0          0   entry5.o
         0          0          0          0          0          0   entry7b.o
         0          0          0          0          0          0   entry8b.o
         8          4          0          0          0          0   entry9a.o
        30          0          0          0          0          0   handlers.o
        36          8          0          0          0         68   init.o
         0          0          0          0          0          0   iusefp.o
        30          0          0          0          0         68   llshl.o
        36          0          0          0          0         68   llsshr.o
        32          0          0          0          0         68   llushr.o
      2274         98          0          0          0        520   printfa.o
         4          0          0          0          0         68   putc.o
         0          0          0          4          0          0   stdout.o
        44          0          0          0          0         80   uidiv.o
        98          0          0          0          0         92   uldiv.o
        48          0          0          0          0         68   cdrcmple.o
       334          0          0          0          0        148   dadd.o
       222          0          0          0          0        100   ddiv.o
       186          0          0          0          0        176   depilogue.o
        48          0          0          0          0         68   dfixul.o
       228          0          0          0          0         96   dmul.o

    ----------------------------------------------------------------------
      3674        114          0          4          0       1688   Library Totals
         4          0          0          0          0          0   (incl. Padding)

    ----------------------------------------------------------------------

      Code (inc. data)   RO Data    RW Data    ZI Data      Debug   Library Name

      2604        114          0          4          0       1032   mc_w.l
      1066          0          0          0          0        656   mf_w.l

    ----------------------------------------------------------------------
      3674        114          0          4          0       1688   Library Totals

    ----------------------------------------------------------------------

==============================================================================


      Code (inc. data)   RO Data    RW Data    ZI Data      Debug   

      7778        292       1154          4       2308     235441   Grand Totals
      7778        292       1154          4       2308     235441   ELF Image Totals
      7778        292       1154          4          0          0   ROM Totals

==============================================================================

    Total RO  Size (Code + RO Data)                 8932 (   8.72kB)
    Total RW  Size (RW Data + ZI Data)              2312 (   2.26kB)
    Total ROM Size (Code + RO Data + RW Data)       8936 (   8.73kB)

==============================================================================

