<html>
<body>
<pre>
<h1>µVision Build Log</h1>
<h2>Tool Versions:</h2>
IDE-Version: ¦ÌVision V5.38.0.0
Copyright (C) 2022 ARM Ltd and ARM Germany GmbH. All rights reserved.
License Information: w jc, zx, LIC=8VRJ7-E8HDP-Z9QG9-4SYLR-4VUY3-PI1MN
 
Tool Versions:
Toolchain:       MDK-ARM Plus  Version: 5.38.0.0
Toolchain Path:  C:\Keil_v5\ARM\ARMCLANG\Bin
C Compiler:      ArmClang.exe V6.19
Assembler:       Armasm.exe V6.19
Linker/Locator:  ArmLink.exe V6.19
Library Manager: ArmAr.exe V6.19
Hex Converter:   FromElf.exe V6.19
CPU DLL:         SARMCM3.DLL V5.38.0.0
Dialog DLL:      DCM.DLL V1.17.5.0
Target DLL:      Segger\JL2CM3.dll V2.99.42.0
Dialog DLL:      TCM.DLL V1.56.4.0
 
<h2>Project:</h2>
D:\m0m4_sdk\ls\sccc9xx_sdk_0.75.3\examples\sccc9xx\usb\usbd_cdc_msc_fatfs_connect\MDK\uvision5\usbd_cdc_msc_fatfs.uvprojx
Project File Date:  08/15/2023

<h2>Output:</h2>
*** Using Compiler 'V6.19', folder: 'C:\Keil_v5\ARM\ARMCLANG\Bin'
Rebuild target 'usbd_cdc_msc_fatfs'
compiling bsp.c...
compiling hal_adcv2.c...
compiling hal_adcv2_dma.c...
compiling diskio.c...
compiling hal_cache.c...
compiling hal_comp.c...
compiling hal_can.c...
compiling hal_crc.c...
compiling hal_dac.c...
compiling main.c...
compiling hal_crypt.c...
compiling hal_dac_dma.c...
compiling hal_dmacv2.c...
compiling hal_ecc.c...
compiling hal_flash.c...
compiling hal_flash_swint.c...
compiling hal_flash_qspiv2.c...
compiling msc_disk.c...
compiling hal_iwdgv2.c...
compiling hal_i2c_dma.c...
compiling hal_pdm.c...
compiling hal_pis.c...
compiling hal_qspiv2.c...
compiling hal_i2c.c...
compiling hal_rtcv2.c...
compiling hal_sha.c...
compiling hal_sm4.c...
compiling hal_spi_i2s_dma.c...
compiling disk_port.c...
compiling hal_spi_i2s.c...
compiling hal_ssi.c...
compiling hal_ssi_dma.c...
compiling hal_trngv2.c...
compiling hal_touchkey.c...
compiling hal_uart_dma.c...
compiling hal_uart.c...
compiling usb_descriptors.c...
compiling hal_timer.c...
compiling hal_wwdg.c...
compiling tusb_hcd.c...
compiling audio_device.c...
compiling bth_device.c...
compiling tusb_dcd.c...
compiling cdc_host.c...
compiling cdc_rndis_host.c...
compiling dfu_device.c...
compiling dfu_rt_device.c...
compiling dbg.c...
compiling common.c...
compiling circular_doubly_linked_list.c...
../../../../../../module/tinyusb/src/class/cdc/cdc_device.c(396): warning: address of function 'tud_cdc_line_state_cb' will always evaluate to 'true' [-Wpointer-bool-conversion]
        if ( tud_cdc_line_state_cb ) tud_cdc_line_state_cb(itf, dtr, rts);
        ~~   ^~~~~~~~~~~~~~~~~~~~~
../../../../../../module/tinyusb/src/class/cdc/cdc_device.c(396): note: prefix with the address-of operator to silence this warning
        if ( tud_cdc_line_state_cb ) tud_cdc_line_state_cb(itf, dtr, rts);
             ^
             &
1 warning generated.
compiling cdc_device.c...
compiling ecm_rndis_device.c...
compiling ffunicode.c...
compiling hid_device.c...
compiling hid_host.c...
compiling hub.c...
compiling log.c...
compiling midi_device.c...
compiling msc_host.c...
compiling ncm_device.c...
compiling msc_device.c...
compiling tusb.c...
compiling SEGGER_RTT.c...
compiling usbd_control.c...
compiling tusb_fifo.c...
../../../../../../module/tinyusb/src/device/usbd.c(507): warning: address of function 'tud_umount_cb' will always evaluate to 'true' [-Wpointer-bool-conversion]
        if (tud_umount_cb) tud_umount_cb();
        ~~  ^~~~~~~~~~~~~
../../../../../../module/tinyusb/src/device/usbd.c(507): note: prefix with the address-of operator to silence this warning
        if (tud_umount_cb) tud_umount_cb();
            ^
            &
../../../../../../module/tinyusb/src/device/usbd.c(960): warning: address of function 'tud_mount_cb' will always evaluate to 'true' [-Wpointer-bool-conversion]
  if (tud_mount_cb) tud_mount_cb();
  ~~  ^~~~~~~~~~~~
../../../../../../module/tinyusb/src/device/usbd.c(960): note: prefix with the address-of operator to silence this warning
  if (tud_mount_cb) tud_mount_cb();
      ^
      &
2 warnings generated.
compiling usbd.c...
compiling usbh.c...
compiling usbtmc_device.c...
compiling vendor_device.c...
compiling vendor_host.c...
compiling video_device.c...
compiling __info_array.c...
compiling cpu.c...
compiling ff.c...
compiling msp_adc.c...
compiling msp_cache.c...
compiling msp_can.c...
assembling delay_asm.S...
compiling msp_comp.c...
compiling msp_crc.c...
compiling msp_dac.c...
compiling msp_crypt.c...
compiling msp_dmacv2.c...
compiling msp_ecc.c...
compiling msp_i2c.c...
compiling msp_iwdg.c...
compiling msp_pis.c...
compiling msp_pdm.c...
compiling msp_qspiv2.c...
compiling msp_rtc.c...
compiling msp_sm4.c...
compiling msp_sha.c...
compiling msp_ssi.c...
compiling msp_spi_i2s.c...
compiling msp_touchkey.c...
compiling msp_timer.c...
compiling msp_trngv2.c...
compiling msp_wwdg.c...
compiling msp_uart.c...
compiling rom_flash_api_wrapper.c...
compiling platform.c...
compiling msp_usb.c...
compiling sleep.c...
compiling startup.c...
compiling sw_timer_port.c...
assembling sleep_asm.S...
assembling startup_asm.S...
assembling swint_asm.S...
compiling sys_stat.c...
compiling systick.c...
compiling soc_gpio.c...
linking...
Program Size: Code=23186 RO-data=1158 RW-data=52 ZI-data=3692  
".\UVBuild\usbd_cdc_msc_fatfs.axf" - 0 Error(s), 3 Warning(s).

<h2>Software Packages used:</h2>

Package Vendor: Sgchip.sccc9xx
                
                Sgchip.sccc9xx.DFP.1.0.0
                ECxxxx Series Device Support, Drivers and Examples

<h2>Collection of Component include folders:</h2>
  C:/Users/Administrator/AppData/Local/Arm/Packs/Sgchip.sccc9xx/DFP/1.0.0/Device/ARM/ARMCM4/Include

<h2>Collection of Component Files used:</h2>
Build Time Elapsed:  00:00:10
</pre>
</body>
</html>
