Component: Arm Compiler for Embedded 6.19 Tool: armlink [5e73cb00]

==============================================================================

Section Cross References

    bsp.o(.text.board_init) refers to platform.o(.text.sys_init_none) for sys_init_none
    bsp.o(.text.board_init) refers to soc_gpio.o(.text.pinmux_usb_init) for pinmux_usb_init
    bsp.o(.text.board_init) refers to soc_gpio.o(.text.io_cfg_output) for io_cfg_output
    bsp.o(.text.board_init) refers to soc_gpio.o(.text.io_set_pin) for io_set_pin
    bsp.o(.ARM.exidx.text.board_init) refers to bsp.o(.text.board_init) for [Anonymous Symbol]
    bsp.o(.text.board_led_write) refers to bsp.o(.bss.g_board_led_rgb_idx) for g_board_led_rgb_idx
    bsp.o(.text.board_led_write) refers to soc_gpio.o(.text.io_clr_pin) for io_clr_pin
    bsp.o(.text.board_led_write) refers to soc_gpio.o(.text.io_set_pin) for io_set_pin
    bsp.o(.ARM.exidx.text.board_led_write) refers to bsp.o(.text.board_led_write) for [Anonymous Symbol]
    bsp.o(.text.board_millis) refers to systick.o(.xip_banned.systick_get_value) for systick_get_value
    bsp.o(.ARM.exidx.text.board_millis) refers to bsp.o(.text.board_millis) for [Anonymous Symbol]
    bsp.o(.text.board_button_read) refers to bsp.o(.bss.board_button_read.button) for board_button_read.button
    bsp.o(.ARM.exidx.text.board_button_read) refers to bsp.o(.text.board_button_read) for [Anonymous Symbol]
    bsp.o(.text._read) refers to segger_rtt.o(.text.SEGGER_RTT_Read) for SEGGER_RTT_Read
    bsp.o(.ARM.exidx.text._read) refers to bsp.o(.text._read) for [Anonymous Symbol]
    bsp.o(.text.board_getchar) refers to segger_rtt.o(.text.SEGGER_RTT_Read) for SEGGER_RTT_Read
    bsp.o(.ARM.exidx.text.board_getchar) refers to bsp.o(.text.board_getchar) for [Anonymous Symbol]
    disk_port.o(.ARM.exidx.text.RAM_disk_status) refers to disk_port.o(.text.RAM_disk_status) for [Anonymous Symbol]
    disk_port.o(.ARM.exidx.text.RAM_disk_initialize) refers to disk_port.o(.text.RAM_disk_initialize) for [Anonymous Symbol]
    disk_port.o(.text.RAM_disk_read) refers to rom_flash_api_wrapper.o(.xip_banned.hal_flash_fast_read) for hal_flash_fast_read
    disk_port.o(.ARM.exidx.text.RAM_disk_read) refers to disk_port.o(.text.RAM_disk_read) for [Anonymous Symbol]
    disk_port.o(.text.RAM_disk_write) refers to rom_flash_api_wrapper.o(.xip_banned.hal_flash_page_erase) for hal_flash_page_erase
    disk_port.o(.text.RAM_disk_write) refers to rom_flash_api_wrapper.o(.xip_banned.hal_flash_quad_page_program) for hal_flash_quad_page_program
    disk_port.o(.ARM.exidx.text.RAM_disk_write) refers to disk_port.o(.text.RAM_disk_write) for [Anonymous Symbol]
    disk_port.o(.ARM.exidx.text.RAM_disk_ioctl) refers to disk_port.o(.text.RAM_disk_ioctl) for [Anonymous Symbol]
    diskio.o(.text.disk_status) refers to disk_port.o(.text.RAM_disk_status) for RAM_disk_status
    diskio.o(.ARM.exidx.text.disk_status) refers to diskio.o(.text.disk_status) for [Anonymous Symbol]
    diskio.o(.text.disk_initialize) refers to disk_port.o(.text.RAM_disk_initialize) for RAM_disk_initialize
    diskio.o(.ARM.exidx.text.disk_initialize) refers to diskio.o(.text.disk_initialize) for [Anonymous Symbol]
    diskio.o(.text.disk_read) refers to disk_port.o(.text.RAM_disk_read) for RAM_disk_read
    diskio.o(.ARM.exidx.text.disk_read) refers to diskio.o(.text.disk_read) for [Anonymous Symbol]
    diskio.o(.text.disk_write) refers to disk_port.o(.text.RAM_disk_write) for RAM_disk_write
    diskio.o(.ARM.exidx.text.disk_write) refers to diskio.o(.text.disk_write) for [Anonymous Symbol]
    diskio.o(.text.disk_ioctl) refers to disk_port.o(.text.RAM_disk_ioctl) for RAM_disk_ioctl
    diskio.o(.ARM.exidx.text.disk_ioctl) refers to diskio.o(.text.disk_ioctl) for [Anonymous Symbol]
    main.o(.text.main) refers to bsp.o(.text.board_init) for board_init
    main.o(.text.main) refers to usbd.o(.text.tud_init) for tud_init
    main.o(.text.main) refers to main.o(.bss.led_blinking_task.start_ms) for led_blinking_task.start_ms
    main.o(.text.main) refers to main.o(.data.blink_interval_ms) for blink_interval_ms
    main.o(.text.main) refers to main.o(.bss.cdc_send_data_task.start_cdc_send_ms) for cdc_send_data_task.start_cdc_send_ms
    main.o(.text.main) refers to main.o(.bss.uart_is_connected) for uart_is_connected
    main.o(.text.main) refers to bsp.o(.bss.g_board_led_rgb_idx) for g_board_led_rgb_idx
    main.o(.text.main) refers to main.o(.bss.led_blinking_task.led_state) for led_blinking_task.led_state
    main.o(.text.main) refers to usbd.o(.text.tud_task_ext) for tud_task_ext
    main.o(.text.main) refers to bsp.o(.text.board_millis) for board_millis
    main.o(.text.main) refers to bsp.o(.text.board_led_write) for board_led_write
    main.o(.text.main) refers to cdc_device.o(.text.tud_cdc_n_write) for tud_cdc_n_write
    main.o(.text.main) refers to cdc_device.o(.text.tud_cdc_n_write_flush) for tud_cdc_n_write_flush
[...]
    [Anonymous Symbol]                       0x00802368   Section        0  tusb_dcd.o(.text.dcd_int_disable)
    [Anonymous Symbol]                       0x0080236c   Section        0  tusb_dcd.o(.text.dcd_int_enable)
    [Anonymous Symbol]                       0x00802370   Section        0  tusb_dcd.o(.text.dcd_int_handler)
    [Anonymous Symbol]                       0x00802734   Section        0  tusb_dcd.o(.text.dcd_set_address)
    fail_scsi_op                             0x00802755   Thumb Code    90  msc_device.o(.text.fail_scsi_op)
    [Anonymous Symbol]                       0x00802754   Section        0  msc_device.o(.text.fail_scsi_op)
    [Anonymous Symbol]                       0x008027b0   Section        0  log.o(.text.fputc)
    handle_xfer_in                           0x008027c1   Thumb Code   592  tusb_dcd.o(.text.handle_xfer_in)
    [Anonymous Symbol]                       0x008027c0   Section        0  tusb_dcd.o(.text.handle_xfer_in)
    handle_xfer_out                          0x00802a11   Thumb Code   826  tusb_dcd.o(.text.handle_xfer_out)
    [Anonymous Symbol]                       0x00802a10   Section        0  tusb_dcd.o(.text.handle_xfer_out)
    [Anonymous Symbol]                       0x00802d4c   Section        0  soc_gpio.o(.text.io_cfg_output)
    [Anonymous Symbol]                       0x00802d70   Section        0  soc_gpio.o(.text.io_clr_pin)
    [Anonymous Symbol]                       0x00802d8c   Section        0  soc_gpio.o(.text.io_exti_callback)
    [Anonymous Symbol]                       0x00802d90   Section        0  soc_gpio.o(.text.io_init)
    [Anonymous Symbol]                       0x00802e04   Section        0  soc_gpio.o(.text.io_set_pin)
    [Anonymous Symbol]                       0x00802e20   Section        0  log.o(.text.log_hex_output)
    [Anonymous Symbol]                       0x00802f6c   Section        0  log.o(.text.log_init)
    [Anonymous Symbol]                       0x00802f94   Section        0  log.o(.text.log_output)
    [Anonymous Symbol]                       0x00802fc8   Section        0  sleep.o(.text.low_power_init)
    [Anonymous Symbol]                       0x00803014   Section        0  main.o(.text.main)
    [Anonymous Symbol]                       0x008030c0   Section        0  msc_device.o(.text.mscd_control_xfer_cb)
    [Anonymous Symbol]                       0x0080322c   Section        0  msc_device.o(.text.mscd_init)
    [Anonymous Symbol]                       0x00803240   Section        0  msc_device.o(.text.mscd_open)
    [Anonymous Symbol]                       0x008032dc   Section        0  msc_device.o(.text.mscd_reset)
    [Anonymous Symbol]                       0x008032f0   Section        0  msc_device.o(.text.mscd_xfer_cb)
    [Anonymous Symbol]                       0x008036d0   Section        0  soc_gpio.o(.text.pinmux_usb_init)
    proc_builtin_scsi                        0x00803761   Thumb Code   524  msc_device.o(.text.proc_builtin_scsi)
    [Anonymous Symbol]                       0x00803760   Section        0  msc_device.o(.text.proc_builtin_scsi)
    proc_read10_cmd                          0x0080396d   Thumb Code   234  msc_device.o(.text.proc_read10_cmd)
    [Anonymous Symbol]                       0x0080396c   Section        0  msc_device.o(.text.proc_read10_cmd)
    proc_write10_cmd                         0x00803a59   Thumb Code   156  msc_device.o(.text.proc_write10_cmd)
    [Anonymous Symbol]                       0x00803a58   Section        0  msc_device.o(.text.proc_write10_cmd)
    process_edpt_n                           0x00803af5   Thumb Code   172  tusb_dcd.o(.text.process_edpt_n)
    [Anonymous Symbol]                       0x00803af4   Section        0  tusb_dcd.o(.text.process_edpt_n)
    process_get_descriptor                   0x00803ba1   Thumb Code   204  usbd.o(.text.process_get_descriptor)
    [Anonymous Symbol]                       0x00803ba0   Section        0  usbd.o(.text.process_get_descriptor)
    process_set_config                       0x00803c6d   Thumb Code   600  usbd.o(.text.process_set_config)
    [Anonymous Symbol]                       0x00803c6c   Section        0  usbd.o(.text.process_set_config)
    send_csw                                 0x00803ec5   Thumb Code    50  msc_device.o(.text.send_csw)
    [Anonymous Symbol]                       0x00803ec4   Section        0  msc_device.o(.text.send_csw)
    [Anonymous Symbol]                       0x00803ef8   Section        0  platform.o(.text.sys_init_none)
    [Anonymous Symbol]                       0x00803f64   Section        0  systick.o(.text.systick_start)
    [Anonymous Symbol]                       0x00803f98   Section        0  tusb.o(.text.tu_edpt_bind_driver)
    [Anonymous Symbol]                       0x00803fc8   Section        0  tusb.o(.text.tu_edpt_claim)
    [Anonymous Symbol]                       0x00803ff0   Section        0  tusb.o(.text.tu_edpt_release)
    [Anonymous Symbol]                       0x0080400c   Section        0  tusb.o(.text.tu_edpt_validate)
    [Anonymous Symbol]                       0x008040c0   Section        0  tusb_fifo.o(.text.tu_fifo_advance_read_pointer)
    [Anonymous Symbol]                       0x008040e4   Section        0  tusb_fifo.o(.text.tu_fifo_advance_write_pointer)
    [Anonymous Symbol]                       0x00804108   Section        0  tusb_fifo.o(.text.tu_fifo_clear)
    [Anonymous Symbol]                       0x00804114   Section        0  tusb_fifo.o(.text.tu_fifo_config)
    [Anonymous Symbol]                       0x00804140   Section        0  tusb_fifo.o(.text.tu_fifo_count)
    [Anonymous Symbol]                       0x0080415c   Section        0  tusb_fifo.o(.text.tu_fifo_empty)
    [Anonymous Symbol]                       0x0080416c   Section        0  tusb_fifo.o(.text.tu_fifo_get_read_info)
    [Anonymous Symbol]                       0x00804228   Section        0  tusb_fifo.o(.text.tu_fifo_get_write_info)
    [Anonymous Symbol]                       0x008042d4   Section        0  tusb_fifo.o(.text.tu_fifo_read)
    [Anonymous Symbol]                       0x0080435c   Section        0  tusb_fifo.o(.text.tu_fifo_read_n)
    [Anonymous Symbol]                       0x0080441c   Section        0  tusb_fifo.o(.text.tu_fifo_remaining)
    [Anonymous Symbol]                       0x00804434   Section        0  tusb_fifo.o(.text.tu_fifo_set_overwritable)
    [Anonymous Symbol]                       0x00804448   Section        0  tusb_fifo.o(.text.tu_fifo_write)
    [Anonymous Symbol]                       0x008044d4   Section        0  tusb_fifo.o(.text.tu_fifo_write_n)
    [Anonymous Symbol]                       0x008044dc   Section        0  main.o(.text.tud_cdc_line_state_cb)
    [Anonymous Symbol]                       0x00804548   Section        0  cdc_device.o(.text.tud_cdc_n_write)
    [Anonymous Symbol]                       0x00804580   Section        0  cdc_device.o(.text.tud_cdc_n_write_flush)
    [Anonymous Symbol]                       0x00804610   Section        0  usbd_control.o(.text.tud_control_status)
    [Anonymous Symbol]                       0x00804640   Section        0  usbd_control.o(.text.tud_control_xfer)
    [Anonymous Symbol]                       0x0080470c   Section        0  usb_descriptors.o(.text.tud_descriptor_configuration_cb)
    [Anonymous Symbol]                       0x00804718   Section        0  usb_descriptors.o(.text.tud_descriptor_device_cb)
    [Anonymous Symbol]                       0x00804724   Section        0  usb_descriptors.o(.text.tud_descriptor_string_cb)
    [Anonymous Symbol]                       0x00804808   Section        0  usbd.o(.text.tud_init)
    [Anonymous Symbol]                       0x008048f8   Section        0  usbd.o(.text.tud_inited)
    [Anonymous Symbol]                       0x0080490c   Section        0  main.o(.text.tud_mount_cb)
    [Anonymous Symbol]                       0x0080491c   Section        0  usbd.o(.text.tud_mounted)
    [Anonymous Symbol]                       0x00804930   Section        0  msc_disk.o(.text.tud_msc_capacity_cb)
    [Anonymous Symbol]                       0x00804940   Section        0  msc_disk.o(.text.tud_msc_inquiry_cb)
    [Anonymous Symbol]                       0x00804980   Section        0  msc_disk.o(.text.tud_msc_read10_cb)
    [Anonymous Symbol]                       0x0080499c   Section        0  msc_disk.o(.text.tud_msc_scsi_cb)
    [Anonymous Symbol]                       0x008049b0   Section        0  msc_device.o(.text.tud_msc_set_sense)
    [Anonymous Symbol]                       0x008049c8   Section        0  msc_disk.o(.text.tud_msc_test_unit_ready_cb)
    [Anonymous Symbol]                       0x008049e8   Section        0  msc_disk.o(.text.tud_msc_write10_cb)
    [Anonymous Symbol]                       0x00804a04   Section        0  usbd.o(.text.tud_suspended)
    [Anonymous Symbol]                       0x00804a14   Section        0  usbd.o(.text.tud_task_ext)
    [Anonymous Symbol]                       0x00805118   Section        0  main.o(.text.tud_umount_cb)
    [Anonymous Symbol]                       0x00805128   Section        0  tusb.o(.text.tusb_inited)
    [Anonymous Symbol]                       0x0080512c   Section        0  usbd_control.o(.text.usbd_control_reset)
    [Anonymous Symbol]                       0x00805144   Section        0  usbd_control.o(.text.usbd_control_set_complete_callback)
    [Anonymous Symbol]                       0x00805150   Section        0  usbd_control.o(.text.usbd_control_set_request)
    [Anonymous Symbol]                       0x00805168   Section        0  usbd_control.o(.text.usbd_control_xfer_cb)
    [Anonymous Symbol]                       0x008052b8   Section        0  usbd.o(.text.usbd_edpt_busy)
    [Anonymous Symbol]                       0x008052d8   Section        0  usbd.o(.text.usbd_edpt_claim)
    [Anonymous Symbol]                       0x008052f4   Section        0  usbd.o(.text.usbd_edpt_clear_stall)
    [Anonymous Symbol]                       0x00805334   Section        0  usbd.o(.text.usbd_edpt_open)
    [Anonymous Symbol]                       0x00805394   Section        0  usbd.o(.text.usbd_edpt_release)
    [Anonymous Symbol]                       0x008053b0   Section        0  usbd.o(.text.usbd_edpt_stall)
    [Anonymous Symbol]                       0x008053f0   Section        0  usbd.o(.text.usbd_edpt_stalled)
    [Anonymous Symbol]                       0x00805410   Section        0  usbd.o(.text.usbd_edpt_xfer)
    [Anonymous Symbol]                       0x0080548c   Section        0  usbd.o(.text.usbd_int_set)
    [Anonymous Symbol]                       0x008054a4   Section        0  usbd.o(.text.usbd_open_edpt_pair)
    i.__0printf                              0x008055ac   Section        0  printfa.o(i.__0printf)
    i.__0vprintf                             0x008055cc   Section        0  printfa.o(i.__0vprintf)
    i.__scatterload_copy                     0x008055dc   Section       14  handlers.o(i.__scatterload_copy)
    i.__scatterload_null                     0x008055ea   Section        2  handlers.o(i.__scatterload_null)
    i.__scatterload_zeroinit                 0x008055ec   Section       14  handlers.o(i.__scatterload_zeroinit)
    _fp_digits                               0x008055fd   Thumb Code   366  printfa.o(i._fp_digits)
    i._fp_digits                             0x008055fc   Section        0  printfa.o(i._fp_digits)
    _printf_core                             0x00805781   Thumb Code  1744  printfa.o(i._printf_core)
    i._printf_core                           0x00805780   Section        0  printfa.o(i._printf_core)
    _printf_post_padding                     0x00805e5d   Thumb Code    36  printfa.o(i._printf_post_padding)
    i._printf_post_padding                   0x00805e5c   Section        0  printfa.o(i._printf_post_padding)
    _printf_pre_padding                      0x00805e81   Thumb Code    46  printfa.o(i._printf_pre_padding)
    i._printf_pre_padding                    0x00805e80   Section        0  printfa.o(i._printf_pre_padding)
    i.putc                                   0x00805eae   Section        0  putc.o(i.putc)
    .compoundliteral                         0x00805eb2   Data           2  usb_descriptors.o(.rodata..compoundliteral)
    [Anonymous Symbol]                       0x00805eb2   Section        0  usb_descriptors.o(.rodata..compoundliteral)
    _usbd_driver                             0x00805eb4   Data          48  usbd.o(.rodata._usbd_driver)
    [Anonymous Symbol]                       0x00805eb4   Section        0  usbd.o(.rodata._usbd_driver)
    [Anonymous Symbol]                       0x00805f69   Section        0  usb_descriptors.o(.rodata.str1.1)
    .L.str                                   0x00805fa5   Data           9  segger_rtt.o(.rodata.str1.1)
    [Anonymous Symbol]                       0x00805fa5   Section        0  segger_rtt.o(.rodata.str1.1)
    RESET                                    0x20000000   Section      236  startup_asm.o(RESET)
    $v0                                      0x20000134   Number         0  sleep_asm.o(.xip_banned.sleep_recover_asm)
    .xip_banned.sleep_recover_asm            0x20000134   Section       40  sleep_asm.o(.xip_banned.sleep_recover_asm)
    [Anonymous Symbol]                       0x2000015c   Section        0  systick.o(.xip_banned.SysTick_Handler)
    [Anonymous Symbol]                       0x2000016c   Section        0  sleep.o(.xip_banned.after_wfi)
    [Anonymous Symbol]                       0x20000170   Section        0  sleep.o(.xip_banned.before_wfi)
    [Anonymous Symbol]                       0x20000174   Section        0  platform.o(.xip_banned.clk_flash_init)
    [Anonymous Symbol]                       0x200001d8   Section        0  cpu.o(.xip_banned.disable_global_irq)
    [Anonymous Symbol]                       0x200001dc   Section        0  hal_flash.o(.xip_banned.hal_flash_dual_mode_get)
    [Anonymous Symbol]                       0x200001e8   Section        0  rom_flash_api_wrapper.o(.xip_banned.hal_flash_fast_read)
    [Anonymous Symbol]                       0x20000208   Section        0  rom_flash_api_wrapper.o(.xip_banned.hal_flash_page_erase)
    [Anonymous Symbol]                       0x20000220   Section        0  rom_flash_api_wrapper.o(.xip_banned.hal_flash_quad_page_program)
    [Anonymous Symbol]                       0x20000240   Section        0  hal_flash_qspiv2.o(.xip_banned.hal_flash_xip_start)
    [Anonymous Symbol]                       0x200002ac   Section        0  hal_flash.o(.xip_banned.hal_flash_xip_status_get)
    [Anonymous Symbol]                       0x200002b8   Section        0  hal_flash.o(.xip_banned.hal_flash_xip_status_set)
    [Anonymous Symbol]                       0x200002c4   Section        0  hal_flash_qspiv2.o(.xip_banned.hal_flash_xip_stop)
    [Anonymous Symbol]                       0x20000324   Section        0  hal_qspiv2.o(.xip_banned.qspiv2_direct_dual_read_config)
    [Anonymous Symbol]                       0x2000034c   Section        0  hal_qspiv2.o(.xip_banned.qspiv2_direct_quad_read_config)
    [Anonymous Symbol]                       0x20000370   Section        0  dbg.o(.xip_banned.ram_assert)
    [Anonymous Symbol]                       0x20000378   Section        0  sleep.o(.xip_banned.restore_msp_psp_control)
    [Anonymous Symbol]                       0x200003a8   Section        0  sleep.o(.xip_banned.store_msp_psp_control)
    [Anonymous Symbol]                       0x200003d4   Section        0  platform.o(.xip_banned.sync_for_xip_stop)
    [Anonymous Symbol]                       0x20000400   Section        0  systick.o(.xip_banned.systick_get_value)
    .data                                    0x20000454   Section        4  stdout.o(.data)
    _usbd_rhport                             0x20000468   Data           1  usbd.o(.data._usbd_rhport)
    [Anonymous Symbol]                       0x20000468   Section        0  usbd.o(.data._usbd_rhport)
    blink_interval_ms                        0x2000046c   Data           4  main.o(.data.blink_interval_ms)
    [Anonymous Symbol]                       0x2000046c   Section        0  main.o(.data.blink_interval_ms)
    CPU_CONTROL                              0x20000488   Data           1  sleep.o(.bss.CPU_CONTROL)
    [Anonymous Symbol]                       0x20000488   Section        0  sleep.o(.bss.CPU_CONTROL)
    CPU_MSP                                  0x2000048c   Data           4  sleep.o(.bss.CPU_MSP)
    [Anonymous Symbol]                       0x2000048c   Section        0  sleep.o(.bss.CPU_MSP)
    CPU_PSP                                  0x20000490   Data           4  sleep.o(.bss.CPU_PSP)
    [Anonymous Symbol]                       0x20000490   Section        0  sleep.o(.bss.CPU_PSP)
    _acDownBuffer                            0x2000053c   Data          16  segger_rtt.o(.bss._acDownBuffer)
    [Anonymous Symbol]                       0x2000053c   Section        0  segger_rtt.o(.bss._acDownBuffer)
    _acUpBuffer                              0x2000054c   Data        1024  segger_rtt.o(.bss._acUpBuffer)
    [Anonymous Symbol]                       0x2000054c   Section        0  segger_rtt.o(.bss._acUpBuffer)
    _app_driver                              0x2000094c   Data           4  usbd.o(.bss._app_driver)
    [Anonymous Symbol]                       0x2000094c   Section        0  usbd.o(.bss._app_driver)
    _app_driver_count                        0x20000950   Data           1  usbd.o(.bss._app_driver_count)
    [Anonymous Symbol]                       0x20000950   Section        0  usbd.o(.bss._app_driver_count)
    _cdcd_itf                                0x20000954   Data         296  cdc_device.o(.bss._cdcd_itf)
    [Anonymous Symbol]                       0x20000954   Section        0  cdc_device.o(.bss._cdcd_itf)
    _ctrl_xfer                               0x20000a80   Data          20  usbd_control.o(.bss._ctrl_xfer)
    [Anonymous Symbol]                       0x20000a80   Section        0  usbd_control.o(.bss._ctrl_xfer)
    _dcd                                     0x20000a98   Data         136  tusb_dcd.o(.bss._dcd)
    [Anonymous Symbol]                       0x20000a98   Section        0  tusb_dcd.o(.bss._dcd)
    _desc_str                                0x20000b20   Data          64  usb_descriptors.o(.bss._desc_str)
    [Anonymous Symbol]                       0x20000b20   Section        0  usb_descriptors.o(.bss._desc_str)
    _mscd_buf                                0x20000b60   Data         512  msc_device.o(.bss._mscd_buf)
    [Anonymous Symbol]                       0x20000b60   Section        0  msc_device.o(.bss._mscd_buf)
    _mscd_itf                                0x20000d60   Data          64  msc_device.o(.bss._mscd_itf)
    [Anonymous Symbol]                       0x20000d60   Section        0  msc_device.o(.bss._mscd_itf)
    _usbd_ctrl_buf                           0x20000da0   Data          64  usbd_control.o(.bss._usbd_ctrl_buf)
    [Anonymous Symbol]                       0x20000da0   Section        0  usbd_control.o(.bss._usbd_ctrl_buf)
    _usbd_dev                                0x20000de0   Data          47  usbd.o(.bss._usbd_dev)
    [Anonymous Symbol]                       0x20000de0   Section        0  usbd.o(.bss._usbd_dev)
    _usbd_q                                  0x20000e10   Data           4  usbd.o(.bss._usbd_q)
    [Anonymous Symbol]                       0x20000e10   Section        0  usbd.o(.bss._usbd_q)
    cdc_send_data_task.start_cdc_send_ms     0x20000ed4   Data           4  main.o(.bss.cdc_send_data_task.start_cdc_send_ms)
    [Anonymous Symbol]                       0x20000ed4   Section        0  main.o(.bss.cdc_send_data_task.start_cdc_send_ms)
    ejected                                  0x20000ed8   Data           1  msc_disk.o(.bss.ejected)
    [Anonymous Symbol]                       0x20000ed8   Section        0  msc_disk.o(.bss.ejected)
    led_blinking_task.led_state              0x20000eda   Data           1  main.o(.bss.led_blinking_task.led_state)
    [Anonymous Symbol]                       0x20000eda   Section        0  main.o(.bss.led_blinking_task.led_state)
    led_blinking_task.start_ms               0x20000edc   Data           4  main.o(.bss.led_blinking_task.start_ms)
    [Anonymous Symbol]                       0x20000edc   Section        0  main.o(.bss.led_blinking_task.start_ms)
    rx_data_delay                            0x20000ee8   Data           1  tusb_dcd.o(.bss.rx_data_delay)
    [Anonymous Symbol]                       0x20000ee8   Section        0  tusb_dcd.o(.bss.rx_data_delay)
    total_ticks                              0x20000eec   Data           4  systick.o(.bss.total_ticks)
    [Anonymous Symbol]                       0x20000eec   Section        0  systick.o(.bss.total_ticks)
    STACK                                    0x20000ef8   Section     1024  startup_asm.o(STACK)

    Global Symbols

    Symbol Name                              Value     Ov Type        Size  Object(Section)

    BuildAttributes$$THM_ISAv4$E$P$D$K$B$S$7EM$VFPi3$EXTD16$VFPS$VFMA$PE$A:L22UL41UL21$X:L11$S22US41US21$IEEE1$IW$~IW$USESV6$~STKCKD$USESV7$~SHL$OTIME$ROPI$EBA8$MICROLIB$REQ8$PRES8$EABIv2 0x00000000   Number         0  anon$$obj.o ABSOLUTE
    _printf_a                                0x00000000   Number         0  printfstubs.o ABSOLUTE
    _printf_c                                0x00000000   Number         0  printfstubs.o ABSOLUTE
    _printf_charcount                        0x00000000   Number         0  printfstubs.o ABSOLUTE
    _printf_d                                0x00000000   Number         0  printfstubs.o ABSOLUTE
    _printf_e                                0x00000000   Number         0  printfstubs.o ABSOLUTE
    _printf_f                                0x00000000   Number         0  printfstubs.o ABSOLUTE
    _printf_flags                            0x00000000   Number         0  printfstubs.o ABSOLUTE
    _printf_fp_dec                           0x00000000   Number         0  printfstubs.o ABSOLUTE
    _printf_fp_hex                           0x00000000   Number         0  printfstubs.o ABSOLUTE
    _printf_g                                0x00000000   Number         0  printfstubs.o ABSOLUTE
    _printf_i                                0x00000000   Number         0  printfstubs.o ABSOLUTE
    _printf_int_dec                          0x00000000   Number         0  printfstubs.o ABSOLUTE
    _printf_l                                0x00000000   Number         0  printfstubs.o ABSOLUTE
    _printf_lc                               0x00000000   Number         0  printfstubs.o ABSOLUTE
    _printf_ll                               0x00000000   Number         0  printfstubs.o ABSOLUTE
    _printf_lld                              0x00000000   Number         0  printfstubs.o ABSOLUTE
    _printf_lli                              0x00000000   Number         0  printfstubs.o ABSOLUTE
    _printf_llo                              0x00000000   Number         0  printfstubs.o ABSOLUTE
    _printf_llu                              0x00000000   Number         0  printfstubs.o ABSOLUTE
    _printf_llx                              0x00000000   Number         0  printfstubs.o ABSOLUTE
    _printf_longlong_dec                     0x00000000   Number         0  printfstubs.o ABSOLUTE
    _printf_longlong_hex                     0x00000000   Number         0  printfstubs.o ABSOLUTE
    _printf_longlong_oct                     0x00000000   Number         0  printfstubs.o ABSOLUTE
    _printf_ls                               0x00000000   Number         0  printfstubs.o ABSOLUTE
    _printf_mbtowc                           0x00000000   Number         0  printfstubs.o ABSOLUTE
    _printf_n                                0x00000000   Number         0  printfstubs.o ABSOLUTE
    _printf_o                                0x00000000   Number         0  printfstubs.o ABSOLUTE
    _printf_p                                0x00000000   Number         0  printfstubs.o ABSOLUTE
    _printf_percent                          0x00000000   Number         0  printfstubs.o ABSOLUTE
    _printf_pre_padding                      0x00000000   Number         0  printfstubs.o ABSOLUTE
    _printf_return_value                     0x00000000   Number         0  printfstubs.o ABSOLUTE
    _printf_s                                0x00000000   Number         0  printfstubs.o ABSOLUTE
    _printf_sizespec                         0x00000000   Number         0  printfstubs.o ABSOLUTE
    _printf_str                              0x00000000   Number         0  printfstubs.o ABSOLUTE
    _printf_truncate_signed                  0x00000000   Number         0  printfstubs.o ABSOLUTE
    _printf_truncate_unsigned                0x00000000   Number         0  printfstubs.o ABSOLUTE
    _printf_u                                0x00000000   Number         0  printfstubs.o ABSOLUTE
    _printf_wc                               0x00000000   Number         0  printfstubs.o ABSOLUTE
    _printf_wctomb                           0x00000000   Number         0  printfstubs.o ABSOLUTE
    _printf_widthprec                        0x00000000   Number         0  printfstubs.o ABSOLUTE
    _printf_x                                0x00000000   Number         0  printfstubs.o ABSOLUTE
    __cpp_initialize__aeabi_                  - Undefined Weak Reference
    __cxa_finalize                            - Undefined Weak Reference
    __decompress                              - Undefined Weak Reference
    _clock_init                               - Undefined Weak Reference
    _microlib_exit                            - Undefined Weak Reference
    dcd_edpt0_status_complete                 - Undefined Weak Reference
    tud_cdc_line_coding_cb                    - Undefined Weak Reference
    tud_cdc_rx_wanted_cb                      - Undefined Weak Reference
    tud_cdc_send_break_cb                     - Undefined Weak Reference
    tud_cdc_tx_complete_cb                    - Undefined Weak Reference
    tud_descriptor_bos_cb                     - Undefined Weak Reference
    tud_descriptor_device_qualifier_cb        - Undefined Weak Reference
    tud_descriptor_other_speed_configuration_cb  - Undefined Weak Reference
    tud_msc_get_maxlun_cb                     - Undefined Weak Reference
    tud_msc_read10_complete_cb                - Undefined Weak Reference
    tud_msc_request_sense_cb                  - Undefined Weak Reference
    tud_msc_scsi_complete_cb                  - Undefined Weak Reference
    tud_msc_write10_complete_cb               - Undefined Weak Reference
    tud_vendor_control_xfer_cb                - Undefined Weak Reference
    usbd_app_driver_get_cb                    - Undefined Weak Reference
    __Vectors_Size                           0x000000ec   Number         0  startup_asm.o ABSOLUTE
    memcpy32                                 0x000000f1   Thumb Code     0  rom_sym.txt ABSOLUTE
    memset32                                 0x00000107   Thumb Code     0  rom_sym.txt ABSOLUTE
    uECC_secp256r1                           0x00000ea1   Thumb Code     0  rom_sym.txt ABSOLUTE
    uECC_secp256k1                           0x00000ea9   Thumb Code     0  rom_sym.txt ABSOLUTE
    uECC_verify                              0x00000eb1   Thumb Code     0  rom_sym.txt ABSOLUTE
    hal_flash_drv_var_init                   0x00001311   Thumb Code     0  rom_sym.txt ABSOLUTE
    hal_flash_write_in_process               0x0000131d   Thumb Code     0  rom_sym.txt ABSOLUTE
    flash_reading_critical                   0x00001335   Thumb Code     0  rom_sym.txt ABSOLUTE
    flash_writing_critical                   0x0000133d   Thumb Code     0  rom_sym.txt ABSOLUTE
    hal_flash_write_status_register          0x0000136d   Thumb Code     0  rom_sym.txt ABSOLUTE
    _hal_flash_quad_page_program             0x00001389   Thumb Code     0  rom_sym.txt ABSOLUTE
    _hal_flash_dual_page_program             0x0000138f   Thumb Code     0  rom_sym.txt ABSOLUTE
    _hal_flash_page_program                  0x00001395   Thumb Code     0  rom_sym.txt ABSOLUTE
    _hal_flash_sector_erase                  0x000013c5   Thumb Code     0  rom_sym.txt ABSOLUTE
    _hal_flash_chip_erase                    0x000013d9   Thumb Code     0  rom_sym.txt ABSOLUTE
    _hal_flash_read_id                       0x000013f5   Thumb Code     0  rom_sym.txt ABSOLUTE
    _hal_flash_erase_security_area           0x00001431   Thumb Code     0  rom_sym.txt ABSOLUTE
    _hal_flash_program_security_area         0x00001435   Thumb Code     0  rom_sym.txt ABSOLUTE
    _hal_flash_read_security_area            0x00001439   Thumb Code     0  rom_sym.txt ABSOLUTE
    qspiv2_init                              0x000017ed   Thumb Code     0  rom_sym.txt ABSOLUTE
    qspiv2_stg_read_write                    0x00001809   Thumb Code     0  rom_sym.txt ABSOLUTE
    qspiv2_stg_send_command                  0x000018f3   Thumb Code     0  rom_sym.txt ABSOLUTE
    qspiv2_stg_read_register                 0x0000190d   Thumb Code     0  rom_sym.txt ABSOLUTE
    qspiv2_stg_write_register                0x0000193b   Thumb Code     0  rom_sym.txt ABSOLUTE
    do_hal_flash_read_security_area_func     0x000019b7   Thumb Code     0  rom_sym.txt ABSOLUTE
    do_hal_flash_prog_func                   0x000019bb   Thumb Code     0  rom_sym.txt ABSOLUTE
    do_hal_flash_program_security_area_func  0x000019bf   Thumb Code     0  rom_sym.txt ABSOLUTE
    hal_flash_init                           0x000019c3   Thumb Code     0  rom_sym.txt ABSOLUTE
    hal_flash_write_enable                   0x000019c7   Thumb Code     0  rom_sym.txt ABSOLUTE
    hal_flash_read_status_register_0_ram     0x000019cd   Thumb Code     0  rom_sym.txt ABSOLUTE
    hal_flash_read_status_register_1_ram     0x000019d7   Thumb Code     0  rom_sym.txt ABSOLUTE
    do_hal_flash_write_status_reg_func       0x000019e1   Thumb Code     0  rom_sym.txt ABSOLUTE
    do_hal_flash_erase_func                  0x00001a3d   Thumb Code     0  rom_sym.txt ABSOLUTE
    do_hal_flash_chip_erase_func             0x00001a47   Thumb Code     0  rom_sym.txt ABSOLUTE
    do_hal_flash_read_func                   0x00001a4d   Thumb Code     0  rom_sym.txt ABSOLUTE
    _hal_flash_quad_io_read                  0x00001a51   Thumb Code     0  rom_sym.txt ABSOLUTE
    _hal_flash_dual_io_read                  0x00001a81   Thumb Code     0  rom_sym.txt ABSOLUTE
    _hal_flash_fast_read                     0x00001ab1   Thumb Code     0  rom_sym.txt ABSOLUTE
    hal_flash_deep_power_down                0x00001ae1   Thumb Code     0  rom_sym.txt ABSOLUTE
    hal_flash_release_from_deep_power_down   0x00001ae7   Thumb Code     0  rom_sym.txt ABSOLUTE
    do_hal_flash_read_reg_func               0x00001aed   Thumb Code     0  rom_sym.txt ABSOLUTE
    _hal_flash_read_unique_id                0x00001af9   Thumb Code     0  rom_sym.txt ABSOLUTE
    do_hal_flash_erase_security_area_func    0x00001b2d   Thumb Code     0  rom_sym.txt ABSOLUTE
    hal_flash_software_reset                 0x00001bb5   Thumb Code     0  rom_sym.txt ABSOLUTE
    HAL_CRC_Init                             0x00001e39   Thumb Code     0  rom_sym.txt ABSOLUTE
    HAL_CRC_32bit_Reverse                    0x00001e3d   Thumb Code     0  rom_sym.txt ABSOLUTE
    HAL_CRC_CRC32                            0x00001e5d   Thumb Code     0  rom_sym.txt ABSOLUTE
    SVC_Handler_C                            0x00001efd   Thumb Code     0  rom_sym.txt ABSOLUTE
    svcall_table                             0x00001f1d   Thumb Code     0  rom_sym.txt ABSOLUTE
    qspiv2_msp_init                          0x00001f81   Thumb Code     0  rom_sym.txt ABSOLUTE
    enter_critical                           0x000020dd   Thumb Code     0  rom_sym.txt ABSOLUTE
    exit_critical                            0x000020e5   Thumb Code     0  rom_sym.txt ABSOLUTE
    pinmux_hal_flash_init                    0x000022c5   Thumb Code     0  rom_sym.txt ABSOLUTE
    pinmux_hal_flash_deinit                  0x000022d9   Thumb Code     0  rom_sym.txt ABSOLUTE
    pinmux_hal_flash_quad_init               0x000022e9   Thumb Code     0  rom_sym.txt ABSOLUTE
    HAL_CRC_MSP_Init                         0x0000234d   Thumb Code     0  rom_sym.txt ABSOLUTE
    SVC_Handler                              0x0000235d   Thumb Code     0  rom_sym.txt ABSOLUTE
    arm_cm_delay_asm                         0x00002379   Thumb Code     0  rom_sym.txt ABSOLUTE
    _hal_flash_erase_operation               0x000023b7   Thumb Code     0  rom_sym.txt ABSOLUTE
    memset                                   0x00002fa1   Thumb Code     0  rom_sym.txt ABSOLUTE
    __info_array                             0x00800000   Data         604  __info_array.o(.rodata.__info_array)
    __main                                   0x00800741   Thumb Code     0  entry.o(.ARM.Collect$$$$00000000)
    _main_stk                                0x00800741   Thumb Code     0  entry2.o(.ARM.Collect$$$$00000001)
    _main_scatterload                        0x00800745   Thumb Code     0  entry5.o(.ARM.Collect$$$$00000004)
    __main_after_scatterload                 0x00800749   Thumb Code     0  entry5.o(.ARM.Collect$$$$00000004)
    _main_clock                              0x00800749   Thumb Code     0  entry7b.o(.ARM.Collect$$$$00000008)
    _main_cpp_init                           0x00800749   Thumb Code     0  entry8b.o(.ARM.Collect$$$$0000000A)
    _main_init                               0x00800749   Thumb Code     0  entry9a.o(.ARM.Collect$$$$0000000B)
    __rt_final_cpp                           0x00800751   Thumb Code     0  entry10a.o(.ARM.Collect$$$$0000000D)
    __rt_final_exit                          0x00800751   Thumb Code     0  entry11a.o(.ARM.Collect$$$$0000000F)
    Reset_Handler                            0x00800755   Thumb Code     8  startup_asm.o(.text)
    HardFault_Handler                        0x0080075d   Thumb Code     2  startup_asm.o(.text)
    NMI_Handler                              0x0080075f   Thumb Code     2  startup_asm.o(.text)
    MemManage_Handler                        0x00800761   Thumb Code     2  startup_asm.o(.text)
    BusFault_Handler                         0x00800763   Thumb Code     2  startup_asm.o(.text)
    UsageFault_Handler                       0x00800765   Thumb Code     2  startup_asm.o(.text)
    DebugMon_Handler                         0x00800769   Thumb Code     2  startup_asm.o(.text)
    PendSV_Handler                           0x0080076b   Thumb Code     2  startup_asm.o(.text)
    __aeabi_uldivmod                         0x00800779   Thumb Code    98  uldiv.o(.text)
    ___aeabi_memcpy4$move                    0x008007db   Thumb Code     0  memmovea.o(.text)
    __aeabi_memcpy                           0x008007db   Thumb Code    64  memmovea.o(.text)
    __aeabi_memcpy8                          0x008007db   Thumb Code     0  memmovea.o(.text)
    __aeabi_memmove                          0x008007db   Thumb Code     0  memmovea.o(.text)
    __aeabi_memmove4                         0x008007db   Thumb Code     0  memmovea.o(.text)
    __aeabi_memmove8                         0x008007db   Thumb Code     0  memmovea.o(.text)
    __aeabi_memset                           0x0080081b   Thumb Code    14  memseta.o(.text)
    __aeabi_memset4                          0x0080081b   Thumb Code     0  memseta.o(.text)
    __aeabi_memset8                          0x0080081b   Thumb Code     0  memseta.o(.text)
    __aeabi_memclr                           0x00800829   Thumb Code     4  memseta.o(.text)
    __aeabi_memclr4                          0x00800829   Thumb Code     0  memseta.o(.text)
    __aeabi_memclr8                          0x00800829   Thumb Code     0  memseta.o(.text)
    _memset$wrapper                          0x0080082d   Thumb Code    18  memseta.o(.text)
    strlen                                   0x0080083f   Thumb Code    14  strlen.o(.text)
    __aeabi_uidiv                            0x0080084d   Thumb Code     0  uidiv.o(.text)
    __aeabi_uidivmod                         0x0080084d   Thumb Code    44  uidiv.o(.text)
    __aeabi_llsl                             0x00800879   Thumb Code    30  llshl.o(.text)
    _ll_shift_l                              0x00800879   Thumb Code     0  llshl.o(.text)
    __aeabi_llsr                             0x00800897   Thumb Code    32  llushr.o(.text)
    _ll_ushift_r                             0x00800897   Thumb Code     0  llushr.o(.text)
    __I$use$fp                               0x008008b7   Thumb Code     0  iusefp.o(.text)
    __aeabi_dadd                             0x008008b7   Thumb Code   322  dadd.o(.text)
    __aeabi_dsub                             0x008009f9   Thumb Code     6  dadd.o(.text)
    __aeabi_drsub                            0x008009ff   Thumb Code     6  dadd.o(.text)
    __aeabi_dmul                             0x00800a05   Thumb Code   228  dmul.o(.text)
    __aeabi_ddiv                             0x00800ae9   Thumb Code   222  ddiv.o(.text)
    __aeabi_d2ulz                            0x00800bc7   Thumb Code    48  dfixul.o(.text)
    __aeabi_cdrcmple                         0x00800bf9   Thumb Code    48  cdrcmple.o(.text)
    __scatterload                            0x00800c29   Thumb Code    28  init.o(.text)
    __scatterload_rt2                        0x00800c29   Thumb Code     0  init.o(.text)
    __aeabi_lasr                             0x00800c4d   Thumb Code    36  llsshr.o(.text)
    _ll_sshift_r                             0x00800c4d   Thumb Code     0  llsshr.o(.text)
    _double_round                            0x00800c71   Thumb Code    30  depilogue.o(.text)
    _double_epilogue                         0x00800c8f   Thumb Code   156  depilogue.o(.text)
    EXTI_Handler                             0x00800d2d   Thumb Code   522  soc_gpio.o(.text.EXTI_Handler)
    HAL_USB_MSP_DisableIRQ                   0x00800f39   Thumb Code    22  msp_usb.o(.text.HAL_USB_MSP_DisableIRQ)
    HAL_USB_MSP_EnableIRQ                    0x00800f51   Thumb Code    14  msp_usb.o(.text.HAL_USB_MSP_EnableIRQ)
    HAL_USB_MSP_GetEnableIRQ                 0x00800f61   Thumb Code    16  msp_usb.o(.text.HAL_USB_MSP_GetEnableIRQ)
    HAL_USB_MSP_Init                         0x00800f71   Thumb Code    34  msp_usb.o(.text.HAL_USB_MSP_Init)
    RAM_disk_read                            0x00800f95   Thumb Code    64  disk_port.o(.text.RAM_disk_read)
    RAM_disk_write                           0x00800fd5   Thumb Code    96  disk_port.o(.text.RAM_disk_write)
    SEGGER_RTT_Init                          0x00801035   Thumb Code   128  segger_rtt.o(.text.SEGGER_RTT_Init)
    SEGGER_RTT_PutCharSkip                   0x008010b5   Thumb Code   200  segger_rtt.o(.text.SEGGER_RTT_PutCharSkip)
    SWINT_Handler_ASM                        0x0080117d   Thumb Code    24  swint_asm.o(.text.SWINT_Handler_ASM)
    SWINT_Handler_C                          0x00801199   Thumb Code    22  platform.o(.text.SWINT_Handler_C)
    SystemInit                               0x008011b1   Thumb Code    80  platform.o(.text.SystemInit)
    V33_EXTI_Async_Handler                   0x00801209   Thumb Code   226  soc_gpio.o(.text.V33_EXTI_Async_Handler)
    board_init                               0x008015d5   Thumb Code    52  bsp.o(.text.board_init)
    board_led_write                          0x00801609   Thumb Code    34  bsp.o(.text.board_led_write)
    board_millis                             0x0080162d   Thumb Code     4  bsp.o(.text.board_millis)
    cdcd_control_xfer_cb                     0x00801631   Thumb Code   200  cdc_device.o(.text.cdcd_control_xfer_cb)
    cdcd_init                                0x008016f9   Thumb Code    86  cdc_device.o(.text.cdcd_init)
    cdcd_open                                0x00801751   Thumb Code   342  cdc_device.o(.text.cdcd_open)
    cdcd_reset                               0x008018a9   Thumb Code    44  cdc_device.o(.text.cdcd_reset)
    cdcd_xfer_cb                             0x008018d5   Thumb Code   330  cdc_device.o(.text.cdcd_xfer_cb)
    dcd_connect                              0x00801ae9   Thumb Code    18  tusb_dcd.o(.text.dcd_connect)
    dcd_edpt_clear_stall                     0x00801afd   Thumb Code    56  tusb_dcd.o(.text.dcd_edpt_clear_stall)
    dcd_edpt_close_all                       0x00801b35   Thumb Code   366  tusb_dcd.o(.text.dcd_edpt_close_all)
    dcd_edpt_open                            0x00801ca5   Thumb Code   248  tusb_dcd.o(.text.dcd_edpt_open)
    dcd_edpt_stall                           0x00801d9d   Thumb Code   126  tusb_dcd.o(.text.dcd_edpt_stall)
    dcd_edpt_xfer                            0x00801e1d   Thumb Code   564  tusb_dcd.o(.text.dcd_edpt_xfer)
    dcd_event_handler                        0x00802051   Thumb Code   748  usbd.o(.text.dcd_event_handler)
    dcd_init                                 0x0080233d   Thumb Code    42  tusb_dcd.o(.text.dcd_init)
    dcd_int_disable                          0x00802369   Thumb Code     4  tusb_dcd.o(.text.dcd_int_disable)
    dcd_int_enable                           0x0080236d   Thumb Code     4  tusb_dcd.o(.text.dcd_int_enable)
    dcd_int_handler                          0x00802371   Thumb Code   964  tusb_dcd.o(.text.dcd_int_handler)
    dcd_set_address                          0x00802735   Thumb Code    32  tusb_dcd.o(.text.dcd_set_address)
    fputc                                    0x008027b1   Thumb Code    16  log.o(.text.fputc)
    io_cfg_output                            0x00802d4d   Thumb Code    36  soc_gpio.o(.text.io_cfg_output)
    io_clr_pin                               0x00802d71   Thumb Code    28  soc_gpio.o(.text.io_clr_pin)
    io_exti_callback                         0x00802d8d   Thumb Code     2  soc_gpio.o(.text.io_exti_callback)
    io_init                                  0x00802d91   Thumb Code   116  soc_gpio.o(.text.io_init)
    io_set_pin                               0x00802e05   Thumb Code    28  soc_gpio.o(.text.io_set_pin)
    log_hex_output                           0x00802e21   Thumb Code   328  log.o(.text.log_hex_output)
    log_init                                 0x00802f6d   Thumb Code    40  log.o(.text.log_init)
    log_output                               0x00802f95   Thumb Code    50  log.o(.text.log_output)
    low_power_init                           0x00802fc9   Thumb Code    76  sleep.o(.text.low_power_init)
    main                                     0x00803015   Thumb Code   172  main.o(.text.main)
    mscd_control_xfer_cb                     0x008030c1   Thumb Code   364  msc_device.o(.text.mscd_control_xfer_cb)
    mscd_init                                0x0080322d   Thumb Code    18  msc_device.o(.text.mscd_init)
    mscd_open                                0x00803241   Thumb Code   154  msc_device.o(.text.mscd_open)
    mscd_reset                               0x008032dd   Thumb Code    18  msc_device.o(.text.mscd_reset)
    mscd_xfer_cb                             0x008032f1   Thumb Code   992  msc_device.o(.text.mscd_xfer_cb)
    pinmux_usb_init                          0x008036d1   Thumb Code   144  soc_gpio.o(.text.pinmux_usb_init)
    sys_init_none                            0x00803ef9   Thumb Code   106  platform.o(.text.sys_init_none)
    systick_start                            0x00803f65   Thumb Code    50  systick.o(.text.systick_start)
    tu_edpt_bind_driver                      0x00803f99   Thumb Code    48  tusb.o(.text.tu_edpt_bind_driver)
    tu_edpt_claim                            0x00803fc9   Thumb Code    40  tusb.o(.text.tu_edpt_claim)
    tu_edpt_release                          0x00803ff1   Thumb Code    28  tusb.o(.text.tu_edpt_release)
    tu_edpt_validate                         0x0080400d   Thumb Code   180  tusb.o(.text.tu_edpt_validate)
    tu_fifo_advance_read_pointer             0x008040c1   Thumb Code    34  tusb_fifo.o(.text.tu_fifo_advance_read_pointer)
    tu_fifo_advance_write_pointer            0x008040e5   Thumb Code    34  tusb_fifo.o(.text.tu_fifo_advance_write_pointer)
    tu_fifo_clear                            0x00804109   Thumb Code    12  tusb_fifo.o(.text.tu_fifo_clear)
    tu_fifo_config                           0x00804115   Thumb Code    42  tusb_fifo.o(.text.tu_fifo_config)
    tu_fifo_count                            0x00804141   Thumb Code    26  tusb_fifo.o(.text.tu_fifo_count)
    tu_fifo_empty                            0x0080415d   Thumb Code    14  tusb_fifo.o(.text.tu_fifo_empty)
    tu_fifo_get_read_info                    0x0080416d   Thumb Code   188  tusb_fifo.o(.text.tu_fifo_get_read_info)
    tu_fifo_get_write_info                   0x00804229   Thumb Code   172  tusb_fifo.o(.text.tu_fifo_get_write_info)
    tu_fifo_read                             0x008042d5   Thumb Code   136  tusb_fifo.o(.text.tu_fifo_read)
    tu_fifo_read_n                           0x0080435d   Thumb Code   192  tusb_fifo.o(.text.tu_fifo_read_n)
    tu_fifo_remaining                        0x0080441d   Thumb Code    24  tusb_fifo.o(.text.tu_fifo_remaining)
    tu_fifo_set_overwritable                 0x00804435   Thumb Code    18  tusb_fifo.o(.text.tu_fifo_set_overwritable)
    tu_fifo_write                            0x00804449   Thumb Code   138  tusb_fifo.o(.text.tu_fifo_write)
    tu_fifo_write_n                          0x008044d5   Thumb Code     6  tusb_fifo.o(.text.tu_fifo_write_n)
    tud_cdc_line_state_cb                    0x008044dd   Thumb Code    40  main.o(.text.tud_cdc_line_state_cb)
    tud_cdc_n_write                          0x00804549   Thumb Code    54  cdc_device.o(.text.tud_cdc_n_write)
    tud_cdc_n_write_flush                    0x00804581   Thumb Code   142  cdc_device.o(.text.tud_cdc_n_write_flush)
    tud_control_status                       0x00804611   Thumb Code    48  usbd_control.o(.text.tud_control_status)
    tud_control_xfer                         0x00804641   Thumb Code   202  usbd_control.o(.text.tud_control_xfer)
    tud_descriptor_configuration_cb          0x0080470d   Thumb Code    10  usb_descriptors.o(.text.tud_descriptor_configuration_cb)
    tud_descriptor_device_cb                 0x00804719   Thumb Code    10  usb_descriptors.o(.text.tud_descriptor_device_cb)
    tud_descriptor_string_cb                 0x00804725   Thumb Code   228  usb_descriptors.o(.text.tud_descriptor_string_cb)
    tud_init                                 0x00804809   Thumb Code   238  usbd.o(.text.tud_init)
    tud_inited                               0x008048f9   Thumb Code    18  usbd.o(.text.tud_inited)
    tud_mount_cb                             0x0080490d   Thumb Code    16  main.o(.text.tud_mount_cb)
    tud_mounted                              0x0080491d   Thumb Code    18  usbd.o(.text.tud_mounted)
    tud_msc_capacity_cb                      0x00804931   Thumb Code    14  msc_disk.o(.text.tud_msc_capacity_cb)
    tud_msc_inquiry_cb                       0x00804941   Thumb Code    64  msc_disk.o(.text.tud_msc_inquiry_cb)
    tud_msc_read10_cb                        0x00804981   Thumb Code    28  msc_disk.o(.text.tud_msc_read10_cb)
    tud_msc_scsi_cb                          0x0080499d   Thumb Code    18  msc_disk.o(.text.tud_msc_scsi_cb)
    tud_msc_set_sense                        0x008049b1   Thumb Code    24  msc_device.o(.text.tud_msc_set_sense)
    tud_msc_test_unit_ready_cb               0x008049c9   Thumb Code    32  msc_disk.o(.text.tud_msc_test_unit_ready_cb)
    tud_msc_write10_cb                       0x008049e9   Thumb Code    28  msc_disk.o(.text.tud_msc_write10_cb)
    tud_suspended                            0x00804a05   Thumb Code    16  usbd.o(.text.tud_suspended)
    tud_task_ext                             0x00804a15   Thumb Code  1796  usbd.o(.text.tud_task_ext)
    tud_umount_cb                            0x00805119   Thumb Code    14  main.o(.text.tud_umount_cb)
    tusb_inited                              0x00805129   Thumb Code     4  tusb.o(.text.tusb_inited)
    usbd_control_reset                       0x0080512d   Thumb Code    22  usbd_control.o(.text.usbd_control_reset)
    usbd_control_set_complete_callback       0x00805145   Thumb Code    12  usbd_control.o(.text.usbd_control_set_complete_callback)
    usbd_control_set_request                 0x00805151   Thumb Code    24  usbd_control.o(.text.usbd_control_set_request)
    usbd_control_xfer_cb                     0x00805169   Thumb Code   334  usbd_control.o(.text.usbd_control_xfer_cb)
    usbd_edpt_busy                           0x008052b9   Thumb Code    30  usbd.o(.text.usbd_edpt_busy)
    usbd_edpt_claim                          0x008052d9   Thumb Code    28  usbd.o(.text.usbd_edpt_claim)
    usbd_edpt_clear_stall                    0x008052f5   Thumb Code    64  usbd.o(.text.usbd_edpt_clear_stall)
    usbd_edpt_open                           0x00805335   Thumb Code    94  usbd.o(.text.usbd_edpt_open)
    usbd_edpt_release                        0x00805395   Thumb Code    28  usbd.o(.text.usbd_edpt_release)
    usbd_edpt_stall                          0x008053b1   Thumb Code    64  usbd.o(.text.usbd_edpt_stall)
    usbd_edpt_stalled                        0x008053f1   Thumb Code    30  usbd.o(.text.usbd_edpt_stalled)
    usbd_edpt_xfer                           0x00805411   Thumb Code   124  usbd.o(.text.usbd_edpt_xfer)
    usbd_int_set                             0x0080548d   Thumb Code    24  usbd.o(.text.usbd_int_set)
    usbd_open_edpt_pair                      0x008054a5   Thumb Code   214  usbd.o(.text.usbd_open_edpt_pair)
    Long Thumb to Thumb Veneer to hal_flash_fast_read 0x0080557b   Thumb Code    10  anon$$obj.o(Veneer$$Code)
    Long Thumb to Thumb Veneer to hal_flash_page_erase 0x00805585   Thumb Code    10  anon$$obj.o(Veneer$$Code)
    Long Thumb to Thumb Veneer to hal_flash_quad_page_program 0x0080558f   Thumb Code    10  anon$$obj.o(Veneer$$Code)
    Long Thumb to Thumb Veneer to systick_get_value 0x00805599   Thumb Code    10  anon$$obj.o(Veneer$$Code)
    Long Thumb to Thumb Veneer to clk_flash_init 0x008055a3   Thumb Code    10  anon$$obj.o(Veneer$$Code)
    __0printf                                0x008055ad   Thumb Code    22  printfa.o(i.__0printf)
    __1printf                                0x008055ad   Thumb Code     0  printfa.o(i.__0printf)
    __2printf                                0x008055ad   Thumb Code     0  printfa.o(i.__0printf)
    __c89printf                              0x008055ad   Thumb Code     0  printfa.o(i.__0printf)
    printf                                   0x008055ad   Thumb Code     0  printfa.o(i.__0printf)
    __0vprintf                               0x008055cd   Thumb Code     8  printfa.o(i.__0vprintf)
    __1vprintf                               0x008055cd   Thumb Code     0  printfa.o(i.__0vprintf)
    __2vprintf                               0x008055cd   Thumb Code     0  printfa.o(i.__0vprintf)
    __c89vprintf                             0x008055cd   Thumb Code     0  printfa.o(i.__0vprintf)
    vprintf                                  0x008055cd   Thumb Code     0  printfa.o(i.__0vprintf)
    __scatterload_copy                       0x008055dd   Thumb Code    14  handlers.o(i.__scatterload_copy)
    __scatterload_null                       0x008055eb   Thumb Code     2  handlers.o(i.__scatterload_null)
    __scatterload_zeroinit                   0x008055ed   Thumb Code    14  handlers.o(i.__scatterload_zeroinit)
    putc                                     0x00805eaf   Thumb Code     4  putc.o(i.putc)
    desc_device                              0x00805ee4   Data          18  usb_descriptors.o(.rodata.desc_device)
    desc_fs_configuration                    0x00805ef6   Data          98  usb_descriptors.o(.rodata.desc_fs_configuration)
    hex_num_tab                              0x00805f58   Data          17  log.o(.rodata.hex_num_tab)
    Region$$Table$$Base                      0x00805fb0   Number         0  anon$$obj.o(Region$$Table)
    Region$$Table$$Limit                     0x00805ff0   Number         0  anon$$obj.o(Region$$Table)
    __Vectors                                0x20000000   Data           4  startup_asm.o(RESET)
    __Vectors_End                            0x200000ec   Data           0  startup_asm.o(RESET)
    flash_stat                               0x200000ec   Data           0  rom_sym.txt ABSOLUTE
    sec_boot                                 0x200000ee   Data           0  rom_sym.txt ABSOLUTE
    secp256k1                                0x200000ef   Data           0  rom_sym.txt ABSOLUTE
    pub_key                                  0x200000f0   Data           0  rom_sym.txt ABSOLUTE
    flash_dual_mode_only                     0x20000130   Data           0  rom_sym.txt ABSOLUTE
    cpu_sleep_asm                            0x20000135   Thumb Code    20  sleep_asm.o(.xip_banned.sleep_recover_asm)
    cpu_recover_asm                          0x20000149   Thumb Code    20  sleep_asm.o(.xip_banned.sleep_recover_asm)
    SysTick_Handler                          0x2000015d   Thumb Code    16  systick.o(.xip_banned.SysTick_Handler)
    after_wfi                                0x2000016d   Thumb Code     2  sleep.o(.xip_banned.after_wfi)
    before_wfi                               0x20000171   Thumb Code     2  sleep.o(.xip_banned.before_wfi)
    clk_flash_init                           0x20000175   Thumb Code   100  platform.o(.xip_banned.clk_flash_init)
    disable_global_irq                       0x200001d9   Thumb Code     4  cpu.o(.xip_banned.disable_global_irq)
    hal_flash_dual_mode_get                  0x200001dd   Thumb Code    12  hal_flash.o(.xip_banned.hal_flash_dual_mode_get)
    hal_flash_fast_read                      0x200001e9   Thumb Code    30  rom_flash_api_wrapper.o(.xip_banned.hal_flash_fast_read)
    hal_flash_page_erase                     0x20000209   Thumb Code    24  rom_flash_api_wrapper.o(.xip_banned.hal_flash_page_erase)
    hal_flash_quad_page_program              0x20000221   Thumb Code    30  rom_flash_api_wrapper.o(.xip_banned.hal_flash_quad_page_program)
    hal_flash_xip_start                      0x20000241   Thumb Code   108  hal_flash_qspiv2.o(.xip_banned.hal_flash_xip_start)
    hal_flash_xip_status_get                 0x200002ad   Thumb Code    12  hal_flash.o(.xip_banned.hal_flash_xip_status_get)
    hal_flash_xip_status_set                 0x200002b9   Thumb Code    12  hal_flash.o(.xip_banned.hal_flash_xip_status_set)
    hal_flash_xip_stop                       0x200002c5   Thumb Code    96  hal_flash_qspiv2.o(.xip_banned.hal_flash_xip_stop)
    qspiv2_direct_dual_read_config           0x20000325   Thumb Code    38  hal_qspiv2.o(.xip_banned.qspiv2_direct_dual_read_config)
    qspiv2_direct_quad_read_config           0x2000034d   Thumb Code    36  hal_qspiv2.o(.xip_banned.qspiv2_direct_quad_read_config)
    ram_assert                               0x20000371   Thumb Code     6  dbg.o(.xip_banned.ram_assert)
    restore_msp_psp_control                  0x20000379   Thumb Code    48  sleep.o(.xip_banned.restore_msp_psp_control)
    store_msp_psp_control                    0x200003a9   Thumb Code    44  sleep.o(.xip_banned.store_msp_psp_control)
    sync_for_xip_stop                        0x200003d5   Thumb Code    42  platform.o(.xip_banned.sync_for_xip_stop)
    systick_get_value                        0x20000401   Thumb Code    12  systick.o(.xip_banned.systick_get_value)
    Long Thumb to Thumb Veneer to arm_cm_delay_asm 0x2000040d   Thumb Code    10  anon$$obj.o(Veneer$$Code)
    Long Thumb to Thumb Veneer to _hal_flash_fast_read 0x20000417   Thumb Code    10  anon$$obj.o(Veneer$$Code)
    Long Thumb to Thumb Veneer to _hal_flash_erase_operation 0x20000421   Thumb Code    10  anon$$obj.o(Veneer$$Code)
    Long Thumb to Thumb Veneer to _hal_flash_quad_page_program 0x2000042b   Thumb Code    10  anon$$obj.o(Veneer$$Code)
    Long Thumb to Thumb Veneer to enter_critical 0x20000435   Thumb Code    10  anon$$obj.o(Veneer$$Code)
    Long Thumb to Thumb Veneer to qspiv2_stg_read_write 0x2000043f   Thumb Code    10  anon$$obj.o(Veneer$$Code)
    Long Thumb to Thumb Veneer to exit_critical 0x20000449   Thumb Code    10  anon$$obj.o(Veneer$$Code)
    __stdout                                 0x20000454   Data           4  stdout.o(.data)
    _usbd_qdef                               0x20000458   Data          16  usbd.o(.data._usbd_qdef)
    string_desc_arr                          0x20000470   Data          24  usb_descriptors.o(.data.string_desc_arr)
    _SEGGER_RTT                              0x20000494   Data         168  segger_rtt.o(.bss._SEGGER_RTT)
    _usbd_qdef_buf                           0x20000e14   Data         192  usbd.o(.bss._usbd_qdef_buf)
    g_board_led_rgb_idx                      0x20000ed9   Data           1  bsp.o(.bss.g_board_led_rgb_idx)
    log_hex_output_fn                        0x20000ee0   Data           4  log.o(.bss.log_hex_output_fn)
    log_output_fn                            0x20000ee4   Data           4  log.o(.bss.log_output_fn)
    uart_is_connected                        0x20000ef0   Data           1  main.o(.bss.uart_is_connected)
    __initial_sp                             0x200012f8   Data           0  startup_asm.o(STACK)



==============================================================================

Memory Map of the image

  Image Entry point : 0x00800741

  Load Region LR_FLASH (Base: 0x00800300, Size: 0x00005cf0, Max: 0x00080000, ABSOLUTE)

    Execution Region FLASH_CODE (Exec base: 0x00800740, Load base: 0x00800740, Size: 0x000058b0, Max: 0xffffffff, ABSOLUTE, FIXED)

    Exec Addr    Load Addr    Size         Type   Attr      Idx    E Section Name        Object

    0x00800740   0x00800740   0x00000000   Code   RO         3431  * .ARM.Collect$$$$00000000  mc_w.l(entry.o)
    0x00800740   0x00800740   0x00000004   Code   RO         3717    .ARM.Collect$$$$00000001  mc_w.l(entry2.o)
    0x00800744   0x00800744   0x00000004   Code   RO         3720    .ARM.Collect$$$$00000004  mc_w.l(entry5.o)
    0x00800748   0x00800748   0x00000000   Code   RO         3722    .ARM.Collect$$$$00000008  mc_w.l(entry7b.o)
    0x00800748   0x00800748   0x00000000   Code   RO         3724    .ARM.Collect$$$$0000000A  mc_w.l(entry8b.o)
    0x00800748   0x00800748   0x00000008   Code   RO         3725    .ARM.Collect$$$$0000000B  mc_w.l(entry9a.o)
    0x00800750   0x00800750   0x00000000   Code   RO         3727    .ARM.Collect$$$$0000000D  mc_w.l(entry10a.o)
    0x00800750   0x00800750   0x00000000   Code   RO         3729    .ARM.Collect$$$$0000000F  mc_w.l(entry11a.o)
    0x00800750   0x00800750   0x00000004   Code   RO         3718    .ARM.Collect$$$$00002712  mc_w.l(entry2.o)
    0x00800754   0x00800754   0x00000024   Code   RO         3313    .text               startup_asm.o
    0x00800778   0x00800778   0x00000062   Code   RO         3435    .text               mc_w.l(uldiv.o)
    0x008007da   0x008007da   0x00000040   Code   RO         3442    .text               mc_w.l(memmovea.o)
    0x0080081a   0x0080081a   0x00000024   Code   RO         3444    .text               mc_w.l(memseta.o)
    0x0080083e   0x0080083e   0x0000000e   Code   RO         3446    .text               mc_w.l(strlen.o)
    0x0080084c   0x0080084c   0x0000002c   Code   RO         3740    .text               mc_w.l(uidiv.o)
    0x00800878   0x00800878   0x0000001e   Code   RO         3742    .text               mc_w.l(llshl.o)
    0x00800896   0x00800896   0x00000020   Code   RO         3744    .text               mc_w.l(llushr.o)
    0x008008b6   0x008008b6   0x00000000   Code   RO         3746    .text               mc_w.l(iusefp.o)
    0x008008b6   0x008008b6   0x0000014e   Code   RO         3747    .text               mf_w.l(dadd.o)
    0x00800a04   0x00800a04   0x000000e4   Code   RO         3749    .text               mf_w.l(dmul.o)
    0x00800ae8   0x00800ae8   0x000000de   Code   RO         3751    .text               mf_w.l(ddiv.o)
    0x00800bc6   0x00800bc6   0x00000030   Code   RO         3753    .text               mf_w.l(dfixul.o)
    0x00800bf6   0x00800bf6   0x00000002   PAD
    0x00800bf8   0x00800bf8   0x00000030   Code   RO         3755    .text               mf_w.l(cdrcmple.o)
    0x00800c28   0x00800c28   0x00000024   Code   RO         3757    .text               mc_w.l(init.o)
    0x00800c4c   0x00800c4c   0x00000024   Code   RO         3759    .text               mc_w.l(llsshr.o)
    0x00800c70   0x00800c70   0x000000ba   Code   RO         3761    .text               mf_w.l(depilogue.o)
    0x00800d2a   0x00800d2a   0x00000002   PAD
    0x00800d2c   0x00800d2c   0x0000020a   Code   RO         2698    .text.EXTI_Handler  soc_gpio.o
    0x00800f36   0x00800f36   0x00000002   PAD
    0x00800f38   0x00800f38   0x00000016   Code   RO         2566    .text.HAL_USB_MSP_DisableIRQ  msp_usb.o
    0x00800f4e   0x00800f4e   0x00000002   PAD
    0x00800f50   0x00800f50   0x0000000e   Code   RO         2564    .text.HAL_USB_MSP_EnableIRQ  msp_usb.o
    0x00800f5e   0x00800f5e   0x00000002   PAD
    0x00800f60   0x00800f60   0x00000010   Code   RO         2570    .text.HAL_USB_MSP_GetEnableIRQ  msp_usb.o
    0x00800f70   0x00800f70   0x00000022   Code   RO         2560    .text.HAL_USB_MSP_Init  msp_usb.o
    0x00800f92   0x00800f92   0x00000002   PAD
    0x00800f94   0x00800f94   0x00000040   Code   RO           28    .text.RAM_disk_read  disk_port.o
    0x00800fd4   0x00800fd4   0x00000060   Code   RO           30    .text.RAM_disk_write  disk_port.o
    0x00801034   0x00801034   0x00000080   Code   RO         1788    .text.SEGGER_RTT_Init  segger_rtt.o
    0x008010b4   0x008010b4   0x000000c8   Code   RO         1758    .text.SEGGER_RTT_PutCharSkip  segger_rtt.o
    0x0080117c   0x0080117c   0x0000001c   Code   RO         3341    .text.SWINT_Handler_ASM  swint_asm.o
    0x00801198   0x00801198   0x00000016   Code   RO         2609    .text.SWINT_Handler_C  platform.o
    0x008011ae   0x008011ae   0x00000002   PAD
    0x008011b0   0x008011b0   0x00000050   Code   RO         2597    .text.SystemInit    platform.o
    0x00801200   0x00801200   0x00000006   Code   RO         1387    .text.USB_IRQHandler  tusb_dcd.o
    0x00801206   0x00801206   0x00000002   PAD
    0x00801208   0x00801208   0x000000e2   Code   RO         2696    .text.V33_EXTI_Async_Handler  soc_gpio.o
    0x008012ea   0x008012ea   0x00000002   PAD
    0x008012ec   0x008012ec   0x000002e6   Code   RO         1882    .text._tu_fifo_write_n  tusb_fifo.o
    0x008015d2   0x008015d2   0x00000002   PAD
    0x008015d4   0x008015d4   0x00000034   Code   RO            2    .text.board_init    bsp.o
    0x00801608   0x00801608   0x00000022   Code   RO            4    .text.board_led_write  bsp.o
    0x0080162a   0x0080162a   0x00000002   PAD
    0x0080162c   0x0080162c   0x00000004   Code   RO            6    .text.board_millis  bsp.o
    0x00801630   0x00801630   0x000000c8   Code   RO         1468    .text.cdcd_control_xfer_cb  cdc_device.o
    0x008016f8   0x008016f8   0x00000056   Code   RO         1462    .text.cdcd_init     cdc_device.o
    0x0080174e   0x0080174e   0x00000002   PAD
    0x00801750   0x00801750   0x00000156   Code   RO         1466    .text.cdcd_open     cdc_device.o
    0x008018a6   0x008018a6   0x00000002   PAD
    0x008018a8   0x008018a8   0x0000002c   Code   RO         1464    .text.cdcd_reset    cdc_device.o
    0x008018d4   0x008018d4   0x0000014a   Code   RO         1470    .text.cdcd_xfer_cb  cdc_device.o
    0x00801a1e   0x00801a1e   0x00000002   PAD
    0x00801a20   0x00801a20   0x000000c6   Code   RO         1958    .text.configuration_reset  usbd.o
    0x00801ae6   0x00801ae6   0x00000002   PAD
    0x00801ae8   0x00801ae8   0x00000012   Code   RO         1389    .text.dcd_connect   tusb_dcd.o
    0x00801afa   0x00801afa   0x00000002   PAD
    0x00801afc   0x00801afc   0x00000038   Code   RO         1415    .text.dcd_edpt_clear_stall  tusb_dcd.o
    0x00801b34   0x00801b34   0x0000016e   Code   RO         1405    .text.dcd_edpt_close_all  tusb_dcd.o
    0x00801ca2   0x00801ca2   0x00000002   PAD
    0x00801ca4   0x00801ca4   0x000000f8   Code   RO         1403    .text.dcd_edpt_open  tusb_dcd.o
    0x00801d9c   0x00801d9c   0x0000007e   Code   RO         1413    .text.dcd_edpt_stall  tusb_dcd.o
    0x00801e1a   0x00801e1a   0x00000002   PAD
    0x00801e1c   0x00801e1c   0x00000234   Code   RO         1409    .text.dcd_edpt_xfer  tusb_dcd.o
    0x00802050   0x00802050   0x000002ec   Code   RO         1930    .text.dcd_event_handler  usbd.o
    0x0080233c   0x0080233c   0x0000002a   Code   RO         1385    .text.dcd_init      tusb_dcd.o
    0x00802366   0x00802366   0x00000002   PAD
    0x00802368   0x00802368   0x00000004   Code   RO         1393    .text.dcd_int_disable  tusb_dcd.o
    0x0080236c   0x0080236c   0x00000004   Code   RO         1391    .text.dcd_int_enable  tusb_dcd.o
    0x00802370   0x00802370   0x000003c4   Code   RO         1417    .text.dcd_int_handler  tusb_dcd.o
    0x00802734   0x00802734   0x00000020   Code   RO         1395    .text.dcd_set_address  tusb_dcd.o
    0x00802754   0x00802754   0x0000005a   Code   RO         1714    .text.fail_scsi_op  msc_device.o
    0x008027ae   0x008027ae   0x00000002   PAD
    0x008027b0   0x008027b0   0x00000010   Code   RO         1678    .text.fputc         log.o
    0x008027c0   0x008027c0   0x00000250   Code   RO         1421    .text.handle_xfer_in  tusb_dcd.o
    0x00802a10   0x00802a10   0x0000033a   Code   RO         1423    .text.handle_xfer_out  tusb_dcd.o
    0x00802d4a   0x00802d4a   0x00000002   PAD
    0x00802d4c   0x00802d4c   0x00000024   Code   RO         2702    .text.io_cfg_output  soc_gpio.o
    0x00802d70   0x00802d70   0x0000001c   Code   RO         2712    .text.io_clr_pin    soc_gpio.o
    0x00802d8c   0x00802d8c   0x00000002   Code   RO         2694    .text.io_exti_callback  soc_gpio.o
    0x00802d8e   0x00802d8e   0x00000002   PAD
    0x00802d90   0x00802d90   0x00000074   Code   RO         2700    .text.io_init       soc_gpio.o
    0x00802e04   0x00802e04   0x0000001c   Code   RO         2710    .text.io_set_pin    soc_gpio.o
    0x00802e20   0x00802e20   0x0000014c   Code   RO         1684    .text.log_hex_output  log.o
    0x00802f6c   0x00802f6c   0x00000028   Code   RO         1682    .text.log_init      log.o
    0x00802f94   0x00802f94   0x00000032   Code   RO         1680    .text.log_output    log.o
    0x00802fc6   0x00802fc6   0x00000002   PAD
    0x00802fc8   0x00802fc8   0x0000004c   Code   RO         2667    .text.low_power_init  sleep.o
    0x00803014   0x00803014   0x000000ac   Code   RO           60    .text.main          main.o
    0x008030c0   0x008030c0   0x0000016c   Code   RO         1708    .text.mscd_control_xfer_cb  msc_device.o
    0x0080322c   0x0080322c   0x00000012   Code   RO         1702    .text.mscd_init     msc_device.o
    0x0080323e   0x0080323e   0x00000002   PAD
    0x00803240   0x00803240   0x0000009a   Code   RO         1706    .text.mscd_open     msc_device.o
    0x008032da   0x008032da   0x00000002   PAD
    0x008032dc   0x008032dc   0x00000012   Code   RO         1704    .text.mscd_reset    msc_device.o
    0x008032ee   0x008032ee   0x00000002   PAD
    0x008032f0   0x008032f0   0x000003e0   Code   RO         1712    .text.mscd_xfer_cb  msc_device.o
    0x008036d0   0x008036d0   0x00000090   Code   RO         3206    .text.pinmux_usb_init  soc_gpio.o
    0x00803760   0x00803760   0x0000020c   Code   RO         1720    .text.proc_builtin_scsi  msc_device.o
    0x0080396c   0x0080396c   0x000000ea   Code   RO         1716    .text.proc_read10_cmd  msc_device.o
    0x00803a56   0x00803a56   0x00000002   PAD
    0x00803a58   0x00803a58   0x0000009c   Code   RO         1718    .text.proc_write10_cmd  msc_device.o
    0x00803af4   0x00803af4   0x000000ac   Code   RO         1419    .text.process_edpt_n  tusb_dcd.o
    0x00803ba0   0x00803ba0   0x000000cc   Code   RO         1962    .text.process_get_descriptor  usbd.o
    0x00803c6c   0x00803c6c   0x00000258   Code   RO         1960    .text.process_set_config  usbd.o
    0x00803ec4   0x00803ec4   0x00000032   Code   RO         1710    .text.send_csw      msc_device.o
    0x00803ef6   0x00803ef6   0x00000002   PAD
    0x00803ef8   0x00803ef8   0x0000006a   Code   RO         2603    .text.sys_init_none  platform.o
    0x00803f62   0x00803f62   0x00000002   PAD
    0x00803f64   0x00803f64   0x00000032   Code   RO         3415    .text.systick_start  systick.o
    0x00803f96   0x00803f96   0x00000002   PAD
    0x00803f98   0x00803f98   0x00000030   Code   RO         1828    .text.tu_edpt_bind_driver  tusb.o
    0x00803fc8   0x00803fc8   0x00000028   Code   RO         1822    .text.tu_edpt_claim  tusb.o
    0x00803ff0   0x00803ff0   0x0000001c   Code   RO         1824    .text.tu_edpt_release  tusb.o
    0x0080400c   0x0080400c   0x000000b4   Code   RO         1826    .text.tu_edpt_validate  tusb.o
    0x008040c0   0x008040c0   0x00000022   Code   RO         1892    .text.tu_fifo_advance_read_pointer  tusb_fifo.o
    0x008040e2   0x008040e2   0x00000002   PAD
    0x008040e4   0x008040e4   0x00000022   Code   RO         1890    .text.tu_fifo_advance_write_pointer  tusb_fifo.o
    0x00804106   0x00804106   0x00000002   PAD
    0x00804108   0x00804108   0x0000000c   Code   RO         1886    .text.tu_fifo_clear  tusb_fifo.o
    0x00804114   0x00804114   0x0000002a   Code   RO         1852    .text.tu_fifo_config  tusb_fifo.o
    0x0080413e   0x0080413e   0x00000002   PAD
    0x00804140   0x00804140   0x0000001a   Code   RO         1854    .text.tu_fifo_count  tusb_fifo.o
    0x0080415a   0x0080415a   0x00000002   PAD
    0x0080415c   0x0080415c   0x0000000e   Code   RO         1856    .text.tu_fifo_empty  tusb_fifo.o
    0x0080416a   0x0080416a   0x00000002   PAD
    0x0080416c   0x0080416c   0x000000bc   Code   RO         1894    .text.tu_fifo_get_read_info  tusb_fifo.o
    0x00804228   0x00804228   0x000000ac   Code   RO         1896    .text.tu_fifo_get_write_info  tusb_fifo.o
    0x008042d4   0x008042d4   0x00000088   Code   RO         1866    .text.tu_fifo_read  tusb_fifo.o
    0x0080435c   0x0080435c   0x000000c0   Code   RO         1868    .text.tu_fifo_read_n  tusb_fifo.o
    0x0080441c   0x0080441c   0x00000018   Code   RO         1860    .text.tu_fifo_remaining  tusb_fifo.o
    0x00804434   0x00804434   0x00000012   Code   RO         1888    .text.tu_fifo_set_overwritable  tusb_fifo.o
    0x00804446   0x00804446   0x00000002   PAD
    0x00804448   0x00804448   0x0000008a   Code   RO         1878    .text.tu_fifo_write  tusb_fifo.o
    0x008044d2   0x008044d2   0x00000002   PAD
    0x008044d4   0x008044d4   0x00000006   Code   RO         1880    .text.tu_fifo_write_n  tusb_fifo.o
    0x008044da   0x008044da   0x00000002   PAD
    0x008044dc   0x008044dc   0x0000006c   Code   RO           76    .text.tud_cdc_line_state_cb  main.o
    0x00804548   0x00804548   0x00000036   Code   RO         1454    .text.tud_cdc_n_write  cdc_device.o
    0x0080457e   0x0080457e   0x00000002   PAD
    0x00804580   0x00804580   0x0000008e   Code   RO         1456    .text.tud_cdc_n_write_flush  cdc_device.o
    0x0080460e   0x0080460e   0x00000002   PAD
    0x00804610   0x00804610   0x00000030   Code   RO         1980    .text.tud_control_status  usbd_control.o
    0x00804640   0x00804640   0x000000ca   Code   RO         1982    .text.tud_control_xfer  usbd_control.o
    0x0080470a   0x0080470a   0x00000002   PAD
    0x0080470c   0x0080470c   0x0000000a   Code   RO          123    .text.tud_descriptor_configuration_cb  usb_descriptors.o
    0x00804716   0x00804716   0x00000002   PAD
    0x00804718   0x00804718   0x0000000a   Code   RO          121    .text.tud_descriptor_device_cb  usb_descriptors.o
    0x00804722   0x00804722   0x00000002   PAD
    0x00804724   0x00804724   0x000000e4   Code   RO          125    .text.tud_descriptor_string_cb  usb_descriptors.o
    0x00804808   0x00804808   0x000000ee   Code   RO         1924    .text.tud_init      usbd.o
    0x008048f6   0x008048f6   0x00000002   PAD
    0x008048f8   0x008048f8   0x00000012   Code   RO         1922    .text.tud_inited    usbd.o
    0x0080490a   0x0080490a   0x00000002   PAD
    0x0080490c   0x0080490c   0x00000010   Code   RO           66    .text.tud_mount_cb  main.o
    0x0080491c   0x0080491c   0x00000012   Code   RO         1912    .text.tud_mounted   usbd.o
    0x0080492e   0x0080492e   0x00000002   PAD
    0x00804930   0x00804930   0x0000000e   Code   RO           98    .text.tud_msc_capacity_cb  msc_disk.o
    0x0080493e   0x0080493e   0x00000002   PAD
    0x00804940   0x00804940   0x00000040   Code   RO           94    .text.tud_msc_inquiry_cb  msc_disk.o
    0x00804980   0x00804980   0x0000001c   Code   RO          102    .text.tud_msc_read10_cb  msc_disk.o
    0x0080499c   0x0080499c   0x00000012   Code   RO          108    .text.tud_msc_scsi_cb  msc_disk.o
    0x008049ae   0x008049ae   0x00000002   PAD
    0x008049b0   0x008049b0   0x00000018   Code   RO         1700    .text.tud_msc_set_sense  msc_device.o
    0x008049c8   0x008049c8   0x00000020   Code   RO           96    .text.tud_msc_test_unit_ready_cb  msc_disk.o
    0x008049e8   0x008049e8   0x0000001c   Code   RO          106    .text.tud_msc_write10_cb  msc_disk.o
    0x00804a04   0x00804a04   0x00000010   Code   RO         1914    .text.tud_suspended  usbd.o
    0x00804a14   0x00804a14   0x00000704   Code   RO         1928    .text.tud_task_ext  usbd.o
    0x00805118   0x00805118   0x0000000e   Code   RO           68    .text.tud_umount_cb  main.o
    0x00805126   0x00805126   0x00000002   PAD
    0x00805128   0x00805128   0x00000004   Code   RO         1814    .text.tusb_inited   tusb.o
    0x0080512c   0x0080512c   0x00000016   Code   RO         1984    .text.usbd_control_reset  usbd_control.o
    0x00805142   0x00805142   0x00000002   PAD
    0x00805144   0x00805144   0x0000000c   Code   RO         1986    .text.usbd_control_set_complete_callback  usbd_control.o
    0x00805150   0x00805150   0x00000018   Code   RO         1988    .text.usbd_control_set_request  usbd_control.o
    0x00805168   0x00805168   0x0000014e   Code   RO         1990    .text.usbd_control_xfer_cb  usbd_control.o
    0x008052b6   0x008052b6   0x00000002   PAD
    0x008052b8   0x008052b8   0x0000001e   Code   RO         1946    .text.usbd_edpt_busy  usbd.o
    0x008052d6   0x008052d6   0x00000002   PAD
    0x008052d8   0x008052d8   0x0000001c   Code   RO         1938    .text.usbd_edpt_claim  usbd.o
    0x008052f4   0x008052f4   0x00000040   Code   RO         1950    .text.usbd_edpt_clear_stall  usbd.o
    0x00805334   0x00805334   0x0000005e   Code   RO         1934    .text.usbd_edpt_open  usbd.o
    0x00805392   0x00805392   0x00000002   PAD
    0x00805394   0x00805394   0x0000001c   Code   RO         1940    .text.usbd_edpt_release  usbd.o
    0x008053b0   0x008053b0   0x00000040   Code   RO         1948    .text.usbd_edpt_stall  usbd.o
    0x008053f0   0x008053f0   0x0000001e   Code   RO         1952    .text.usbd_edpt_stalled  usbd.o
    0x0080540e   0x0080540e   0x00000002   PAD
    0x00805410   0x00805410   0x0000007c   Code   RO         1942    .text.usbd_edpt_xfer  usbd.o
    0x0080548c   0x0080548c   0x00000018   Code   RO         1906    .text.usbd_int_set  usbd.o
    0x008054a4   0x008054a4   0x000000d6   Code   RO         1932    .text.usbd_open_edpt_pair  usbd.o
    0x0080557a   0x0080557a   0x0000000a   Ven    RO         3778    Veneer$$Code        anon$$obj.o
    0x00805584   0x00805584   0x0000000a   Ven    RO         3779    Veneer$$Code        anon$$obj.o
    0x0080558e   0x0080558e   0x0000000a   Ven    RO         3780    Veneer$$Code        anon$$obj.o
    0x00805598   0x00805598   0x0000000a   Ven    RO         3781    Veneer$$Code        anon$$obj.o
    0x008055a2   0x008055a2   0x0000000a   Ven    RO         3782    Veneer$$Code        anon$$obj.o
    0x008055ac   0x008055ac   0x00000020   Code   RO         3689    i.__0printf         mc_w.l(printfa.o)
    0x008055cc   0x008055cc   0x00000010   Code   RO         3693    i.__0vprintf        mc_w.l(printfa.o)
    0x008055dc   0x008055dc   0x0000000e   Code   RO         3765    i.__scatterload_copy  mc_w.l(handlers.o)
    0x008055ea   0x008055ea   0x00000002   Code   RO         3766    i.__scatterload_null  mc_w.l(handlers.o)
    0x008055ec   0x008055ec   0x0000000e   Code   RO         3767    i.__scatterload_zeroinit  mc_w.l(handlers.o)
    0x008055fa   0x008055fa   0x00000002   PAD
    0x008055fc   0x008055fc   0x00000184   Code   RO         3696    i._fp_digits        mc_w.l(printfa.o)
    0x00805780   0x00805780   0x000006dc   Code   RO         3697    i._printf_core      mc_w.l(printfa.o)
    0x00805e5c   0x00805e5c   0x00000024   Code   RO         3698    i._printf_post_padding  mc_w.l(printfa.o)
    0x00805e80   0x00805e80   0x0000002e   Code   RO         3699    i._printf_pre_padding  mc_w.l(printfa.o)
    0x00805eae   0x00805eae   0x00000004   Code   RO         3432    i.putc              mc_w.l(putc.o)
    0x00805eb2   0x00805eb2   0x00000002   Data   RO          129    .rodata..compoundliteral  usb_descriptors.o
    0x00805eb4   0x00805eb4   0x00000030   Data   RO         1971    .rodata._usbd_driver  usbd.o
    0x00805ee4   0x00805ee4   0x00000012   Data   RO          127    .rodata.desc_device  usb_descriptors.o
    0x00805ef6   0x00805ef6   0x00000062   Data   RO          128    .rodata.desc_fs_configuration  usb_descriptors.o
    0x00805f58   0x00805f58   0x00000011   Data   RO         1686    .rodata.hex_num_tab  log.o
    0x00805f69   0x00805f69   0x0000003c   Data   RO          130    .rodata.str1.1      usb_descriptors.o
    0x00805fa5   0x00805fa5   0x00000009   Data   RO         1801    .rodata.str1.1      segger_rtt.o
    0x00805fae   0x00805fae   0x00000002   PAD
    0x00805fb0   0x00805fb0   0x00000040   Data   RO         3764    Region$$Table       anon$$obj.o


    Execution Region VECTOR_CODE (Exec base: 0x20000000, Load base: 0x00800300, Size: 0x000000ec, Max: 0xffffffff, ABSOLUTE)

    Exec Addr    Load Addr    Size         Type   Attr      Idx    E Section Name        Object

    0x20000000   0x00800300   0x000000ec   Data   RO         3312    RESET               startup_asm.o


    Execution Region RAM_DATA_CODE (Exec base: 0x20000134, Load base: 0x008003ec, Size: 0x00000354, Max: 0xffffffff, ABSOLUTE)

    Exec Addr    Load Addr    Size         Type   Attr      Idx    E Section Name        Object

    0x20000134   0x008003ec   0x00000028   Code   RO         2689    .xip_banned.sleep_recover_asm  sleep_asm.o
    0x2000015c   0x00800414   0x00000010   Code   RO         3413    .xip_banned.SysTick_Handler  systick.o
    0x2000016c   0x00800424   0x00000002   Code   RO         2663    .xip_banned.after_wfi  sleep.o
    0x2000016e   0x00800426   0x00000002   PAD
    0x20000170   0x00800428   0x00000002   Code   RO         2661    .xip_banned.before_wfi  sleep.o
    0x20000172   0x0080042a   0x00000002   PAD
    0x20000174   0x0080042c   0x00000064   Code   RO         2601    .xip_banned.clk_flash_init  platform.o
    0x200001d8   0x00800490   0x00000004   Code   RO         2019    .xip_banned.disable_global_irq  cpu.o
    0x200001dc   0x00800494   0x0000000c   Code   RO          493    .xip_banned.hal_flash_dual_mode_get  hal_flash.o
    0x200001e8   0x008004a0   0x0000001e   Code   RO         2633    .xip_banned.hal_flash_fast_read  rom_flash_api_wrapper.o
    0x20000206   0x008004be   0x00000002   PAD
    0x20000208   0x008004c0   0x00000018   Code   RO         2645    .xip_banned.hal_flash_page_erase  rom_flash_api_wrapper.o
    0x20000220   0x008004d8   0x0000001e   Code   RO         2621    .xip_banned.hal_flash_quad_page_program  rom_flash_api_wrapper.o
    0x2000023e   0x008004f6   0x00000002   PAD
    0x20000240   0x008004f8   0x0000006c   Code   RO          569    .xip_banned.hal_flash_xip_start  hal_flash_qspiv2.o
    0x200002ac   0x00800564   0x0000000c   Code   RO          545    .xip_banned.hal_flash_xip_status_get  hal_flash.o
    0x200002b8   0x00800570   0x0000000c   Code   RO          495    .xip_banned.hal_flash_xip_status_set  hal_flash.o
    0x200002c4   0x0080057c   0x00000060   Code   RO          571    .xip_banned.hal_flash_xip_stop  hal_flash_qspiv2.o
    0x20000324   0x008005dc   0x00000026   Code   RO          810    .xip_banned.qspiv2_direct_dual_read_config  hal_qspiv2.o
    0x2000034a   0x00800602   0x00000002   PAD
    0x2000034c   0x00800604   0x00000024   Code   RO          808    .xip_banned.qspiv2_direct_quad_read_config  hal_qspiv2.o
    0x20000370   0x00800628   0x00000006   Code   RO         1536    .xip_banned.ram_assert  dbg.o
    0x20000376   0x0080062e   0x00000002   PAD
    0x20000378   0x00800630   0x00000030   Code   RO         2659    .xip_banned.restore_msp_psp_control  sleep.o
    0x200003a8   0x00800660   0x0000002c   Code   RO         2657    .xip_banned.store_msp_psp_control  sleep.o
    0x200003d4   0x0080068c   0x0000002a   Code   RO         2607    .xip_banned.sync_for_xip_stop  platform.o
    0x200003fe   0x008006b6   0x00000002   PAD
    0x20000400   0x008006b8   0x0000000c   Code   RO         3417    .xip_banned.systick_get_value  systick.o
    0x2000040c   0x008006c4   0x0000000a   Ven    RO         3771    Veneer$$Code        anon$$obj.o
    0x20000416   0x008006ce   0x0000000a   Ven    RO         3772    Veneer$$Code        anon$$obj.o
    0x20000420   0x008006d8   0x0000000a   Ven    RO         3773    Veneer$$Code        anon$$obj.o
    0x2000042a   0x008006e2   0x0000000a   Ven    RO         3774    Veneer$$Code        anon$$obj.o
    0x20000434   0x008006ec   0x0000000a   Ven    RO         3775    Veneer$$Code        anon$$obj.o
    0x2000043e   0x008006f6   0x0000000a   Ven    RO         3776    Veneer$$Code        anon$$obj.o
    0x20000448   0x00800700   0x0000000a   Ven    RO         3777    Veneer$$Code        anon$$obj.o
    0x20000452   0x0080070a   0x00000002   PAD
    0x20000454   0x0080070c   0x00000004   Data   RW         3434    .data               mc_w.l(stdout.o)
    0x20000458   0x00800710   0x00000010   Data   RW         1965    .data._usbd_qdef    usbd.o
    0x20000468   0x00800720   0x00000001   Data   RW         1967    .data._usbd_rhport  usbd.o
    0x20000469   0x00800721   0x00000003   PAD
    0x2000046c   0x00800724   0x00000004   Data   RW           81    .data.blink_interval_ms  main.o
    0x20000470   0x00800728   0x00000018   Data   RW          131    .data.string_desc_arr  usb_descriptors.o


    Execution Region BSS (Exec base: 0x20000488, Load base: 0x00805ff0, Size: 0x00000a6c, Max: 0xffffffff, ABSOLUTE)

    Exec Addr    Load Addr    Size         Type   Attr      Idx    E Section Name        Object

    0x20000488        -       0x00000001   Zero   RW         2679    .bss.CPU_CONTROL    sleep.o
    0x20000489   0x00805ff0   0x00000003   PAD
    0x2000048c        -       0x00000004   Zero   RW         2681    .bss.CPU_MSP        sleep.o
    0x20000490        -       0x00000004   Zero   RW         2680    .bss.CPU_PSP        sleep.o
    0x20000494        -       0x000000a8   Zero   RW         1798    .bss._SEGGER_RTT    segger_rtt.o
    0x2000053c        -       0x00000010   Zero   RW         1803    .bss._acDownBuffer  segger_rtt.o
    0x2000054c        -       0x00000400   Zero   RW         1802    .bss._acUpBuffer    segger_rtt.o
    0x2000094c        -       0x00000004   Zero   RW         1970    .bss._app_driver    usbd.o
    0x20000950        -       0x00000001   Zero   RW         1969    .bss._app_driver_count  usbd.o
    0x20000951   0x00805ff0   0x00000003   PAD
    0x20000954        -       0x00000128   Zero   RW         1472    .bss._cdcd_itf      cdc_device.o
    0x20000a7c   0x00805ff0   0x00000004   PAD
    0x20000a80        -       0x00000014   Zero   RW         1992    .bss._ctrl_xfer     usbd_control.o
    0x20000a94   0x00805ff0   0x00000004   PAD
    0x20000a98        -       0x00000088   Zero   RW         1425    .bss._dcd           tusb_dcd.o
    0x20000b20        -       0x00000040   Zero   RW          132    .bss._desc_str      usb_descriptors.o
    0x20000b60        -       0x00000200   Zero   RW         1723    .bss._mscd_buf      msc_device.o
    0x20000d60        -       0x00000040   Zero   RW         1722    .bss._mscd_itf      msc_device.o
    0x20000da0        -       0x00000040   Zero   RW         1993    .bss._usbd_ctrl_buf  usbd_control.o
    0x20000de0        -       0x0000002f   Zero   RW         1966    .bss._usbd_dev      usbd.o
    0x20000e0f   0x00805ff0   0x00000001   PAD
    0x20000e10        -       0x00000004   Zero   RW         1968    .bss._usbd_q        usbd.o
    0x20000e14        -       0x000000c0   Zero   RW         1964    .bss._usbd_qdef_buf  usbd.o
    0x20000ed4        -       0x00000004   Zero   RW           82    .bss.cdc_send_data_task.start_cdc_send_ms  main.o
    0x20000ed8        -       0x00000001   Zero   RW          112    .bss.ejected        msc_disk.o
    0x20000ed9        -       0x00000001   Zero   RW           14    .bss.g_board_led_rgb_idx  bsp.o
    0x20000eda        -       0x00000001   Zero   RW           84    .bss.led_blinking_task.led_state  main.o
    0x20000edb   0x00805ff0   0x00000001   PAD
    0x20000edc        -       0x00000004   Zero   RW           83    .bss.led_blinking_task.start_ms  main.o
    0x20000ee0        -       0x00000004   Zero   RW         1688    .bss.log_hex_output_fn  log.o
    0x20000ee4        -       0x00000004   Zero   RW         1687    .bss.log_output_fn  log.o
    0x20000ee8        -       0x00000001   Zero   RW         1426    .bss.rx_data_delay  tusb_dcd.o
    0x20000ee9   0x00805ff0   0x00000003   PAD
    0x20000eec        -       0x00000004   Zero   RW         3423    .bss.total_ticks    systick.o
    0x20000ef0        -       0x00000001   Zero   RW           80    .bss.uart_is_connected  main.o


    Execution Region HEAP (Exec base: 0x20000ef4, Load base: 0x00805ff0, Size: 0x00000000, Max: 0xffffffff, ABSOLUTE, UNINIT)

    **** No section assigned to this execution region ****


    Execution Region STACK (Exec base: 0x20000ef8, Load base: 0x00805ff0, Size: 0x00000400, Max: 0xffffffff, ABSOLUTE, UNINIT)

    Exec Addr    Load Addr    Size         Type   Attr      Idx    E Section Name        Object

    0x20000ef8        -       0x00000400   Zero   RW         3310    STACK               startup_asm.o



  Load Region LR_INFO (Base: 0x00800000, Size: 0x0000025c, Max: 0xffffffff, ABSOLUTE)

    Execution Region INFO (Exec base: 0x00800000, Load base: 0x00800000, Size: 0x0000025c, Max: 0xffffffff, ABSOLUTE)

    Exec Addr    Load Addr    Size         Type   Attr      Idx    E Section Name        Object

    0x00800000   0x00800000   0x0000025c   Data   RO         2007    .rodata.__info_array  __info_array.o


==============================================================================

Image component sizes


      Code (inc. data)   RO Data    RW Data    ZI Data      Debug   Object Name

         0          0        604          0          0        496   __info_array.o
        90          0          0          0          1       2056   bsp.o
      1198          4          0          0        296      13855   cdc_device.o
         4          0          0          0          0       4791   cpu.o
         6          0          0          0          0       1382   dbg.o
         0          0          0          0          0         32   delay_asm.o
       160          0          0          0          0       2664   disk_port.o
        36          0          0          0          0       8633   hal_flash.o
       204          0          0          0          0       9004   hal_flash_qspiv2.o
        74          0          0          0          0       6922   hal_qspiv2.o
       438          4         17          0          8       3586   log.o
       310         68          0          4         10       3349   main.o
      2624         76          0          0        576      20798   msc_device.o
       184          0          0          0          1       3771   msc_disk.o
        86          0          0          0          0       8084   msp_usb.o
       350          0          0          0          0      10427   platform.o
        84          0          0          0          0       4338   rom_flash_api_wrapper.o
       328          0          9          0       1208      27556   segger_rtt.o
       172          0          0          0          9       9849   sleep.o
        40          0          0          0          0        564   sleep_asm.o
      1102          8          0          0          0     111627   soc_gpio.o
        36         10        236          0       1024        888   startup_asm.o
        28          4          0          0          0        520   swint_asm.o
        78          0          0          0          4       3944   systick.o
       300          0          0          0          0      11140   tusb.o
      4020          0          0          0        137      26139   tusb_dcd.o
      1778          0          0          0          0      26108   tusb_fifo.o
       248          0        178         24         64       3195   usb_descriptors.o
      4536         46         48         17        248      26962   usbd.o
       642          0          0          0         84       5388   usbd_control.o

    ----------------------------------------------------------------------
     19396        220       1158         48       3692     358068   Object Totals
       120          0         64          0          0          0   (incl. Generated)
       120          0          2          3         22          0   (incl. Padding)

    ----------------------------------------------------------------------

      Code (inc. data)   RO Data    RW Data    ZI Data      Debug   Library Member Name

         0          0          0          0          0          0   entry.o
         0          0          0          0          0          0   entry10a.o
         0          0          0          0          0          0   entry11a.o
         8          4          0          0          0          0   entry2.o
         4          0          0          0          0          0   entry5.o
         0          0          0          0          0          0   entry7b.o
         0          0          0          0          0          0   entry8b.o
         8          4          0          0          0          0   entry9a.o
        30          0          0          0          0          0   handlers.o
        36          8          0          0          0         68   init.o
         0          0          0          0          0          0   iusefp.o
        30          0          0          0          0         68   llshl.o
        36          0          0          0          0         68   llsshr.o
        32          0          0          0          0         68   llushr.o
        64          0          0          0          0         76   memmovea.o
        36          0          0          0          0        108   memseta.o
      2274         98          0          0          0        520   printfa.o
         4          0          0          0          0         68   putc.o
         0          0          0          4          0          0   stdout.o
        14          0          0          0          0         68   strlen.o
        44          0          0          0          0         80   uidiv.o
        98          0          0          0          0         92   uldiv.o
        48          0          0          0          0         68   cdrcmple.o
       334          0          0          0          0        148   dadd.o
       222          0          0          0          0        100   ddiv.o
       186          0          0          0          0        176   depilogue.o
        48          0          0          0          0         68   dfixul.o
       228          0          0          0          0         96   dmul.o

    ----------------------------------------------------------------------
      3790        114          0          4          0       1940   Library Totals
         6          0          0          0          0          0   (incl. Padding)

    ----------------------------------------------------------------------

      Code (inc. data)   RO Data    RW Data    ZI Data      Debug   Library Name

      2718        114          0          4          0       1284   mc_w.l
      1066          0          0          0          0        656   mf_w.l

    ----------------------------------------------------------------------
      3790        114          0          4          0       1940   Library Totals

    ----------------------------------------------------------------------

==============================================================================


      Code (inc. data)   RO Data    RW Data    ZI Data      Debug   

     23186        334       1158         52       3692     358544   Grand Totals
     23186        334       1158         52       3692     358544   ELF Image Totals
     23186        334       1158         52          0          0   ROM Totals

==============================================================================

    Total RO  Size (Code + RO Data)                24344 (  23.77kB)
    Total RW  Size (RW Data + ZI Data)              3744 (   3.66kB)
    Total ROM Size (Code + RO Data + RW Data)      24396 (  23.82kB)

==============================================================================

