<html>
<body>
<pre>
<h1>µVision Build Log</h1>
<h2>Tool Versions:</h2>
IDE-Version: ¦ÌVision V5.38.0.0
Copyright (C) 2022 ARM Ltd and ARM Germany GmbH. All rights reserved.
License Information: w jc, zx, LIC=8VRJ7-E8HDP-Z9QG9-4SYLR-4VUY3-PI1MN
 
Tool Versions:
Toolchain:       MDK-ARM Plus  Version: 5.38.0.0
Toolchain Path:  C:\Keil_v5\ARM\ARMCLANG\Bin
C Compiler:      ArmClang.exe V6.19
Assembler:       Armasm.exe V6.19
Linker/Locator:  ArmLink.exe V6.19
Library Manager: ArmAr.exe V6.19
Hex Converter:   FromElf.exe V6.19
CPU DLL:         SARMCM3.DLL V5.38.0.0
Dialog DLL:      DCM.DLL V1.17.5.0
Target DLL:      CMSIS_AGDI.dll V1.33.15.0
Dialog DLL:      TCM.DLL V1.56.4.0
 
<h2>Project:</h2>
D:\m0m4_sdk\ls\sccc9xx_sdk_0.75.3\examples\sccc9xx\adcv2\adc_single_channel\MDK\uvision5\adc_single_channel.uvprojx
Project File Date:  07/20/2023

<h2>Output:</h2>
*** Using Compiler 'V6.19', folder: 'C:\Keil_v5\ARM\ARMCLANG\Bin'
Build target 'adc_single_channel'
compiling main.c...
compiling hal_cache.c...
compiling hal_adcv2_dma.c...
compiling hal_comp.c...
compiling hal_adcv2.c...
compiling hal_can.c...
compiling hal_crc.c...
compiling hal_dac_dma.c...
compiling hal_dac.c...
compiling hal_dmacv2.c...
compiling hal_ecc.c...
compiling hal_flash.c...
compiling hal_crypt.c...
compiling hal_flash_swint.c...
compiling hal_flash_qspiv2.c...
compiling hal_i2c_dma.c...
compiling hal_iwdgv2.c...
compiling hal_pis.c...
compiling hal_pdm.c...
compiling hal_qspiv2.c...
compiling hal_rtcv2.c...
compiling hal_i2c.c...
compiling hal_sm4.c...
compiling hal_sha.c...
compiling hal_spi_i2s_dma.c...
compiling hal_ssi_dma.c...
compiling hal_ssi.c...
compiling hal_spi_i2s.c...
compiling hal_touchkey.c...
compiling hal_trngv2.c...
compiling hal_uart.c...
compiling hal_uart_dma.c...
compiling hal_wwdg.c...
compiling circular_doubly_linked_list.c...
compiling common.c...
compiling dbg.c...
compiling log.c...
compiling __info_array.c...
compiling cpu.c...
compiling hal_timer.c...
compiling msp_adc.c...
compiling SEGGER_RTT.c...
compiling msp_cache.c...
assembling delay_asm.S...
compiling msp_can.c...
compiling msp_crc.c...
compiling msp_comp.c...
compiling msp_crypt.c...
compiling msp_dmacv2.c...
compiling msp_ecc.c...
compiling msp_dac.c...
compiling msp_iwdg.c...
compiling msp_i2c.c...
compiling msp_pdm.c...
compiling msp_qspiv2.c...
compiling msp_pis.c...
compiling msp_rtc.c...
compiling msp_sha.c...
compiling msp_sm4.c...
compiling msp_spi_i2s.c...
compiling msp_ssi.c...
compiling msp_timer.c...
compiling msp_touchkey.c...
compiling msp_trngv2.c...
compiling msp_wwdg.c...
compiling msp_uart.c...
compiling platform.c...
compiling rom_flash_api_wrapper.c...
compiling sleep.c...
compiling startup.c...
compiling sw_timer_port.c...
assembling sleep_asm.S...
compiling sys_stat.c...
assembling startup_asm.S...
assembling swint_asm.S...
compiling systick.c...
compiling soc_gpio.c...
linking...
Program Size: Code=10402 RO-data=1062 RW-data=4 ZI-data=2328  
".\UVBuild\adc_single_channel.axf" - 0 Error(s), 0 Warning(s).

<h2>Software Packages used:</h2>

Package Vendor: Sgchip.sccc9xx
                
                Sgchip.sccc9xx.DFP.1.0.0
                ECxxxx Series Device Support, Drivers and Examples

<h2>Collection of Component include folders:</h2>
  C:/Users/Administrator/AppData/Local/Arm/Packs/Sgchip.sccc9xx/DFP/1.0.0/Device/ARM/ARMCM4/Include

<h2>Collection of Component Files used:</h2>
Build Time Elapsed:  00:00:14
</pre>
</body>
</html>
