<html>
<body>
<pre>
<h1>礦ision Build Log</h1>
<h2>Tool Versions:</h2>
IDE-Version: μVision V5.38.0.0
Copyright (C) 2022 ARM Ltd and ARM Germany GmbH. All rights reserved.
License Information: w jc, zx, LIC=8VRJ7-E8HDP-Z9QG9-4SYLR-4VUY3-PI1MN
 
Tool Versions:
Toolchain:       MDK-ARM Plus  Version: 5.38.0.0
Toolchain Path:  C:\Keil_v5\ARM\ARMCLANG\Bin
C Compiler:      ArmClang.exe V6.19
Assembler:       Armasm.exe V6.19
Linker/Locator:  ArmLink.exe V6.19
Library Manager: ArmAr.exe V6.19
Hex Converter:   FromElf.exe V6.19
CPU DLL:         SARMCM3.DLL V5.38.0.0
Dialog DLL:      DCM.DLL V1.17.5.0
Target DLL:      Segger\JL2CM3.dll V2.99.42.0
Dialog DLL:      TCM.DLL V1.56.4.0
 
<h2>Project:</h2>
D:\m0m4_sdk\ls\sccc9xx_sdk_0.75.3\examples\sccc9xx\uart\uart_polling\MDK\uvision5\uart_polling.uvprojx
Project File Date:  08/02/2023

<h2>Output:</h2>
*** Using Compiler 'V6.19', folder: 'C:\Keil_v5\ARM\ARMCLANG\Bin'
Build target 'uart_polling'
Before Build - User command #1: D:\m0m4_sdk\ls\sccc9xx_sdk_0.75.3\tools\before_make.bat
D:\m0m4_sdk\ls\sccc9xx_sdk_0.75.3\examples\sccc9xx\uart\uart_polling\MDK\uvision5>\tools\srec_cat.exe -o .\UVBuild\info_head.bin -bin -gen 0 12 -repd 0x3c 0x3c 0xa5 0xa5 0xc3 0xc3 0x5a 0x5a 0x20 0x00 0x00 0x00 -gen 12 16 -constle -l \soc\arm_cm\sccc9xx\bin\bram.bin -bin 4 -gen 16 20 -constle 0x20001000 4 -gen 20 24 -constle 0xffffffff 4 -gen 24 26 -constle 0x0000 2 -cbnle 26 2 2 
系统找不到指定的路径。
D:\m0m4_sdk\ls\sccc9xx_sdk_0.75.3\examples\sccc9xx\uart\uart_polling\MDK\uvision5>\tools\srec_cat.exe -o .\UVBuild\info_sbl.bin -bin .\UVBuild\info_head.bin -bin -crc32le 28 \soc\arm_cm\sccc9xx\bin\bram.bin -bin -of 32 -crc32le -max-a \soc\arm_cm\sccc9xx\bin\bram.bin -bin -of 32 
系统找不到指定的路径。
D:\m0m4_sdk\ls\sccc9xx_sdk_0.75.3\examples\sccc9xx\uart\uart_polling\MDK\uvision5>\tools\srec_cat.exe -o \soc\arm_cm\sccc9xx\__info_array.c -c-a __info_array .\UVBuild\info_sbl.bin -bin 
系统找不到指定的路径。
compiling main.c...
linking...
Program Size: Code=8010 RO-data=930 RW-data=4 ZI-data=2572  
".\UVBuild\uart_polling.axf" - 0 Error(s), 0 Warning(s).

<h2>Software Packages used:</h2>

Package Vendor: Sgchip.sccc9xx
                
                Sgchip.sccc9xx.DFP.1.0.0
                ECxxxx Series Device Support, Drivers and Examples

<h2>Collection of Component include folders:</h2>
  C:/Users/Administrator/AppData/Local/Arm/Packs/Sgchip.sccc9xx/DFP/1.0.0/Device/ARM/ARMCM4/Include

<h2>Collection of Component Files used:</h2>
Build Time Elapsed:  00:00:01
</pre>
</body>
</html>
